<html>
<body>
<pre>
<h1>礦ision Build Log</h1>
<h2>Tool Versions:</h2>
IDE-Version: μVision V5.25.2.0
Copyright (C) 2018 ARM Ltd and ARM Germany GmbH. All rights reserved.
License Information: 1 1, 1, LIC=IK19U-S4M5H-AQE0M-XEIAX-U8XH2-DTFL6
 
Tool Versions:
Toolchain:       MDK-ARM Plus  Version: 5.25.2.0
Toolchain Path:  D:\Software\Keil_v5\ARM\ARMCC\Bin
C Compiler:      Armcc.exe V5.06 update 6 (build 750)
Assembler:       Armasm.exe V5.06 update 6 (build 750)
Linker/Locator:  ArmLink.exe V5.06 update 6 (build 750)
Library Manager: ArmAr.exe V5.06 update 6 (build 750)
Hex Converter:   FromElf.exe V5.06 update 6 (build 750)
CPU DLL:         SARMCM3.DLL V5.25.2.0
Dialog DLL:      DCM.DLL V1.17.1.0
Target DLL:      CMSIS_AGDI.dll V1.29.10.0
Dialog DLL:      TCM.DLL V1.35.1.0
 
<h2>Project:</h2>
D:\项目\厨联项目\项目代码\GD32F30x_Demo_Suites_V2.4.3_release\GD32307C_EVAL_Demo_Suites\Project\25_CHULIAN_0426\Projects\FreeRTOS_tcpudp\MDK-ARM\GD32307C_EVAL.uvprojx
Project File Date:  04/28/2024

<h2>Output:</h2>
*** Using Compiler 'V5.06 update 6 (build 750)', folder: 'D:\Software\Keil_v5\ARM\ARMCC\Bin'
Rebuild target 'GD32F307C_EVAL'
compiling protocol_modbus.c...
..\src\protocol_modbus.c(106): warning:  #550-D: variable "address"  was set but never used
      uint8_t address, function_code, byte_count;
..\src\protocol_modbus.c(106): warning:  #550-D: variable "function_code"  was set but never used
      uint8_t address, function_code, byte_count;
..\src\protocol_modbus.c: 2 warnings, 0 errors
compiling protocol_usart.c...
compiling udp_echo.c...
compiling gd32f30x_it.c...
compiling main.c...
compiling tcp_client.c...
compiling protocol_i2c.c...
compiling gd32f30x_enet_eval.c...
compiling module_key.c...
compiling module_led.c...
compiling module_display.c...
compiling module_adc.c...
compiling module_audio.c...
..\src\module_audio.c(349): warning:  #111-D: statement is unreachable
      case 5: return beep_set(RESET);     break;
..\src\module_audio.c: 1 warning, 0 errors
compiling module_rtc.c...
compiling module_gd25qxx.c...
compiling app_telnet.c...
compiling app_ota.c...
compiling app_netconf.c...
compiling app_mqtt.c...
..\src\app_mqtt.c(196): warning:  #550-D: variable "rc"  was set but never used
                  int rc;
..\src\app_mqtt.c(96): warning:  #550-D: variable "rc"  was set but never used
      int rc = 0;
..\src\app_mqtt.c: 2 warnings, 0 errors
compiling app_configure.c...
compiling app_service_console.c...
compiling MQTTConnectClient.c...
compiling app_rs485net.c...
compiling MQTTConnectServer.c...
compiling MQTTFormat.c...
compiling MQTTDeserializePublish.c...
compiling MQTTPacket.c...
compiling MQTTSerializePublish.c...
compiling MQTTSubscribeClient.c...
compiling MQTTSubscribeServer.c...
compiling MQTTUnsubscribeClient.c...
compiling MQTTUnsubscribeServer.c...
compiling app_format.c...
..\src\app_format.c(177): warning:  #550-D: variable "dhlr_warn_delayValueEnd"  was set but never used
      char *dhlr_warn_delayValueEnd;
..\src\app_format.c(181): warning:  #550-D: variable "alarm_delayValueEnd"  was set but never used
      char *alarm_delayValueEnd;
..\src\app_format.c(185): warning:  #550-D: variable "alarm_timeValueEnd"  was set but never used
      char *alarm_timeValueEnd;
..\src\app_format.c(189): warning:  #550-D: variable "warn_timeValueEnd"  was set but never used
      char *warn_timeValueEnd;
..\src\app_format.c(193): warning:  #550-D: variable "warn_tempValueEnd"  was set but never used
      char *warn_tempValueEnd;
..\src\app_format.c(197): warning:  #550-D: variable "alarm_tempValueEnd"  was set but never used
      char *alarm_tempValueEnd;
..\src\app_format.c(201): warning:  #550-D: variable "dh_electricityValueEnd"  was set but never used
      char *dh_electricityValueEnd;
..\src\app_format.c(205): warning:  #550-D: variable "release_alarmValueEnd"  was set but never used
      char *release_alarmValueEnd;
..\src\app_format.c(209): warning:  #550-D: variable "break_delayValueEnd"  was set but never used
      char *break_delayValueEnd;
..\src\app_format.c(213): warning:  #550-D: variable "sound_sizeValueEnd"  was set but never used
      char *sound_sizeValueEnd;
..\src\app_format.c(217): warning:  #550-D: variable "alarm_gasValueEnd"  was set but never used
      char *alarm_gasValueEnd;
..\src\app_format.c(221): warning:  #550-D: variable "alarm_smokeValueEnd"  was set but never used
      char *alarm_smokeValueEnd;
..\src\app_format.c(225): warning:  #550-D: variable "heart_frequencyValueEnd"  was set but never used
      char *heart_frequencyValueEnd;
..\src\app_format.c: 13 warnings, 0 errors
compiling transport.c...
compiling gd32f30x_adc.c...
compiling gd32f30x_crc.c...
compiling gd32f30x_bkp.c...
compiling tcp_server.c...
compiling gd32f30x_ctc.c...
compiling system_gd32f30x.c...
compiling gd32f30x_dac.c...
compiling gd32f30x_dma.c...
compiling gd32f30x_dbg.c...
compiling gd32f30x_exti.c...
compiling gd32f30x_exmc.c...
compiling gd32f30x_fmc.c...
compiling gd32f30x_enet.c...
compiling gd32f30x_fwdgt.c...
compiling gd32f30x_pmu.c...
compiling gd32f30x_i2c.c...
compiling gd32f30x_misc.c...
compiling gd32f30x_rcu.c...
compiling gd32f30x_rtc.c...
compiling gd32f30x_gpio.c...
compiling gd32f30x_usart.c...
compiling gd32f307c_eval.c...
compiling gd32f30x_spi.c...
compiling gd32f30x_wwdgt.c...
compiling gd32f30x_timer.c...
compiling init.c...
compiling dns.c...
compiling lwip_timers.c...
compiling dhcp.c...
compiling gd32f30x_sdio.c...
assembling startup_gd32f30x_cl.s...
compiling def.c...
compiling netif.c...
compiling raw.c...
compiling mem.c...
compiling memp.c...
compiling sys.c...
compiling pbuf.c...
compiling autoip.c...
compiling tcp_out.c...
..\..\..\Third_party\lwip-1.4.1\src\core\tcp_out.c(845): warning:  #550-D: variable "tcphdr"  was set but never used
    struct tcp_hdr *tcphdr;
..\..\..\Third_party\lwip-1.4.1\src\core\tcp_out.c(1367): warning:  #550-D: variable "tcphdr"  was set but never used
    struct tcp_hdr *tcphdr;
..\..\..\Third_party\lwip-1.4.1\src\core\tcp_out.c: 2 warnings, 0 errors
compiling udp.c...
compiling stats.c...
compiling icmp.c...
compiling tcp.c...
compiling tcp_in.c...
compiling igmp.c...
compiling inet.c...
compiling inet_chksum.c...
compiling ip_addr.c...
compiling ip.c...
compiling err.c...
compiling ip_frag.c...
compiling netbuf.c...
compiling api_lib.c...
compiling netdb.c...
compiling api_msg.c...
compiling netifapi.c...
compiling tcpip.c...
compiling etharp.c...
compiling croutine.c...
compiling sys_arch.c...
compiling event_groups.c...
compiling sockets.c...
compiling list.c...
compiling heap_2.c...
compiling timers.c...
compiling tasks.c...
compiling port.c...
compiling ethernetif.c...
compiling queue.c...
linking...
Program Size: Code=95864 RO-data=2496 RW-data=904 ZI-data=76904  
FromELF: creating hex file...
After Build - User command #1: fromelf --bin --output .\output\GD32307C_EVAL.bin .\output\GD32307C_EVAL.axf
".\output\GD32307C_EVAL.axf" - 0 Error(s), 20 Warning(s).

<h2>Software Packages used:</h2>

Package Vendor: ARM
                http://www.keil.com/pack/ARM.CMSIS.5.3.0.pack
                ARM.CMSIS.5.3.0
                CMSIS (Cortex Microcontroller Software Interface Standard)
   * Component: CORE Version: 5.1.1

Package Vendor: GigaDevice
                https://gd32mcu.com/data/documents/pack/GigaDevice.GD32F30x_DFP.2.2.1.pack
                GigaDevice.GD32F30x_DFP.2.2.1
                GigaDevice GD32F30x Series Device Support and Examples

<h2>Collection of Component include folders:</h2>
  .\RTE\_GD32F307C_EVAL
  D:\Software\Keil_v5\ARM\PACK\ARM\CMSIS\5.3.0\CMSIS\Include
  D:\Software\Keil_v5\ARM\PACK\GigaDevice\GD32F30x_DFP\2.2.1\Device\Include

<h2>Collection of Component Files used:</h2>

   * Component: ARM::CMSIS:CORE:5.1.1
Build Time Elapsed:  00:00:29
</pre>
</body>
</html>
