<html>
<body>
<pre>
<h1>礦ision Build Log</h1>
<h2>Tool Versions:</h2>
IDE-Version: μVision V5.30.0.0
Copyright (C) 2020 ARM Ltd and ARM Germany GmbH. All rights reserved.
License Information: he yongtao, 狄拍科技有限公司, LIC=PE7DL-0IE22-9UA4U-S5A0A-4XURB-RHUEE
 
Tool Versions:
Toolchain:       MDK-ARM Plus  Version: 5.30.0.0
Toolchain Path:  E:\keil_v5\ARM\ARMCC\Bin
C Compiler:      Armcc.exe V5.06 update 6 (build 750)
Assembler:       Armasm.exe V5.06 update 6 (build 750)
Linker/Locator:  ArmLink.exe V5.06 update 6 (build 750)
Library Manager: ArmAr.exe V5.06 update 6 (build 750)
Hex Converter:   FromElf.exe V5.06 update 6 (build 750)
CPU DLL:         SARMCM3.DLL V5.30.0.0
Dialog DLL:      DCM.DLL V1.17.3.0
Target DLL:      CMSIS_AGDI.dll V1.32.5.0
Dialog DLL:      TCM.DLL V1.42.0.0
 
<h2>Project:</h2>
G:\GD32F307X\GD32F30x_Demo_Suites_V2.4.3_release\GD32307C_EVAL_Demo_Suites\Project\25_CHULIAN_0314\Projects\FreeRTOS_tcpudp\MDK-ARM\GD32307C_EVAL.uvprojx
Project File Date:  03/11/2024

<h2>Output:</h2>
*** Using Compiler 'V5.06 update 6 (build 750)', folder: 'E:\keil_v5\ARM\ARMCC\Bin'
Build target 'GD32F307C_EVAL'
compiling app_rs485net.c...
linking...
Program Size: Code=80544 RO-data=2100 RW-data=760 ZI-data=74848  
FromELF: creating hex file...
After Build - User command #1: fromelf --bin --output .\output\GD32307C_EVAL.bin .\output\GD32307C_EVAL.axf
".\output\GD32307C_EVAL.axf" - 0 Error(s), 0 Warning(s).

<h2>Software Packages used:</h2>

Package Vendor: ARM
                http://www.keil.com/pack/ARM.CMSIS.5.7.0.pack
                ARM.CMSIS.5.7.0
                CMSIS (Cortex Microcontroller Software Interface Standard)
   * Component: CORE Version: 5.4.0

Package Vendor: GigaDevice
                https://gd32mcu.com/data/documents/pack/GigaDevice.GD32F30x_DFP.2.2.3.pack
                GigaDevice.GD32F30x_DFP.2.2.3
                GigaDevice GD32F30x Series Device Support and Examples

<h2>Collection of Component include folders:</h2>
  .\RTE\_GD32F307C_EVAL
  E:\keil_v5_packs\ARM\CMSIS\5.7.0\CMSIS\Core\Include
  E:\keil_v5_packs\GigaDevice\GD32F30x_DFP\2.2.3\Device\Include

<h2>Collection of Component Files used:</h2>

   * Component: ARM::CMSIS:CORE:5.4.0
Build Time Elapsed:  00:00:08
</pre>
</body>
</html>
