Component: ARM Compiler 5.06 update 6 (build 750) Tool: armlink [4d35ed]

==============================================================================

Section Cross References

    main.o(i.delay_10ms) refers to main.o(.data) for g_localtime
    main.o(i.lwip_netif_status_callback) refers to hello_gigadevice.o(i.hello_gigadevice_init) for hello_gigadevice_init
    main.o(i.lwip_netif_status_callback) refers to tcp_client.o(i.tcp_client_init) for tcp_client_init
    main.o(i.lwip_netif_status_callback) refers to udp_echo.o(i.udp_echo_init) for udp_echo_init
    main.o(i.main) refers to gd32f30x_enet_eval.o(i.enet_system_setup) for enet_system_setup
    main.o(i.main) refers to gd32f30x_enet.o(i.enet_phy_write_read) for enet_phy_write_read
    main.o(i.main) refers to netconf.o(i.lwip_stack_init) for lwip_stack_init
    main.o(i.main) refers to gd32f30x_enet.o(i.enet_rxframe_size_get) for enet_rxframe_size_get
    main.o(i.main) refers to netconf.o(i.lwip_pkt_handle) for lwip_pkt_handle
    main.o(i.main) refers to netconf.o(i.lwip_periodic_handle) for lwip_periodic_handle
    main.o(i.main) refers to main.o(.data) for phy_value1
    main.o(i.time_update) refers to main.o(.data) for g_localtime
    netconf.o(i.lwip_periodic_handle) refers to tcp.o(i.tcp_tmr) for tcp_tmr
    netconf.o(i.lwip_periodic_handle) refers to etharp.o(i.etharp_tmr) for etharp_tmr
    netconf.o(i.lwip_periodic_handle) refers to netconf.o(.data) for tcp_timer
    netconf.o(i.lwip_pkt_handle) refers to ethernetif.o(i.ethernetif_input) for ethernetif_input
    netconf.o(i.lwip_pkt_handle) refers to netconf.o(.bss) for g_mynetif
    netconf.o(i.lwip_stack_init) refers to mem.o(i.mem_init) for mem_init
    netconf.o(i.lwip_stack_init) refers to memp.o(i.memp_init) for memp_init
    netconf.o(i.lwip_stack_init) refers to netif.o(i.netif_add) for netif_add
    netconf.o(i.lwip_stack_init) refers to netif.o(i.netif_set_default) for netif_set_default
    netconf.o(i.lwip_stack_init) refers to netif.o(i.netif_set_status_callback) for netif_set_status_callback
    netconf.o(i.lwip_stack_init) refers to netif.o(i.netif_set_up) for netif_set_up
    netconf.o(i.lwip_stack_init) refers to etharp.o(i.ethernet_input) for ethernet_input
    netconf.o(i.lwip_stack_init) refers to ethernetif.o(i.ethernetif_init) for ethernetif_init
    netconf.o(i.lwip_stack_init) refers to netconf.o(.bss) for g_mynetif
    netconf.o(i.lwip_stack_init) refers to main.o(i.lwip_netif_status_callback) for lwip_netif_status_callback
    netconf.o(i.sys_now) refers to main.o(.data) for g_localtime
    hello_gigadevice.o(i.hello_gigadevice_accept) refers to printf3.o(i.__0printf$3) for __2printf
    hello_gigadevice.o(i.hello_gigadevice_accept) refers to printf3.o(i.__0sprintf$3) for __2sprintf
    hello_gigadevice.o(i.hello_gigadevice_accept) refers to mem.o(i.mem_calloc) for mem_calloc
    hello_gigadevice.o(i.hello_gigadevice_accept) refers to tcp.o(i.tcp_arg) for tcp_arg
    hello_gigadevice.o(i.hello_gigadevice_accept) refers to tcp.o(i.tcp_err) for tcp_err
    hello_gigadevice.o(i.hello_gigadevice_accept) refers to tcp.o(i.tcp_recv) for tcp_recv
    hello_gigadevice.o(i.hello_gigadevice_accept) refers to strlen.o(.text) for strlen
    hello_gigadevice.o(i.hello_gigadevice_accept) refers to tcp_out.o(i.tcp_write) for tcp_write
    hello_gigadevice.o(i.hello_gigadevice_accept) refers to hello_gigadevice.o(.conststring) for .conststring
    hello_gigadevice.o(i.hello_gigadevice_accept) refers to hello_gigadevice.o(i.hello_gigadevice_conn_err) for hello_gigadevice_conn_err
    hello_gigadevice.o(i.hello_gigadevice_accept) refers to hello_gigadevice.o(i.hello_gigadevice_recv) for hello_gigadevice_recv
    hello_gigadevice.o(i.hello_gigadevice_accept) refers to gd32f30x_enet_eval.o(.constdata) for gd32_str
    hello_gigadevice.o(i.hello_gigadevice_conn_err) refers to mem.o(i.mem_free) for mem_free
    hello_gigadevice.o(i.hello_gigadevice_init) refers to tcp.o(i.tcp_new) for tcp_new
    hello_gigadevice.o(i.hello_gigadevice_init) refers to tcp.o(i.tcp_bind) for tcp_bind
    hello_gigadevice.o(i.hello_gigadevice_init) refers to tcp.o(i.tcp_listen_with_backlog) for tcp_listen_with_backlog
    hello_gigadevice.o(i.hello_gigadevice_init) refers to tcp.o(i.tcp_accept) for tcp_accept
    hello_gigadevice.o(i.hello_gigadevice_init) refers to ip_addr.o(.constdata) for ip_addr_any
    hello_gigadevice.o(i.hello_gigadevice_init) refers to hello_gigadevice.o(i.hello_gigadevice_accept) for hello_gigadevice_accept
    hello_gigadevice.o(i.hello_gigadevice_recv) refers to tcp.o(i.tcp_recved) for tcp_recved
    hello_gigadevice.o(i.hello_gigadevice_recv) refers to pbuf.o(i.pbuf_free) for pbuf_free
    hello_gigadevice.o(i.hello_gigadevice_recv) refers to tcp_out.o(i.tcp_write) for tcp_write
    hello_gigadevice.o(i.hello_gigadevice_recv) refers to printf3.o(i.__0printf$3) for __2printf
    hello_gigadevice.o(i.hello_gigadevice_recv) refers to mem.o(i.mem_free) for mem_free
[...]
    i.ip_reass_enqueue_new_datagram          0x080043c8   Section        0  ip_frag.o(i.ip_reass_enqueue_new_datagram)
    ip_reass_enqueue_new_datagram            0x080043c9   Thumb Code    84  ip_frag.o(i.ip_reass_enqueue_new_datagram)
    i.ip_reass_free_complete_datagram        0x08004420   Section        0  ip_frag.o(i.ip_reass_free_complete_datagram)
    ip_reass_free_complete_datagram          0x08004421   Thumb Code   274  ip_frag.o(i.ip_reass_free_complete_datagram)
    i.ip_reass_remove_oldest_datagram        0x080045f8   Section        0  ip_frag.o(i.ip_reass_remove_oldest_datagram)
    ip_reass_remove_oldest_datagram          0x080045f9   Thumb Code   118  ip_frag.o(i.ip_reass_remove_oldest_datagram)
    i.ip_route                               0x08004674   Section        0  ip.o(i.ip_route)
    i.ipfrag_free_pbuf_custom                0x080046cc   Section        0  ip_frag.o(i.ipfrag_free_pbuf_custom)
    ipfrag_free_pbuf_custom                  0x080046cd   Thumb Code    76  ip_frag.o(i.ipfrag_free_pbuf_custom)
    i.low_level_init                         0x08004794   Section        0  ethernetif.o(i.low_level_init)
    low_level_init                           0x08004795   Thumb Code   134  ethernetif.o(i.low_level_init)
    i.low_level_input                        0x08004824   Section        0  ethernetif.o(i.low_level_input)
    low_level_input                          0x08004825   Thumb Code    88  ethernetif.o(i.low_level_input)
    i.low_level_output                       0x08004880   Section        0  ethernetif.o(i.low_level_output)
    low_level_output                         0x08004881   Thumb Code    76  ethernetif.o(i.low_level_output)
    i.lwip_htonl                             0x080048d0   Section        0  def.o(i.lwip_htonl)
    i.lwip_htons                             0x080048ea   Section        0  def.o(i.lwip_htons)
    i.lwip_netif_status_callback             0x080048f6   Section        0  main.o(i.lwip_netif_status_callback)
    i.lwip_ntohl                             0x08004912   Section        0  def.o(i.lwip_ntohl)
    i.lwip_ntohs                             0x0800491e   Section        0  def.o(i.lwip_ntohs)
    i.lwip_periodic_handle                   0x0800492c   Section        0  netconf.o(i.lwip_periodic_handle)
    i.lwip_pkt_handle                        0x08004968   Section        0  netconf.o(i.lwip_pkt_handle)
    i.lwip_stack_init                        0x08004978   Section        0  netconf.o(i.lwip_stack_init)
    i.lwip_standard_chksum                   0x080049dc   Section        0  inet_chksum.o(i.lwip_standard_chksum)
    lwip_standard_chksum                     0x080049dd   Thumb Code    94  inet_chksum.o(i.lwip_standard_chksum)
    i.main                                   0x08004a3c   Section        0  main.o(i.main)
    i.mem_calloc                             0x08004a80   Section        0  mem.o(i.mem_calloc)
    i.mem_free                               0x08004aa4   Section        0  mem.o(i.mem_free)
    i.mem_init                               0x08004bfc   Section        0  mem.o(i.mem_init)
    i.mem_malloc                             0x08004c58   Section        0  mem.o(i.mem_malloc)
    i.mem_trim                               0x08004ed4   Section        0  mem.o(i.mem_trim)
    i.memp_free                              0x080050ac   Section        0  memp.o(i.memp_free)
    i.memp_init                              0x08005168   Section        0  memp.o(i.memp_init)
    i.memp_malloc                            0x080051cc   Section        0  memp.o(i.memp_malloc)
    i.netif_add                              0x080052cc   Section        0  netif.o(i.netif_add)
    i.netif_set_addr                         0x080053e4   Section        0  netif.o(i.netif_set_addr)
    i.netif_set_default                      0x0800540c   Section        0  netif.o(i.netif_set_default)
    i.netif_set_gw                           0x0800541c   Section        0  netif.o(i.netif_set_gw)
    i.netif_set_ipaddr                       0x0800542c   Section        0  netif.o(i.netif_set_ipaddr)
    i.netif_set_netmask                      0x080054b0   Section        0  netif.o(i.netif_set_netmask)
    i.netif_set_status_callback              0x080054c0   Section        0  netif.o(i.netif_set_status_callback)
    i.netif_set_up                           0x080054c6   Section        0  netif.o(i.netif_set_up)
    i.pbuf_alloc                             0x0800550c   Section        0  pbuf.o(i.pbuf_alloc)
    i.pbuf_alloced_custom                    0x0800593c   Section        0  pbuf.o(i.pbuf_alloced_custom)
    i.pbuf_cat                               0x08005a50   Section        0  pbuf.o(i.pbuf_cat)
    i.pbuf_chain                             0x08005ba4   Section        0  pbuf.o(i.pbuf_chain)
    i.pbuf_clen                              0x08005bbe   Section        0  pbuf.o(i.pbuf_clen)
    i.pbuf_copy                              0x08005bd0   Section        0  pbuf.o(i.pbuf_copy)
    i.pbuf_copy_partial                      0x08005e14   Section        0  pbuf.o(i.pbuf_copy_partial)
    i.pbuf_free                              0x08005f6c   Section        0  pbuf.o(i.pbuf_free)
    i.pbuf_header                            0x08006130   Section        0  pbuf.o(i.pbuf_header)
    i.pbuf_realloc                           0x08006290   Section        0  pbuf.o(i.pbuf_realloc)
    i.pbuf_ref                               0x08006464   Section        0  pbuf.o(i.pbuf_ref)
    i.plug_holes                             0x08006470   Section        0  mem.o(i.plug_holes)
    plug_holes                               0x08006471   Thumb Code   220  mem.o(i.plug_holes)
    i.raw_input                              0x08006630   Section        0  raw.o(i.raw_input)
    i.rcu_ckout0_config                      0x080066a4   Section        0  gd32f30x_rcu.o(i.rcu_ckout0_config)
    i.rcu_clock_freq_get                     0x080066bc   Section        0  gd32f30x_rcu.o(i.rcu_clock_freq_get)
    i.rcu_flag_get                           0x0800685c   Section        0  gd32f30x_rcu.o(i.rcu_flag_get)
    i.rcu_osci_on                            0x08006880   Section        0  gd32f30x_rcu.o(i.rcu_osci_on)
    i.rcu_osci_stab_wait                     0x080068a0   Section        0  gd32f30x_rcu.o(i.rcu_osci_stab_wait)
    i.rcu_periph_clock_enable                0x080069f8   Section        0  gd32f30x_rcu.o(i.rcu_periph_clock_enable)
    i.rcu_periph_reset_disable               0x08006a18   Section        0  gd32f30x_rcu.o(i.rcu_periph_reset_disable)
    i.rcu_periph_reset_enable                0x08006a38   Section        0  gd32f30x_rcu.o(i.rcu_periph_reset_enable)
    i.rcu_pll2_config                        0x08006a58   Section        0  gd32f30x_rcu.o(i.rcu_pll2_config)
    i.sys_timeout                            0x08006a74   Section        0  lwip_timers.o(i.sys_timeout)
    i.system_clock_120m_hxtal                0x08006bcc   Section        0  system_gd32f30x.o(i.system_clock_120m_hxtal)
    system_clock_120m_hxtal                  0x08006bcd   Thumb Code   286  system_gd32f30x.o(i.system_clock_120m_hxtal)
    i.system_clock_config                    0x08006d04   Section        0  system_gd32f30x.o(i.system_clock_config)
    system_clock_config                      0x08006d05   Thumb Code     8  system_gd32f30x.o(i.system_clock_config)
    i.systick_clksource_set                  0x08006d0c   Section        0  gd32f30x_misc.o(i.systick_clksource_set)
    i.tcp_abandon                            0x08006d34   Section        0  tcp.o(i.tcp_abandon)
    i.tcp_abort                              0x08006e74   Section        0  tcp.o(i.tcp_abort)
    i.tcp_accept                             0x08006e82   Section        0  tcp.o(i.tcp_accept)
    i.tcp_accept_null                        0x08006e86   Section        0  tcp.o(i.tcp_accept_null)
    tcp_accept_null                          0x08006e87   Thumb Code     8  tcp.o(i.tcp_accept_null)
    i.tcp_alloc                              0x08006e90   Section        0  tcp.o(i.tcp_alloc)
    i.tcp_arg                                0x08006f54   Section        0  tcp.o(i.tcp_arg)
    i.tcp_bind                               0x08006f58   Section        0  tcp.o(i.tcp_bind)
    i.tcp_client_connected                   0x0800708c   Section        0  tcp_client.o(i.tcp_client_connected)
    tcp_client_connected                     0x0800708d   Thumb Code    42  tcp_client.o(i.tcp_client_connected)
    i.tcp_client_init                        0x080070bc   Section        0  tcp_client.o(i.tcp_client_init)
    i.tcp_client_recv                        0x08007124   Section        0  tcp_client.o(i.tcp_client_recv)
    tcp_client_recv                          0x08007125   Thumb Code   156  tcp_client.o(i.tcp_client_recv)
    i.tcp_close                              0x080071c0   Section        0  tcp.o(i.tcp_close)
    i.tcp_close_shutdown                     0x080071dc   Section        0  tcp.o(i.tcp_close_shutdown)
    tcp_close_shutdown                       0x080071dd   Thumb Code   456  tcp.o(i.tcp_close_shutdown)
    i.tcp_connect                            0x08007434   Section        0  tcp.o(i.tcp_connect)
    i.tcp_create_segment                     0x0800762c   Section        0  tcp_out.o(i.tcp_create_segment)
    tcp_create_segment                       0x0800762d   Thumb Code   184  tcp_out.o(i.tcp_create_segment)
    i.tcp_eff_send_mss                       0x080076e4   Section        0  tcp.o(i.tcp_eff_send_mss)
    i.tcp_enqueue_flags                      0x08007714   Section        0  tcp_out.o(i.tcp_enqueue_flags)
    i.tcp_err                                0x080079c4   Section        0  tcp.o(i.tcp_err)
    i.tcp_fasttmr                            0x08007a70   Section        0  tcp.o(i.tcp_fasttmr)
    i.tcp_input                              0x08007af0   Section        0  tcp_in.o(i.tcp_input)
    i.tcp_keepalive                          0x080081b8   Section        0  tcp_out.o(i.tcp_keepalive)
    i.tcp_kill_prio                          0x0800820c   Section        0  tcp.o(i.tcp_kill_prio)
    tcp_kill_prio                            0x0800820d   Thumb Code    80  tcp.o(i.tcp_kill_prio)
    i.tcp_kill_timewait                      0x08008264   Section        0  tcp.o(i.tcp_kill_timewait)
    tcp_kill_timewait                        0x08008265   Thumb Code    54  tcp.o(i.tcp_kill_timewait)
    i.tcp_listen_input                       0x080082a4   Section        0  tcp_in.o(i.tcp_listen_input)
    tcp_listen_input                         0x080082a5   Thumb Code   280  tcp_in.o(i.tcp_listen_input)
    i.tcp_listen_with_backlog                0x080083e0   Section        0  tcp.o(i.tcp_listen_with_backlog)
    i.tcp_new                                0x0800854c   Section        0  tcp.o(i.tcp_new)
    i.tcp_new_port                           0x08008558   Section        0  tcp.o(i.tcp_new_port)
    tcp_new_port                             0x08008559   Thumb Code    96  tcp.o(i.tcp_new_port)
    i.tcp_next_iss                           0x080085c0   Section        0  tcp.o(i.tcp_next_iss)
    i.tcp_output                             0x080085dc   Section        0  tcp_out.o(i.tcp_output)
    i.tcp_output_alloc_header                0x0800886c   Section        0  tcp_out.o(i.tcp_output_alloc_header)
    tcp_output_alloc_header                  0x0800886d   Thumb Code   148  tcp_out.o(i.tcp_output_alloc_header)
    i.tcp_output_segment                     0x08008990   Section        0  tcp_out.o(i.tcp_output_segment)
    tcp_output_segment                       0x08008991   Thumb Code   210  tcp_out.o(i.tcp_output_segment)
    i.tcp_parseopt                           0x08008a68   Section        0  tcp_in.o(i.tcp_parseopt)
    tcp_parseopt                             0x08008a69   Thumb Code   202  tcp_in.o(i.tcp_parseopt)
    i.tcp_pbuf_prealloc                      0x08008b38   Section        0  tcp_out.o(i.tcp_pbuf_prealloc)
    tcp_pbuf_prealloc                        0x08008b39   Thumb Code   142  tcp_out.o(i.tcp_pbuf_prealloc)
    i.tcp_pcb_purge                          0x08008c3c   Section        0  tcp.o(i.tcp_pcb_purge)
    i.tcp_pcb_remove                         0x08008c94   Section        0  tcp.o(i.tcp_pcb_remove)
    i.tcp_process                            0x08008de0   Section        0  tcp_in.o(i.tcp_process)
    tcp_process                              0x08008de1   Thumb Code  1668  tcp_in.o(i.tcp_process)
    i.tcp_process_refused_data               0x08009480   Section        0  tcp.o(i.tcp_process_refused_data)
    i.tcp_receive                            0x08009514   Section        0  tcp_in.o(i.tcp_receive)
    tcp_receive                              0x08009515   Thumb Code  2176  tcp_in.o(i.tcp_receive)
    i.tcp_recv                               0x08009e4c   Section        0  tcp.o(i.tcp_recv)
    i.tcp_recv_null                          0x08009ef8   Section        0  tcp.o(i.tcp_recv_null)
    i.tcp_recved                             0x08009f28   Section        0  tcp.o(i.tcp_recved)
    i.tcp_rexmit                             0x0800a050   Section        0  tcp_out.o(i.tcp_rexmit)
    i.tcp_rexmit_fast                        0x0800a0aa   Section        0  tcp_out.o(i.tcp_rexmit_fast)
    i.tcp_rexmit_rto                         0x0800a122   Section        0  tcp_out.o(i.tcp_rexmit_rto)
    i.tcp_rst                                0x0800a15c   Section        0  tcp_out.o(i.tcp_rst)
    i.tcp_seg_free                           0x0800a288   Section        0  tcp.o(i.tcp_seg_free)
    i.tcp_segs_free                          0x0800a2a2   Section        0  tcp.o(i.tcp_segs_free)
    i.tcp_send_empty_ack                     0x0800a2ba   Section        0  tcp_out.o(i.tcp_send_empty_ack)
    i.tcp_send_fin                           0x0800a310   Section        0  tcp_out.o(i.tcp_send_fin)
    i.tcp_slowtmr                            0x0800a35c   Section        0  tcp.o(i.tcp_slowtmr)
    i.tcp_timer_needed                       0x0800a95c   Section        0  lwip_timers.o(i.tcp_timer_needed)
    i.tcp_timewait_input                     0x0800a994   Section        0  tcp_in.o(i.tcp_timewait_input)
    tcp_timewait_input                       0x0800a995   Thumb Code   140  tcp_in.o(i.tcp_timewait_input)
    i.tcp_tmr                                0x0800aa40   Section        0  tcp.o(i.tcp_tmr)
    i.tcp_update_rcv_ann_wnd                 0x0800aa64   Section        0  tcp.o(i.tcp_update_rcv_ann_wnd)
    i.tcp_write                              0x0800ab44   Section        0  tcp_out.o(i.tcp_write)
    i.tcp_write_checks                       0x0800b26c   Section        0  tcp_out.o(i.tcp_write_checks)
    tcp_write_checks                         0x0800b26d   Thumb Code   192  tcp_out.o(i.tcp_write_checks)
    i.tcp_zero_window_probe                  0x0800b3fc   Section        0  tcp_out.o(i.tcp_zero_window_probe)
    i.tcpip_tcp_timer                        0x0800b4b0   Section        0  lwip_timers.o(i.tcpip_tcp_timer)
    tcpip_tcp_timer                          0x0800b4b1   Thumb Code    40  lwip_timers.o(i.tcpip_tcp_timer)
    i.time_update                            0x0800b4e8   Section        0  main.o(i.time_update)
    i.udp_bind                               0x0800b4f8   Section        0  udp.o(i.udp_bind)
    i.udp_echo_init                          0x0800b610   Section        0  udp_echo.o(i.udp_echo_init)
    i.udp_echo_recv                          0x0800b638   Section        0  udp_echo.o(i.udp_echo_recv)
    udp_echo_recv                            0x0800b639   Thumb Code    42  udp_echo.o(i.udp_echo_recv)
    i.udp_input                              0x0800b664   Section        0  udp.o(i.udp_input)
    i.udp_new                                0x0800b8f4   Section        0  udp.o(i.udp_new)
    i.udp_new_port                           0x0800b910   Section        0  udp.o(i.udp_new_port)
    udp_new_port                             0x0800b911   Thumb Code    80  udp.o(i.udp_new_port)
    i.udp_recv                               0x0800b968   Section        0  udp.o(i.udp_recv)
    i.udp_sendto                             0x0800b96e   Section        0  udp.o(i.udp_sendto)
    i.udp_sendto_if                          0x0800b9a4   Section        0  udp.o(i.udp_sendto_if)
    .constdata                               0x0800bb38   Section       50  gd32f30x_enet_eval.o(.constdata)
    .constdata                               0x0800bb6a   Section       40  memp.o(.constdata)
    memp_sizes                               0x0800bb6a   Data          20  memp.o(.constdata)
    memp_num                                 0x0800bb7e   Data          20  memp.o(.constdata)
    .constdata                               0x0800bb94   Section       80  tcp.o(.constdata)
    .constdata                               0x0800bbe4   Section        8  ip_addr.o(.constdata)
    .constdata                               0x0800bbec   Section       12  etharp.o(.constdata)
    .conststring                             0x0800bbf8   Section      174  hello_gigadevice.o(.conststring)
    .conststring                             0x0800bca8   Section       72  dhcp.o(.conststring)
    .conststring                             0x0800bcf0   Section      117  tcp.o(.conststring)
    .conststring                             0x0800bd68   Section       85  tcp_out.o(.conststring)
    .conststring                             0x0800bdc0   Section       68  etharp.o(.conststring)
    .conststring                             0x0800be04   Section       65  ethernetif.o(.conststring)
    .data                                    0x20000000   Section       16  main.o(.data)
    .data                                    0x20000010   Section       12  netconf.o(.data)
    .data                                    0x2000001c   Section        8  gd32f30x_enet_eval.o(.data)
    enet_init_status                         0x2000001c   Data           4  gd32f30x_enet_eval.o(.data)
    .data                                    0x20000024   Section       20  gd32f30x_enet.o(.data)
    enet_unknow_err                          0x20000034   Data           4  gd32f30x_enet.o(.data)
    .data                                    0x20000038   Section        4  dhcp.o(.data)
    xid                                      0x20000038   Data           4  dhcp.o(.data)
    .data                                    0x2000003c   Section       12  lwip_timers.o(.data)
    next_timeout                             0x2000003c   Data           4  lwip_timers.o(.data)
    timeouts_last_time                       0x20000040   Data           4  lwip_timers.o(.data)
    tcpip_tcp_timer_active                   0x20000044   Data           4  lwip_timers.o(.data)
    .data                                    0x20000048   Section       12  mem.o(.data)
    ram                                      0x20000048   Data           4  mem.o(.data)
    ram_end                                  0x2000004c   Data           4  mem.o(.data)
    lfree                                    0x20000050   Data           4  mem.o(.data)
    .data                                    0x20000054   Section        9  netif.o(.data)
    netif_num                                0x2000005c   Data           1  netif.o(.data)
    .data                                    0x20000060   Section        4  raw.o(.data)
    raw_pcbs                                 0x20000060   Data           4  raw.o(.data)
    .data                                    0x20000064   Section       36  tcp.o(.data)
    tcp_port                                 0x20000064   Data           2  tcp.o(.data)
    tcp_timer                                0x20000081   Data           1  tcp.o(.data)
    tcp_timer_ctr                            0x20000082   Data           1  tcp.o(.data)
    iss                                      0x20000084   Data           4  tcp.o(.data)
    .data                                    0x20000088   Section       32  tcp_in.o(.data)
    tcphdr                                   0x20000088   Data           4  tcp_in.o(.data)
    iphdr                                    0x2000008c   Data           4  tcp_in.o(.data)
    seqno                                    0x20000090   Data           4  tcp_in.o(.data)
    ackno                                    0x20000094   Data           4  tcp_in.o(.data)
    flags                                    0x20000098   Data           1  tcp_in.o(.data)
    tcplen                                   0x2000009a   Data           2  tcp_in.o(.data)
    recv_flags                               0x2000009c   Data           1  tcp_in.o(.data)
    recv_data                                0x200000a0   Data           4  tcp_in.o(.data)
    .data                                    0x200000a8   Section        8  udp.o(.data)
    udp_port                                 0x200000a8   Data           2  udp.o(.data)
    .data                                    0x200000b0   Section       18  ip.o(.data)
    ip_id                                    0x200000c0   Data           2  ip.o(.data)
    .data                                    0x200000c4   Section        6  ip_frag.o(.data)
    reassdatagrams                           0x200000c4   Data           4  ip_frag.o(.data)
    ip_reass_pbufcount                       0x200000c8   Data           2  ip_frag.o(.data)
    .data                                    0x200000ca   Section        1  etharp.o(.data)
    etharp_cached_entry                      0x200000ca   Data           1  etharp.o(.data)
    .data                                    0x200000cc   Section        4  stdout.o(.data)
    .bss                                     0x200000d0   Section       56  netconf.o(.bss)
    .bss                                     0x20000108   Section    15460  gd32f30x_enet.o(.bss)
    enet_initpara                            0x20003d30   Data          60  gd32f30x_enet.o(.bss)
    .bss                                     0x20003d6c   Section    20500  mem.o(.bss)
    .bss                                     0x20008d80   Section    18235  memp.o(.bss)
    memp_tab                                 0x20008d80   Data          40  memp.o(.bss)
    memp_memory                              0x20008da8   Data       18195  memp.o(.bss)
    .bss                                     0x2000d4bc   Section       20  tcp_in.o(.bss)
    inseg                                    0x2000d4bc   Data          20  tcp_in.o(.bss)
    .bss                                     0x2000d4d0   Section      200  etharp.o(.bss)
    arp_table                                0x2000d4d0   Data         200  etharp.o(.bss)
    STACK                                    0x2000d598   Section     1024  startup_gd32f30x_cl.o(STACK)

    Global Symbols

    Symbol Name                              Value     Ov Type        Size  Object(Section)

    BuildAttributes$$THM_ISAv4$E$P$D$K$B$S$7EM$VFPi3$EXTD16$VFPS$VFMA$PE$A:L22UL41UL21$X:L11$S22US41US21$IEEE1$IW$USESV6$~STKCKD$USESV7$~SHL$OSPACE$ROPI$EBA8$MICROLIB$REQ8$PRES8$EABIv2 0x00000000   Number         0  anon$$obj.o ABSOLUTE
    __ARM_use_no_argv                        0x00000000   Number         0  main.o ABSOLUTE
    _printf_a                                0x00000000   Number         0  stubs.o ABSOLUTE
    _printf_c                                0x00000000   Number         0  stubs.o ABSOLUTE
    _printf_charcount                        0x00000000   Number         0  stubs.o ABSOLUTE
    _printf_d                                0x00000000   Number         0  stubs.o ABSOLUTE
    _printf_e                                0x00000000   Number         0  stubs.o ABSOLUTE
    _printf_f                                0x00000000   Number         0  stubs.o ABSOLUTE
    _printf_flags                            0x00000000   Number         0  stubs.o ABSOLUTE
    _printf_fp_dec                           0x00000000   Number         0  stubs.o ABSOLUTE
    _printf_fp_hex                           0x00000000   Number         0  stubs.o ABSOLUTE
    _printf_g                                0x00000000   Number         0  stubs.o ABSOLUTE
    _printf_i                                0x00000000   Number         0  stubs.o ABSOLUTE
    _printf_int_dec                          0x00000000   Number         0  stubs.o ABSOLUTE
    _printf_l                                0x00000000   Number         0  stubs.o ABSOLUTE
    _printf_lc                               0x00000000   Number         0  stubs.o ABSOLUTE
    _printf_ll                               0x00000000   Number         0  stubs.o ABSOLUTE
    _printf_lld                              0x00000000   Number         0  stubs.o ABSOLUTE
    _printf_lli                              0x00000000   Number         0  stubs.o ABSOLUTE
    _printf_llo                              0x00000000   Number         0  stubs.o ABSOLUTE
    _printf_llu                              0x00000000   Number         0  stubs.o ABSOLUTE
    _printf_llx                              0x00000000   Number         0  stubs.o ABSOLUTE
    _printf_longlong_dec                     0x00000000   Number         0  stubs.o ABSOLUTE
    _printf_longlong_hex                     0x00000000   Number         0  stubs.o ABSOLUTE
    _printf_longlong_oct                     0x00000000   Number         0  stubs.o ABSOLUTE
    _printf_ls                               0x00000000   Number         0  stubs.o ABSOLUTE
    _printf_mbtowc                           0x00000000   Number         0  stubs.o ABSOLUTE
    _printf_n                                0x00000000   Number         0  stubs.o ABSOLUTE
    _printf_o                                0x00000000   Number         0  stubs.o ABSOLUTE
    _printf_p                                0x00000000   Number         0  stubs.o ABSOLUTE
    _printf_percent                          0x00000000   Number         0  stubs.o ABSOLUTE
    _printf_pre_padding                      0x00000000   Number         0  stubs.o ABSOLUTE
    _printf_return_value                     0x00000000   Number         0  stubs.o ABSOLUTE
    _printf_s                                0x00000000   Number         0  stubs.o ABSOLUTE
    _printf_sizespec                         0x00000000   Number         0  stubs.o ABSOLUTE
    _printf_str                              0x00000000   Number         0  stubs.o ABSOLUTE
    _printf_truncate_signed                  0x00000000   Number         0  stubs.o ABSOLUTE
    _printf_truncate_unsigned                0x00000000   Number         0  stubs.o ABSOLUTE
    _printf_u                                0x00000000   Number         0  stubs.o ABSOLUTE
    _printf_wc                               0x00000000   Number         0  stubs.o ABSOLUTE
    _printf_wctomb                           0x00000000   Number         0  stubs.o ABSOLUTE
    _printf_widthprec                        0x00000000   Number         0  stubs.o ABSOLUTE
    _printf_x                                0x00000000   Number         0  stubs.o ABSOLUTE
    __cpp_initialize__aeabi_                  - Undefined Weak Reference
    __cxa_finalize                            - Undefined Weak Reference
    __decompress                              - Undefined Weak Reference
    _clock_init                               - Undefined Weak Reference
    _microlib_exit                            - Undefined Weak Reference
    __Vectors_Size                           0x00000150   Number         0  startup_gd32f30x_cl.o ABSOLUTE
    __Vectors                                0x08000000   Data           4  startup_gd32f30x_cl.o(RESET)
    __Vectors_End                            0x08000150   Data           0  startup_gd32f30x_cl.o(RESET)
    __main                                   0x08000151   Thumb Code     0  entry.o(.ARM.Collect$$$$00000000)
    _main_stk                                0x08000151   Thumb Code     0  entry2.o(.ARM.Collect$$$$00000001)
    _main_scatterload                        0x08000155   Thumb Code     0  entry5.o(.ARM.Collect$$$$00000004)
    __main_after_scatterload                 0x08000159   Thumb Code     0  entry5.o(.ARM.Collect$$$$00000004)
    _main_clock                              0x08000159   Thumb Code     0  entry7b.o(.ARM.Collect$$$$00000008)
    _main_cpp_init                           0x08000159   Thumb Code     0  entry8b.o(.ARM.Collect$$$$0000000A)
    _main_init                               0x08000159   Thumb Code     0  entry9a.o(.ARM.Collect$$$$0000000B)
    __rt_final_cpp                           0x08000161   Thumb Code     0  entry10a.o(.ARM.Collect$$$$0000000D)
    __rt_final_exit                          0x08000161   Thumb Code     0  entry11a.o(.ARM.Collect$$$$0000000F)
    Reset_Handler                            0x08000165   Thumb Code     8  startup_gd32f30x_cl.o(.text)
    ADC0_1_IRQHandler                        0x0800017f   Thumb Code     0  startup_gd32f30x_cl.o(.text)
    CAN0_EWMC_IRQHandler                     0x0800017f   Thumb Code     0  startup_gd32f30x_cl.o(.text)
    CAN0_RX0_IRQHandler                      0x0800017f   Thumb Code     0  startup_gd32f30x_cl.o(.text)
    CAN0_RX1_IRQHandler                      0x0800017f   Thumb Code     0  startup_gd32f30x_cl.o(.text)
    CAN0_TX_IRQHandler                       0x0800017f   Thumb Code     0  startup_gd32f30x_cl.o(.text)
    CAN1_EWMC_IRQHandler                     0x0800017f   Thumb Code     0  startup_gd32f30x_cl.o(.text)
    CAN1_RX0_IRQHandler                      0x0800017f   Thumb Code     0  startup_gd32f30x_cl.o(.text)
    CAN1_RX1_IRQHandler                      0x0800017f   Thumb Code     0  startup_gd32f30x_cl.o(.text)
    CAN1_TX_IRQHandler                       0x0800017f   Thumb Code     0  startup_gd32f30x_cl.o(.text)
    DMA0_Channel0_IRQHandler                 0x0800017f   Thumb Code     0  startup_gd32f30x_cl.o(.text)
    DMA0_Channel1_IRQHandler                 0x0800017f   Thumb Code     0  startup_gd32f30x_cl.o(.text)
    DMA0_Channel2_IRQHandler                 0x0800017f   Thumb Code     0  startup_gd32f30x_cl.o(.text)
    DMA0_Channel3_IRQHandler                 0x0800017f   Thumb Code     0  startup_gd32f30x_cl.o(.text)
    DMA0_Channel4_IRQHandler                 0x0800017f   Thumb Code     0  startup_gd32f30x_cl.o(.text)
    DMA0_Channel5_IRQHandler                 0x0800017f   Thumb Code     0  startup_gd32f30x_cl.o(.text)
    DMA0_Channel6_IRQHandler                 0x0800017f   Thumb Code     0  startup_gd32f30x_cl.o(.text)
    DMA1_Channel0_IRQHandler                 0x0800017f   Thumb Code     0  startup_gd32f30x_cl.o(.text)
    DMA1_Channel1_IRQHandler                 0x0800017f   Thumb Code     0  startup_gd32f30x_cl.o(.text)
    DMA1_Channel2_IRQHandler                 0x0800017f   Thumb Code     0  startup_gd32f30x_cl.o(.text)
    DMA1_Channel3_IRQHandler                 0x0800017f   Thumb Code     0  startup_gd32f30x_cl.o(.text)
    DMA1_Channel4_IRQHandler                 0x0800017f   Thumb Code     0  startup_gd32f30x_cl.o(.text)
    ENET_IRQHandler                          0x0800017f   Thumb Code     0  startup_gd32f30x_cl.o(.text)
    ENET_WKUP_IRQHandler                     0x0800017f   Thumb Code     0  startup_gd32f30x_cl.o(.text)
    EXMC_IRQHandler                          0x0800017f   Thumb Code     0  startup_gd32f30x_cl.o(.text)
    EXTI0_IRQHandler                         0x0800017f   Thumb Code     0  startup_gd32f30x_cl.o(.text)
    EXTI1_IRQHandler                         0x0800017f   Thumb Code     0  startup_gd32f30x_cl.o(.text)
    EXTI2_IRQHandler                         0x0800017f   Thumb Code     0  startup_gd32f30x_cl.o(.text)
    EXTI3_IRQHandler                         0x0800017f   Thumb Code     0  startup_gd32f30x_cl.o(.text)
    EXTI4_IRQHandler                         0x0800017f   Thumb Code     0  startup_gd32f30x_cl.o(.text)
    EXTI5_9_IRQHandler                       0x0800017f   Thumb Code     0  startup_gd32f30x_cl.o(.text)
    FMC_IRQHandler                           0x0800017f   Thumb Code     0  startup_gd32f30x_cl.o(.text)
    I2C0_ER_IRQHandler                       0x0800017f   Thumb Code     0  startup_gd32f30x_cl.o(.text)
    I2C0_EV_IRQHandler                       0x0800017f   Thumb Code     0  startup_gd32f30x_cl.o(.text)
    I2C1_ER_IRQHandler                       0x0800017f   Thumb Code     0  startup_gd32f30x_cl.o(.text)
    I2C1_EV_IRQHandler                       0x0800017f   Thumb Code     0  startup_gd32f30x_cl.o(.text)
    LVD_IRQHandler                           0x0800017f   Thumb Code     0  startup_gd32f30x_cl.o(.text)
    RCU_CTC_IRQHandler                       0x0800017f   Thumb Code     0  startup_gd32f30x_cl.o(.text)
    RTC_Alarm_IRQHandler                     0x0800017f   Thumb Code     0  startup_gd32f30x_cl.o(.text)
    RTC_IRQHandler                           0x0800017f   Thumb Code     0  startup_gd32f30x_cl.o(.text)
    SPI0_IRQHandler                          0x0800017f   Thumb Code     0  startup_gd32f30x_cl.o(.text)
    SPI1_IRQHandler                          0x0800017f   Thumb Code     0  startup_gd32f30x_cl.o(.text)
    SPI2_IRQHandler                          0x0800017f   Thumb Code     0  startup_gd32f30x_cl.o(.text)
    TAMPER_IRQHandler                        0x0800017f   Thumb Code     0  startup_gd32f30x_cl.o(.text)
    TIMER0_BRK_TIMER8_IRQHandler             0x0800017f   Thumb Code     0  startup_gd32f30x_cl.o(.text)
    TIMER0_Channel_IRQHandler                0x0800017f   Thumb Code     0  startup_gd32f30x_cl.o(.text)
    TIMER0_TRG_CMT_TIMER10_IRQHandler        0x0800017f   Thumb Code     0  startup_gd32f30x_cl.o(.text)
    TIMER0_UP_TIMER9_IRQHandler              0x0800017f   Thumb Code     0  startup_gd32f30x_cl.o(.text)
    TIMER1_IRQHandler                        0x0800017f   Thumb Code     0  startup_gd32f30x_cl.o(.text)
    TIMER2_IRQHandler                        0x0800017f   Thumb Code     0  startup_gd32f30x_cl.o(.text)
    TIMER3_IRQHandler                        0x0800017f   Thumb Code     0  startup_gd32f30x_cl.o(.text)
    TIMER4_IRQHandler                        0x0800017f   Thumb Code     0  startup_gd32f30x_cl.o(.text)
    TIMER5_IRQHandler                        0x0800017f   Thumb Code     0  startup_gd32f30x_cl.o(.text)
    TIMER6_IRQHandler                        0x0800017f   Thumb Code     0  startup_gd32f30x_cl.o(.text)
    TIMER7_BRK_TIMER11_IRQHandler            0x0800017f   Thumb Code     0  startup_gd32f30x_cl.o(.text)
    TIMER7_Channel_IRQHandler                0x0800017f   Thumb Code     0  startup_gd32f30x_cl.o(.text)
    TIMER7_TRG_CMT_TIMER13_IRQHandler        0x0800017f   Thumb Code     0  startup_gd32f30x_cl.o(.text)
    TIMER7_UP_TIMER12_IRQHandler             0x0800017f   Thumb Code     0  startup_gd32f30x_cl.o(.text)
    UART3_IRQHandler                         0x0800017f   Thumb Code     0  startup_gd32f30x_cl.o(.text)
    UART4_IRQHandler                         0x0800017f   Thumb Code     0  startup_gd32f30x_cl.o(.text)
    USART0_IRQHandler                        0x0800017f   Thumb Code     0  startup_gd32f30x_cl.o(.text)
    USART1_IRQHandler                        0x0800017f   Thumb Code     0  startup_gd32f30x_cl.o(.text)
    USART2_IRQHandler                        0x0800017f   Thumb Code     0  startup_gd32f30x_cl.o(.text)
    USBFS_IRQHandler                         0x0800017f   Thumb Code     0  startup_gd32f30x_cl.o(.text)
    USBFS_WKUP_IRQHandler                    0x0800017f   Thumb Code     0  startup_gd32f30x_cl.o(.text)
    WWDGT_IRQHandler                         0x0800017f   Thumb Code     0  startup_gd32f30x_cl.o(.text)
    __aeabi_memcpy                           0x08000189   Thumb Code    36  memcpya.o(.text)
    __aeabi_memcpy4                          0x08000189   Thumb Code     0  memcpya.o(.text)
    __aeabi_memcpy8                          0x08000189   Thumb Code     0  memcpya.o(.text)
    __aeabi_memset                           0x080001ad   Thumb Code    14  memseta.o(.text)
    __aeabi_memset4                          0x080001ad   Thumb Code     0  memseta.o(.text)
    __aeabi_memset8                          0x080001ad   Thumb Code     0  memseta.o(.text)
    __aeabi_memclr                           0x080001bb   Thumb Code     4  memseta.o(.text)
    __aeabi_memclr4                          0x080001bb   Thumb Code     0  memseta.o(.text)
    __aeabi_memclr8                          0x080001bb   Thumb Code     0  memseta.o(.text)
    _memset$wrapper                          0x080001bf   Thumb Code    18  memseta.o(.text)
    strlen                                   0x080001d1   Thumb Code    14  strlen.o(.text)
    memcmp                                   0x080001df   Thumb Code    26  memcmp.o(.text)
    __aeabi_uidiv                            0x080001f9   Thumb Code     0  uidiv.o(.text)
    __aeabi_uidivmod                         0x080001f9   Thumb Code    44  uidiv.o(.text)
    __scatterload                            0x08000225   Thumb Code    28  init.o(.text)
    __scatterload_rt2                        0x08000225   Thumb Code     0  init.o(.text)
    BusFault_Handler                         0x08000249   Thumb Code     4  gd32f30x_it.o(i.BusFault_Handler)
    __I$use$semihosting$fputc                0x08000249   Thumb Code     0  iusesemip.o(.text)
    __semihosting_library_function           0x08000249   Thumb Code     0  semi.o(.text)
    DebugMon_Handler                         0x0800024d   Thumb Code     2  gd32f30x_it.o(i.DebugMon_Handler)
    EXTI10_15_IRQHandler                     0x0800024f   Thumb Code    26  gd32f30x_it.o(i.EXTI10_15_IRQHandler)
    HardFault_Handler                        0x08000269   Thumb Code     4  gd32f30x_it.o(i.HardFault_Handler)
    MemManage_Handler                        0x0800026d   Thumb Code     4  gd32f30x_it.o(i.MemManage_Handler)
    NMI_Handler                              0x08000271   Thumb Code     2  gd32f30x_it.o(i.NMI_Handler)
    PendSV_Handler                           0x08000273   Thumb Code     2  gd32f30x_it.o(i.PendSV_Handler)
    SVC_Handler                              0x08000275   Thumb Code     2  gd32f30x_it.o(i.SVC_Handler)
    SysTick_Handler                          0x08000277   Thumb Code     8  gd32f30x_it.o(i.SysTick_Handler)
    SystemInit                               0x08000281   Thumb Code    66  system_gd32f30x.o(i.SystemInit)
    UsageFault_Handler                       0x080002d1   Thumb Code     4  gd32f30x_it.o(i.UsageFault_Handler)
    __0printf$3                              0x080002d5   Thumb Code    22  printf3.o(i.__0printf$3)
    __1printf$3                              0x080002d5   Thumb Code     0  printf3.o(i.__0printf$3)
    __2printf                                0x080002d5   Thumb Code     0  printf3.o(i.__0printf$3)
    __0sprintf$3                             0x080002f5   Thumb Code    34  printf3.o(i.__0sprintf$3)
    __1sprintf$3                             0x080002f5   Thumb Code     0  printf3.o(i.__0sprintf$3)
    __2sprintf                               0x080002f5   Thumb Code     0  printf3.o(i.__0sprintf$3)
    __scatterload_copy                       0x0800031d   Thumb Code    14  handlers.o(i.__scatterload_copy)
    __scatterload_null                       0x0800032b   Thumb Code     2  handlers.o(i.__scatterload_null)
    __scatterload_zeroinit                   0x0800032d   Thumb Code    14  handlers.o(i.__scatterload_zeroinit)
    dhcp_arp_reply                           0x08000501   Thumb Code    78  dhcp.o(i.dhcp_arp_reply)
    enet_deinit                              0x08000ed1   Thumb Code    24  gd32f30x_enet.o(i.enet_deinit)
    enet_desc_information_get                0x08000f01   Thumb Code    96  gd32f30x_enet.o(i.enet_desc_information_get)
    enet_descriptors_chain_init              0x08000f65   Thumb Code   162  gd32f30x_enet.o(i.enet_descriptors_chain_init)
    enet_enable                              0x0800102d   Thumb Code    12  gd32f30x_enet.o(i.enet_enable)
    enet_frame_receive                       0x08001039   Thumb Code   236  gd32f30x_enet.o(i.enet_frame_receive)
    enet_frame_transmit                      0x08001131   Thumb Code   196  gd32f30x_enet.o(i.enet_frame_transmit)
    enet_init                                0x08001355   Thumb Code   822  gd32f30x_enet.o(i.enet_init)
    enet_initpara_reset                      0x080016b9   Thumb Code    36  gd32f30x_enet.o(i.enet_initpara_reset)
    enet_mac_address_set                     0x080016e1   Thumb Code    42  gd32f30x_enet.o(i.enet_mac_address_set)
    enet_phy_config                          0x08001755   Thumb Code   166  gd32f30x_enet.o(i.enet_phy_config)
    enet_phy_write_read                      0x08001819   Thumb Code   148  gd32f30x_enet.o(i.enet_phy_write_read)
    enet_rx_desc_immediate_receive_complete_interrupt 0x080018b5   Thumb Code    10  gd32f30x_enet.o(i.enet_rx_desc_immediate_receive_complete_interrupt)
    enet_rx_enable                           0x080018c1   Thumb Code    26  gd32f30x_enet.o(i.enet_rx_enable)
    enet_rxframe_drop                        0x080018e5   Thumb Code   158  gd32f30x_enet.o(i.enet_rxframe_drop)
    enet_rxframe_size_get                    0x08001991   Thumb Code   138  gd32f30x_enet.o(i.enet_rxframe_size_get)
    enet_software_reset                      0x08001a29   Thumb Code    52  gd32f30x_enet.o(i.enet_software_reset)
    enet_system_setup                        0x08001a65   Thumb Code   110  gd32f30x_enet_eval.o(i.enet_system_setup)
    enet_transmit_checksum_config            0x08001ae1   Thumb Code    26  gd32f30x_enet.o(i.enet_transmit_checksum_config)
    enet_tx_enable                           0x08001afd   Thumb Code    32  gd32f30x_enet.o(i.enet_tx_enable)
    enet_txfifo_flush                        0x08001b25   Thumb Code    44  gd32f30x_enet.o(i.enet_txfifo_flush)
    etharp_output                            0x080020a1   Thumb Code   380  etharp.o(i.etharp_output)
    etharp_query                             0x080023d5   Thumb Code   460  etharp.o(i.etharp_query)
    etharp_request                           0x08002805   Thumb Code    40  etharp.o(i.etharp_request)
    etharp_tmr                               0x080028f1   Thumb Code   144  etharp.o(i.etharp_tmr)
    ethernet_input                           0x08002ae9   Thumb Code   202  etharp.o(i.ethernet_input)
    ethernetif_init                          0x08002c3d   Thumb Code    58  ethernetif.o(i.ethernetif_init)
    ethernetif_input                         0x08002cc1   Thumb Code    48  ethernetif.o(i.ethernetif_input)
    exti_interrupt_flag_clear                0x08002cf1   Thumb Code     6  gd32f30x_exti.o(i.exti_interrupt_flag_clear)
    exti_interrupt_flag_get                  0x08002cfd   Thumb Code    18  gd32f30x_exti.o(i.exti_interrupt_flag_get)
    fputc                                    0x08002d15   Thumb Code    18  fputc.o(i.fputc)
    gpio_ethernet_phy_select                 0x08002d29   Thumb Code    22  gd32f30x_gpio.o(i.gpio_ethernet_phy_select)
    gpio_init                                0x08002d45   Thumb Code   188  gd32f30x_gpio.o(i.gpio_init)
    gpio_pin_remap_config                    0x08002e01   Thumb Code   138  gd32f30x_gpio.o(i.gpio_pin_remap_config)
    hello_gigadevice_init                    0x08003015   Thumb Code    40  hello_gigadevice.o(i.hello_gigadevice_init)
    icmp_dest_unreach                        0x080031b1   Thumb Code    18  icmp.o(i.icmp_dest_unreach)
    icmp_input                               0x080031c5   Thumb Code   492  icmp.o(i.icmp_input)
    icmp_time_exceeded                       0x08003639   Thumb Code    18  icmp.o(i.icmp_time_exceeded)
    inet_chksum                              0x0800364b   Thumb Code    20  inet_chksum.o(i.inet_chksum)
    inet_chksum_pbuf                         0x0800365f   Thumb Code    86  inet_chksum.o(i.inet_chksum_pbuf)
    ip4_addr_isbroadcast                     0x080036b5   Thumb Code    78  ip_addr.o(i.ip4_addr_isbroadcast)
    ip_frag                                  0x08003705   Thumb Code   448  ip_frag.o(i.ip_frag)
    ip_input                                 0x080039f1   Thumb Code   484  ip.o(i.ip_input)
    ip_output                                0x08003be9   Thumb Code    84  ip.o(i.ip_output)
    ip_output_if                             0x08003ca9   Thumb Code   252  ip.o(i.ip_output_if)
    ip_reass                                 0x08003e45   Thumb Code   410  ip_frag.o(i.ip_reass)
    ip_route                                 0x08004675   Thumb Code    80  ip.o(i.ip_route)
    lwip_htonl                               0x080048d1   Thumb Code    26  def.o(i.lwip_htonl)
    lwip_htons                               0x080048eb   Thumb Code    12  def.o(i.lwip_htons)
    lwip_netif_status_callback               0x080048f7   Thumb Code    28  main.o(i.lwip_netif_status_callback)
    lwip_ntohl                               0x08004913   Thumb Code    12  def.o(i.lwip_ntohl)
    lwip_ntohs                               0x0800491f   Thumb Code    12  def.o(i.lwip_ntohs)
    lwip_periodic_handle                     0x0800492d   Thumb Code    52  netconf.o(i.lwip_periodic_handle)
    lwip_pkt_handle                          0x08004969   Thumb Code    10  netconf.o(i.lwip_pkt_handle)
    lwip_stack_init                          0x08004979   Thumb Code    74  netconf.o(i.lwip_stack_init)
    main                                     0x08004a3d   Thumb Code    54  main.o(i.main)
    mem_calloc                               0x08004a81   Thumb Code    34  mem.o(i.mem_calloc)
    mem_free                                 0x08004aa5   Thumb Code   158  mem.o(i.mem_free)
    mem_init                                 0x08004bfd   Thumb Code    74  mem.o(i.mem_init)
    mem_malloc                               0x08004c59   Thumb Code   370  mem.o(i.mem_malloc)
    mem_trim                                 0x08004ed5   Thumb Code   312  mem.o(i.mem_trim)
    memp_free                                0x080050ad   Thumb Code    60  memp.o(i.memp_free)
    memp_init                                0x08005169   Thumb Code    82  memp.o(i.memp_init)
    memp_malloc                              0x080051cd   Thumb Code    92  memp.o(i.memp_malloc)
    netif_add                                0x080052cd   Thumb Code   152  netif.o(i.netif_add)
    netif_set_addr                           0x080053e5   Thumb Code    40  netif.o(i.netif_set_addr)
    netif_set_default                        0x0800540d   Thumb Code    10  netif.o(i.netif_set_default)
    netif_set_gw                             0x0800541d   Thumb Code    16  netif.o(i.netif_set_gw)
    netif_set_ipaddr                         0x0800542d   Thumb Code   124  netif.o(i.netif_set_ipaddr)
    netif_set_netmask                        0x080054b1   Thumb Code    16  netif.o(i.netif_set_netmask)
    netif_set_status_callback                0x080054c1   Thumb Code     6  netif.o(i.netif_set_status_callback)
    netif_set_up                             0x080054c7   Thumb Code    70  netif.o(i.netif_set_up)
    pbuf_alloc                               0x0800550d   Thumb Code   660  pbuf.o(i.pbuf_alloc)
    pbuf_alloced_custom                      0x0800593d   Thumb Code   148  pbuf.o(i.pbuf_alloced_custom)
    pbuf_cat                                 0x08005a51   Thumb Code   126  pbuf.o(i.pbuf_cat)
    pbuf_chain                               0x08005ba5   Thumb Code    26  pbuf.o(i.pbuf_chain)
    pbuf_clen                                0x08005bbf   Thumb Code    18  pbuf.o(i.pbuf_clen)
    pbuf_copy                                0x08005bd1   Thumb Code   328  pbuf.o(i.pbuf_copy)
    pbuf_copy_partial                        0x08005e15   Thumb Code   182  pbuf.o(i.pbuf_copy_partial)
    pbuf_free                                0x08005f6d   Thumb Code   264  pbuf.o(i.pbuf_free)
    pbuf_header                              0x08006131   Thumb Code   200  pbuf.o(i.pbuf_header)
    pbuf_realloc                             0x08006291   Thumb Code   252  pbuf.o(i.pbuf_realloc)
    pbuf_ref                                 0x08006465   Thumb Code    10  pbuf.o(i.pbuf_ref)
    raw_input                                0x08006631   Thumb Code   102  raw.o(i.raw_input)
    rcu_ckout0_config                        0x080066a5   Thumb Code    18  gd32f30x_rcu.o(i.rcu_ckout0_config)
    rcu_clock_freq_get                       0x080066bd   Thumb Code   378  gd32f30x_rcu.o(i.rcu_clock_freq_get)
    rcu_flag_get                             0x0800685d   Thumb Code    30  gd32f30x_rcu.o(i.rcu_flag_get)
    rcu_osci_on                              0x08006881   Thumb Code    28  gd32f30x_rcu.o(i.rcu_osci_on)
    rcu_osci_stab_wait                       0x080068a1   Thumb Code   340  gd32f30x_rcu.o(i.rcu_osci_stab_wait)
    rcu_periph_clock_enable                  0x080069f9   Thumb Code    28  gd32f30x_rcu.o(i.rcu_periph_clock_enable)
    rcu_periph_reset_disable                 0x08006a19   Thumb Code    28  gd32f30x_rcu.o(i.rcu_periph_reset_disable)
    rcu_periph_reset_enable                  0x08006a39   Thumb Code    28  gd32f30x_rcu.o(i.rcu_periph_reset_enable)
    rcu_pll2_config                          0x08006a59   Thumb Code    22  gd32f30x_rcu.o(i.rcu_pll2_config)
    sys_timeout                              0x08006a75   Thumb Code   174  lwip_timers.o(i.sys_timeout)
    systick_clksource_set                    0x08006d0d   Thumb Code    40  gd32f30x_misc.o(i.systick_clksource_set)
    tcp_abandon                              0x08006d35   Thumb Code   164  tcp.o(i.tcp_abandon)
    tcp_abort                                0x08006e75   Thumb Code    14  tcp.o(i.tcp_abort)
    tcp_accept                               0x08006e83   Thumb Code     4  tcp.o(i.tcp_accept)
    tcp_alloc                                0x08006e91   Thumb Code   180  tcp.o(i.tcp_alloc)
    tcp_arg                                  0x08006f55   Thumb Code     4  tcp.o(i.tcp_arg)
    tcp_bind                                 0x08006f59   Thumb Code   166  tcp.o(i.tcp_bind)
    tcp_client_init                          0x080070bd   Thumb Code    62  tcp_client.o(i.tcp_client_init)
    tcp_close                                0x080071c1   Thumb Code    28  tcp.o(i.tcp_close)
    tcp_connect                              0x08007435   Thumb Code   348  tcp.o(i.tcp_connect)
    tcp_eff_send_mss                         0x080076e5   Thumb Code    46  tcp.o(i.tcp_eff_send_mss)
    tcp_enqueue_flags                        0x08007715   Thumb Code   418  tcp_out.o(i.tcp_enqueue_flags)
    tcp_err                                  0x080079c5   Thumb Code    40  tcp.o(i.tcp_err)
    tcp_fasttmr                              0x08007a71   Thumb Code   114  tcp.o(i.tcp_fasttmr)
    tcp_input                                0x08007af1   Thumb Code  1694  tcp_in.o(i.tcp_input)
    tcp_keepalive                            0x080081b9   Thumb Code    84  tcp_out.o(i.tcp_keepalive)
    tcp_listen_with_backlog                  0x080083e1   Thumb Code   218  tcp.o(i.tcp_listen_with_backlog)
    tcp_new                                  0x0800854d   Thumb Code    10  tcp.o(i.tcp_new)
    tcp_next_iss                             0x080085c1   Thumb Code    20  tcp.o(i.tcp_next_iss)
    tcp_output                               0x080085dd   Thumb Code   492  tcp_out.o(i.tcp_output)
    tcp_pcb_purge                            0x08008c3d   Thumb Code    88  tcp.o(i.tcp_pcb_purge)
    tcp_pcb_remove                           0x08008c95   Thumb Code   184  tcp.o(i.tcp_pcb_remove)
    tcp_process_refused_data                 0x08009481   Thumb Code   148  tcp.o(i.tcp_process_refused_data)
    tcp_recv                                 0x08009e4d   Thumb Code    38  tcp.o(i.tcp_recv)
    tcp_recv_null                            0x08009ef9   Thumb Code    46  tcp.o(i.tcp_recv_null)
    tcp_recved                               0x08009f29   Thumb Code   128  tcp.o(i.tcp_recved)
    tcp_rexmit                               0x0800a051   Thumb Code    90  tcp_out.o(i.tcp_rexmit)
    tcp_rexmit_fast                          0x0800a0ab   Thumb Code   120  tcp_out.o(i.tcp_rexmit_fast)
    tcp_rexmit_rto                           0x0800a123   Thumb Code    58  tcp_out.o(i.tcp_rexmit_rto)
    tcp_rst                                  0x0800a15d   Thumb Code   156  tcp_out.o(i.tcp_rst)
    tcp_seg_free                             0x0800a289   Thumb Code    26  tcp.o(i.tcp_seg_free)
    tcp_segs_free                            0x0800a2a3   Thumb Code    24  tcp.o(i.tcp_segs_free)
    tcp_send_empty_ack                       0x0800a2bb   Thumb Code    86  tcp_out.o(i.tcp_send_empty_ack)
    tcp_send_fin                             0x0800a311   Thumb Code    74  tcp_out.o(i.tcp_send_fin)
    tcp_slowtmr                              0x0800a35d   Thumb Code  1400  tcp.o(i.tcp_slowtmr)
    tcp_timer_needed                         0x0800a95d   Thumb Code    38  lwip_timers.o(i.tcp_timer_needed)
    tcp_tmr                                  0x0800aa41   Thumb Code    30  tcp.o(i.tcp_tmr)
    tcp_update_rcv_ann_wnd                   0x0800aa65   Thumb Code   102  tcp.o(i.tcp_update_rcv_ann_wnd)
    tcp_write                                0x0800ab45   Thumb Code  1700  tcp_out.o(i.tcp_write)
    tcp_zero_window_probe                    0x0800b3fd   Thumb Code   180  tcp_out.o(i.tcp_zero_window_probe)
    time_update                              0x0800b4e9   Thumb Code    12  main.o(i.time_update)
    udp_bind                                 0x0800b4f9   Thumb Code   170  udp.o(i.udp_bind)
    udp_echo_init                            0x0800b611   Thumb Code    32  udp_echo.o(i.udp_echo_init)
    udp_input                                0x0800b665   Thumb Code   512  udp.o(i.udp_input)
    udp_new                                  0x0800b8f5   Thumb Code    28  udp.o(i.udp_new)
    udp_recv                                 0x0800b969   Thumb Code     6  udp.o(i.udp_recv)
    udp_sendto                               0x0800b96f   Thumb Code    54  udp.o(i.udp_sendto)
    udp_sendto_if                            0x0800b9a5   Thumb Code   264  udp.o(i.udp_sendto_if)
    gd32_str                                 0x0800bb38   Data          50  gd32f30x_enet_eval.o(.constdata)
    tcp_state_str                            0x0800bb94   Data          44  tcp.o(.constdata)
    tcp_backoff                              0x0800bbc0   Data          13  tcp.o(.constdata)
    tcp_persist_backoff                      0x0800bbcd   Data           7  tcp.o(.constdata)
    tcp_pcb_lists                            0x0800bbd4   Data          16  tcp.o(.constdata)
    ip_addr_any                              0x0800bbe4   Data           4  ip_addr.o(.constdata)
    ip_addr_broadcast                        0x0800bbe8   Data           4  ip_addr.o(.constdata)
    ethbroadcast                             0x0800bbec   Data           6  etharp.o(.constdata)
    ethzero                                  0x0800bbf2   Data           6  etharp.o(.constdata)
    Region$$Table$$Base                      0x0800be48   Number         0  anon$$obj.o(Region$$Table)
    Region$$Table$$Limit                     0x0800be68   Number         0  anon$$obj.o(Region$$Table)
    g_localtime                              0x20000000   Data           4  main.o(.data)
    g_timedelay                              0x20000004   Data           4  main.o(.data)
    phy_value1                               0x20000008   Data           2  main.o(.data)
    phy_value2                               0x2000000a   Data           2  main.o(.data)
    phy_value3                               0x2000000c   Data           2  main.o(.data)
    phy_value4                               0x2000000e   Data           2  main.o(.data)
    tcp_timer                                0x20000010   Data           4  netconf.o(.data)
    arp_timer                                0x20000014   Data           4  netconf.o(.data)
    ip_address                               0x20000018   Data           4  netconf.o(.data)
    value                                    0x20000020   Data           4  gd32f30x_enet_eval.o(.data)
    dma_current_txdesc                       0x20000024   Data           4  gd32f30x_enet.o(.data)
    dma_current_rxdesc                       0x20000028   Data           4  gd32f30x_enet.o(.data)
    dma_current_ptp_txdesc                   0x2000002c   Data           4  gd32f30x_enet.o(.data)
    dma_current_ptp_rxdesc                   0x20000030   Data           4  gd32f30x_enet.o(.data)
    netif_list                               0x20000054   Data           4  netif.o(.data)
    netif_default                            0x20000058   Data           4  netif.o(.data)
    tcp_ticks                                0x20000068   Data           4  tcp.o(.data)
    tcp_bound_pcbs                           0x2000006c   Data           4  tcp.o(.data)
    tcp_listen_pcbs                          0x20000070   Data           4  tcp.o(.data)
    tcp_active_pcbs                          0x20000074   Data           4  tcp.o(.data)
    tcp_tw_pcbs                              0x20000078   Data           4  tcp.o(.data)
    tcp_tmp_pcb                              0x2000007c   Data           4  tcp.o(.data)
    tcp_active_pcbs_changed                  0x20000080   Data           1  tcp.o(.data)
    tcp_input_pcb                            0x200000a4   Data           4  tcp_in.o(.data)
    udp_pcbs                                 0x200000ac   Data           4  udp.o(.data)
    current_netif                            0x200000b0   Data           4  ip.o(.data)
    current_header                           0x200000b4   Data           4  ip.o(.data)
    current_iphdr_src                        0x200000b8   Data           4  ip.o(.data)
    current_iphdr_dest                       0x200000bc   Data           4  ip.o(.data)
    __stdout                                 0x200000cc   Data           4  stdout.o(.data)
    g_mynetif                                0x200000d0   Data          56  netconf.o(.bss)
    rxdesc_tab                               0x20000108   Data          80  gd32f30x_enet.o(.bss)
    txdesc_tab                               0x20000158   Data          80  gd32f30x_enet.o(.bss)
    rx_buff                                  0x200001a8   Data        7620  gd32f30x_enet.o(.bss)
    tx_buff                                  0x20001f6c   Data        7620  gd32f30x_enet.o(.bss)
    ram_heap                                 0x20003d6c   Data       20500  mem.o(.bss)
    __initial_sp                             0x2000d998   Data           0  startup_gd32f30x_cl.o(STACK)



==============================================================================

Memory Map of the image

  Image Entry point : 0x08000151

  Load Region LR_IROM1 (Base: 0x08000000, Size: 0x0000bf38, Max: 0x00040000, ABSOLUTE)

    Execution Region ER_IROM1 (Exec base: 0x08000000, Load base: 0x08000000, Size: 0x0000be68, Max: 0x00040000, ABSOLUTE)

    Exec Addr    Load Addr    Size         Type   Attr      Idx    E Section Name        Object

    0x08000000   0x08000000   0x00000150   Data   RO         3367    RESET               startup_gd32f30x_cl.o
    0x08000150   0x08000150   0x00000000   Code   RO         5031  * .ARM.Collect$$$$00000000  mc_w.l(entry.o)
    0x08000150   0x08000150   0x00000004   Code   RO         5307    .ARM.Collect$$$$00000001  mc_w.l(entry2.o)
    0x08000154   0x08000154   0x00000004   Code   RO         5310    .ARM.Collect$$$$00000004  mc_w.l(entry5.o)
    0x08000158   0x08000158   0x00000000   Code   RO         5312    .ARM.Collect$$$$00000008  mc_w.l(entry7b.o)
    0x08000158   0x08000158   0x00000000   Code   RO         5314    .ARM.Collect$$$$0000000A  mc_w.l(entry8b.o)
    0x08000158   0x08000158   0x00000008   Code   RO         5315    .ARM.Collect$$$$0000000B  mc_w.l(entry9a.o)
    0x08000160   0x08000160   0x00000000   Code   RO         5317    .ARM.Collect$$$$0000000D  mc_w.l(entry10a.o)
    0x08000160   0x08000160   0x00000000   Code   RO         5319    .ARM.Collect$$$$0000000F  mc_w.l(entry11a.o)
    0x08000160   0x08000160   0x00000004   Code   RO         5308    .ARM.Collect$$$$00002712  mc_w.l(entry2.o)
    0x08000164   0x08000164   0x00000024   Code   RO         3368    .text               startup_gd32f30x_cl.o
    0x08000188   0x08000188   0x00000024   Code   RO         5036    .text               mc_w.l(memcpya.o)
    0x080001ac   0x080001ac   0x00000024   Code   RO         5038    .text               mc_w.l(memseta.o)
    0x080001d0   0x080001d0   0x0000000e   Code   RO         5040    .text               mc_w.l(strlen.o)
    0x080001de   0x080001de   0x0000001a   Code   RO         5042    .text               mc_w.l(memcmp.o)
    0x080001f8   0x080001f8   0x0000002c   Code   RO         5324    .text               mc_w.l(uidiv.o)
    0x08000224   0x08000224   0x00000024   Code   RO         5341    .text               mc_w.l(init.o)
    0x08000248   0x08000248   0x00000000   Code   RO         5343    .text               mc_w.l(semi.o)
    0x08000248   0x08000248   0x00000000   Code   RO         5346    .text               mc_w.l(iusesemip.o)
    0x08000248   0x08000248   0x00000004   Code   RO          479    i.BusFault_Handler  gd32f30x_it.o
    0x0800024c   0x0800024c   0x00000002   Code   RO          480    i.DebugMon_Handler  gd32f30x_it.o
    0x0800024e   0x0800024e   0x0000001a   Code   RO          481    i.EXTI10_15_IRQHandler  gd32f30x_it.o
    0x08000268   0x08000268   0x00000004   Code   RO          482    i.HardFault_Handler  gd32f30x_it.o
    0x0800026c   0x0800026c   0x00000004   Code   RO          483    i.MemManage_Handler  gd32f30x_it.o
    0x08000270   0x08000270   0x00000002   Code   RO          484    i.NMI_Handler       gd32f30x_it.o
    0x08000272   0x08000272   0x00000002   Code   RO          485    i.PendSV_Handler    gd32f30x_it.o
    0x08000274   0x08000274   0x00000002   Code   RO          486    i.SVC_Handler       gd32f30x_it.o
    0x08000276   0x08000276   0x00000008   Code   RO          487    i.SysTick_Handler   gd32f30x_it.o
    0x0800027e   0x0800027e   0x00000002   PAD
    0x08000280   0x08000280   0x00000050   Code   RO          561    i.SystemInit        system_gd32f30x.o
    0x080002d0   0x080002d0   0x00000004   Code   RO          488    i.UsageFault_Handler  gd32f30x_it.o
    0x080002d4   0x080002d4   0x00000020   Code   RO         5135    i.__0printf$3       mc_w.l(printf3.o)
    0x080002f4   0x080002f4   0x00000028   Code   RO         5137    i.__0sprintf$3      mc_w.l(printf3.o)
    0x0800031c   0x0800031c   0x0000000e   Code   RO         5351    i.__scatterload_copy  mc_w.l(handlers.o)
    0x0800032a   0x0800032a   0x00000002   Code   RO         5352    i.__scatterload_null  mc_w.l(handlers.o)
    0x0800032c   0x0800032c   0x0000000e   Code   RO         5353    i.__scatterload_zeroinit  mc_w.l(handlers.o)
    0x0800033a   0x0800033a   0x00000002   PAD
    0x0800033c   0x0800033c   0x000001b8   Code   RO         5142    i._printf_core      mc_w.l(printf3.o)
    0x080004f4   0x080004f4   0x0000000a   Code   RO         5144    i._sputc            mc_w.l(printf3.o)
    0x080004fe   0x080004fe   0x00000002   PAD
    0x08000500   0x08000500   0x000000bc   Code   RO         3402    i.dhcp_arp_reply    dhcp.o
    0x080005bc   0x080005bc   0x000002ec   Code   RO         3407    i.dhcp_create_msg   dhcp.o
    0x080008a8   0x080008a8   0x00000094   Code   RO         3408    i.dhcp_decline      dhcp.o
    0x0800093c   0x0800093c   0x00000138   Code   RO         3409    i.dhcp_delete_msg   dhcp.o
    0x08000a74   0x08000a74   0x000000a4   Code   RO         3417    i.dhcp_option       dhcp.o
    0x08000b18   0x08000b18   0x000000c8   Code   RO         3418    i.dhcp_option_byte  dhcp.o
    0x08000be0   0x08000be0   0x000000fc   Code   RO         3419    i.dhcp_option_long  dhcp.o
    0x08000cdc   0x08000cdc   0x0000017c   Code   RO         3421    i.dhcp_option_trailer  dhcp.o
    0x08000e58   0x08000e58   0x00000010   Code   RO         3429    i.dhcp_set_state    dhcp.o
    0x08000e68   0x08000e68   0x00000068   Code   RO          799    i.enet_default_init  gd32f30x_enet.o
    0x08000ed0   0x08000ed0   0x00000018   Code   RO          800    i.enet_deinit       gd32f30x_enet.o
    0x08000ee8   0x08000ee8   0x00000018   Code   RO          801    i.enet_delay        gd32f30x_enet.o
    0x08000f00   0x08000f00   0x00000064   Code   RO          805    i.enet_desc_information_get  gd32f30x_enet.o
    0x08000f64   0x08000f64   0x000000c8   Code   RO          807    i.enet_descriptors_chain_init  gd32f30x_enet.o
    0x0800102c   0x0800102c   0x0000000c   Code   RO          814    i.enet_enable       gd32f30x_enet.o
    0x08001038   0x08001038   0x000000f8   Code   RO          824    i.enet_frame_receive  gd32f30x_enet.o
    0x08001130   0x08001130   0x000000cc   Code   RO          825    i.enet_frame_transmit  gd32f30x_enet.o
    0x080011fc   0x080011fc   0x00000158   Code   RO          437    i.enet_gpio_config  gd32f30x_enet_eval.o
    0x08001354   0x08001354   0x00000364   Code   RO          826    i.enet_init         gd32f30x_enet.o
    0x080016b8   0x080016b8   0x00000028   Code   RO          828    i.enet_initpara_reset  gd32f30x_enet.o
    0x080016e0   0x080016e0   0x00000030   Code   RO          834    i.enet_mac_address_set  gd32f30x_enet.o
    0x08001710   0x08001710   0x00000044   Code   RO          438    i.enet_mac_dma_config  gd32f30x_enet_eval.o
    0x08001754   0x08001754   0x000000c4   Code   RO          844    i.enet_phy_config   gd32f30x_enet.o
    0x08001818   0x08001818   0x0000009c   Code   RO          845    i.enet_phy_write_read  gd32f30x_enet.o
    0x080018b4   0x080018b4   0x0000000a   Code   RO          870    i.enet_rx_desc_immediate_receive_complete_interrupt  gd32f30x_enet.o
    0x080018be   0x080018be   0x00000002   PAD
    0x080018c0   0x080018c0   0x00000024   Code   RO          872    i.enet_rx_enable    gd32f30x_enet.o
    0x080018e4   0x080018e4   0x000000ac   Code   RO          873    i.enet_rxframe_drop  gd32f30x_enet.o
    0x08001990   0x08001990   0x00000098   Code   RO          874    i.enet_rxframe_size_get  gd32f30x_enet.o
    0x08001a28   0x08001a28   0x0000003c   Code   RO          876    i.enet_software_reset  gd32f30x_enet.o
    0x08001a64   0x08001a64   0x0000007c   Code   RO          439    i.enet_system_setup  gd32f30x_enet_eval.o
    0x08001ae0   0x08001ae0   0x0000001a   Code   RO          877    i.enet_transmit_checksum_config  gd32f30x_enet.o
    0x08001afa   0x08001afa   0x00000002   PAD
    0x08001afc   0x08001afc   0x00000028   Code   RO          879    i.enet_tx_enable    gd32f30x_enet.o
    0x08001b24   0x08001b24   0x00000034   Code   RO          880    i.enet_txfifo_flush  gd32f30x_enet.o
    0x08001b58   0x08001b58   0x000001d4   Code   RO         4889    i.etharp_arp_input  etharp.o
    0x08001d2c   0x08001d2c   0x000002fc   Code   RO         4892    i.etharp_find_entry  etharp.o
    0x08002028   0x08002028   0x00000078   Code   RO         4893    i.etharp_free_entry  etharp.o
    0x080020a0   0x080020a0   0x00000214   Code   RO         4894    i.etharp_output     etharp.o
    0x080022b4   0x080022b4   0x00000120   Code   RO         4895    i.etharp_output_to_arp_index  etharp.o
    0x080023d4   0x080023d4   0x00000284   Code   RO         4896    i.etharp_query      etharp.o
    0x08002658   0x08002658   0x000001ac   Code   RO         4897    i.etharp_raw        etharp.o
    0x08002804   0x08002804   0x00000030   Code   RO         4898    i.etharp_request    etharp.o
    0x08002834   0x08002834   0x000000bc   Code   RO         4899    i.etharp_send_ip    etharp.o
    0x080028f0   0x080028f0   0x00000094   Code   RO         4900    i.etharp_tmr        etharp.o
    0x08002984   0x08002984   0x00000164   Code   RO         4901    i.etharp_update_arp_entry  etharp.o
    0x08002ae8   0x08002ae8   0x00000154   Code   RO         4902    i.ethernet_input    etharp.o
    0x08002c3c   0x08002c3c   0x00000084   Code   RO         4984    i.ethernetif_init   ethernetif.o
    0x08002cc0   0x08002cc0   0x00000030   Code   RO         4985    i.ethernetif_input  ethernetif.o
    0x08002cf0   0x08002cf0   0x0000000c   Code   RO         1369    i.exti_interrupt_flag_clear  gd32f30x_exti.o
    0x08002cfc   0x08002cfc   0x00000018   Code   RO         1370    i.exti_interrupt_flag_get  gd32f30x_exti.o
    0x08002d14   0x08002d14   0x00000012   Code   RO         5321    i.fputc             mc_w.l(fputc.o)
    0x08002d26   0x08002d26   0x00000002   PAD
    0x08002d28   0x08002d28   0x0000001c   Code   RO         1458    i.gpio_ethernet_phy_select  gd32f30x_gpio.o
    0x08002d44   0x08002d44   0x000000bc   Code   RO         1463    i.gpio_init         gd32f30x_gpio.o
    0x08002e00   0x08002e00   0x00000090   Code   RO         1469    i.gpio_pin_remap_config  gd32f30x_gpio.o
    0x08002e90   0x08002e90   0x00000174   Code   RO          315    i.hello_gigadevice_accept  hello_gigadevice.o
    0x08003004   0x08003004   0x00000010   Code   RO          316    i.hello_gigadevice_conn_err  hello_gigadevice.o
    0x08003014   0x08003014   0x00000030   Code   RO          317    i.hello_gigadevice_init  hello_gigadevice.o
    0x08003044   0x08003044   0x0000016c   Code   RO          318    i.hello_gigadevice_recv  hello_gigadevice.o
    0x080031b0   0x080031b0   0x00000012   Code   RO         4582    i.icmp_dest_unreach  icmp.o
    0x080031c2   0x080031c2   0x00000002   PAD
    0x080031c4   0x080031c4   0x00000344   Code   RO         4583    i.icmp_input        icmp.o
    0x08003508   0x08003508   0x00000130   Code   RO         4584    i.icmp_send_response  icmp.o
    0x08003638   0x08003638   0x00000012   Code   RO         4585    i.icmp_time_exceeded  icmp.o
    0x0800364a   0x0800364a   0x00000014   Code   RO         4630    i.inet_chksum       inet_chksum.o
    0x0800365e   0x0800365e   0x00000056   Code   RO         4631    i.inet_chksum_pbuf  inet_chksum.o
    0x080036b4   0x080036b4   0x0000004e   Code   RO         4707    i.ip4_addr_isbroadcast  ip_addr.o
    0x08003702   0x08003702   0x00000002   PAD
    0x08003704   0x08003704   0x00000248   Code   RO         4760    i.ip_frag           ip_frag.o
    0x0800394c   0x0800394c   0x0000000a   Code   RO         4761    i.ip_frag_alloc_pbuf_custom_ref  ip_frag.o
    0x08003956   0x08003956   0x00000002   PAD
    0x08003958   0x08003958   0x00000098   Code   RO         4762    i.ip_frag_free_pbuf_custom_ref  ip_frag.o
    0x080039f0   0x080039f0   0x000001f8   Code   RO         4668    i.ip_input          ip.o
    0x08003be8   0x08003be8   0x000000c0   Code   RO         4669    i.ip_output         ip.o
    0x08003ca8   0x08003ca8   0x0000019c   Code   RO         4670    i.ip_output_if      ip.o
    0x08003e44   0x08003e44   0x000001a4   Code   RO         4763    i.ip_reass          ip_frag.o
    0x08003fe8   0x08003fe8   0x0000031c   Code   RO         4764    i.ip_reass_chain_frag_into_datagram_and_validate  ip_frag.o
    0x08004304   0x08004304   0x000000c4   Code   RO         4765    i.ip_reass_dequeue_datagram  ip_frag.o
    0x080043c8   0x080043c8   0x00000058   Code   RO         4766    i.ip_reass_enqueue_new_datagram  ip_frag.o
    0x08004420   0x08004420   0x000001d8   Code   RO         4767    i.ip_reass_free_complete_datagram  ip_frag.o
    0x080045f8   0x080045f8   0x0000007c   Code   RO         4768    i.ip_reass_remove_oldest_datagram  ip_frag.o
    0x08004674   0x08004674   0x00000058   Code   RO         4671    i.ip_route          ip.o
    0x080046cc   0x080046cc   0x000000c8   Code   RO         4770    i.ipfrag_free_pbuf_custom  ip_frag.o
    0x08004794   0x08004794   0x00000090   Code   RO         4986    i.low_level_init    ethernetif.o
    0x08004824   0x08004824   0x0000005c   Code   RO         4987    i.low_level_input   ethernetif.o
    0x08004880   0x08004880   0x00000050   Code   RO         4988    i.low_level_output  ethernetif.o
    0x080048d0   0x080048d0   0x0000001a   Code   RO         3372    i.lwip_htonl        def.o
    0x080048ea   0x080048ea   0x0000000c   Code   RO         3373    i.lwip_htons        def.o
    0x080048f6   0x080048f6   0x0000001c   Code   RO            5    i.lwip_netif_status_callback  main.o
    0x08004912   0x08004912   0x0000000c   Code   RO         3374    i.lwip_ntohl        def.o
    0x0800491e   0x0800491e   0x0000000c   Code   RO         3375    i.lwip_ntohs        def.o
    0x0800492a   0x0800492a   0x00000002   PAD
    0x0800492c   0x0800492c   0x0000003c   Code   RO          230    i.lwip_periodic_handle  netconf.o
    0x08004968   0x08004968   0x00000010   Code   RO          231    i.lwip_pkt_handle   netconf.o
    0x08004978   0x08004978   0x00000064   Code   RO          232    i.lwip_stack_init   netconf.o
    0x080049dc   0x080049dc   0x0000005e   Code   RO         4634    i.lwip_standard_chksum  inet_chksum.o
    0x08004a3a   0x08004a3a   0x00000002   PAD
    0x08004a3c   0x08004a3c   0x00000044   Code   RO            6    i.main              main.o
    0x08004a80   0x08004a80   0x00000022   Code   RO         3730    i.mem_calloc        mem.o
    0x08004aa2   0x08004aa2   0x00000002   PAD
    0x08004aa4   0x08004aa4   0x00000158   Code   RO         3731    i.mem_free          mem.o
    0x08004bfc   0x08004bfc   0x0000005c   Code   RO         3732    i.mem_init          mem.o
    0x08004c58   0x08004c58   0x0000027c   Code   RO         3733    i.mem_malloc        mem.o
    0x08004ed4   0x08004ed4   0x000001d8   Code   RO         3734    i.mem_trim          mem.o
    0x080050ac   0x080050ac   0x000000bc   Code   RO         3775    i.memp_free         memp.o
    0x08005168   0x08005168   0x00000064   Code   RO         3776    i.memp_init         memp.o
    0x080051cc   0x080051cc   0x00000100   Code   RO         3777    i.memp_malloc       memp.o
    0x080052cc   0x080052cc   0x00000118   Code   RO         3816    i.netif_add         netif.o
    0x080053e4   0x080053e4   0x00000028   Code   RO         3820    i.netif_set_addr    netif.o
    0x0800540c   0x0800540c   0x00000010   Code   RO         3821    i.netif_set_default  netif.o
    0x0800541c   0x0800541c   0x00000010   Code   RO         3823    i.netif_set_gw      netif.o
    0x0800542c   0x0800542c   0x00000084   Code   RO         3824    i.netif_set_ipaddr  netif.o
    0x080054b0   0x080054b0   0x00000010   Code   RO         3827    i.netif_set_netmask  netif.o
    0x080054c0   0x080054c0   0x00000006   Code   RO         3828    i.netif_set_status_callback  netif.o
    0x080054c6   0x080054c6   0x00000046   Code   RO         3829    i.netif_set_up      netif.o
    0x0800550c   0x0800550c   0x00000430   Code   RO         3916    i.pbuf_alloc        pbuf.o
    0x0800593c   0x0800593c   0x00000114   Code   RO         3917    i.pbuf_alloced_custom  pbuf.o
    0x08005a50   0x08005a50   0x00000154   Code   RO         3918    i.pbuf_cat          pbuf.o
    0x08005ba4   0x08005ba4   0x0000001a   Code   RO         3919    i.pbuf_chain        pbuf.o
    0x08005bbe   0x08005bbe   0x00000012   Code   RO         3920    i.pbuf_clen         pbuf.o
    0x08005bd0   0x08005bd0   0x00000244   Code   RO         3922    i.pbuf_copy         pbuf.o
    0x08005e14   0x08005e14   0x00000158   Code   RO         3923    i.pbuf_copy_partial  pbuf.o
    0x08005f6c   0x08005f6c   0x000001c4   Code   RO         3925    i.pbuf_free         pbuf.o
    0x08006130   0x08006130   0x00000160   Code   RO         3927    i.pbuf_header       pbuf.o
    0x08006290   0x08006290   0x000001d4   Code   RO         3930    i.pbuf_realloc      pbuf.o
    0x08006464   0x08006464   0x0000000a   Code   RO         3931    i.pbuf_ref          pbuf.o
    0x0800646e   0x0800646e   0x00000002   PAD
    0x08006470   0x08006470   0x000001c0   Code   RO         3735    i.plug_holes        mem.o
    0x08006630   0x08006630   0x00000074   Code   RO         4035    i.raw_input         raw.o
    0x080066a4   0x080066a4   0x00000018   Code   RO         3032    i.rcu_ckout0_config  gd32f30x_rcu.o
    0x080066bc   0x080066bc   0x000001a0   Code   RO         3033    i.rcu_clock_freq_get  gd32f30x_rcu.o
    0x0800685c   0x0800685c   0x00000024   Code   RO         3036    i.rcu_flag_get      gd32f30x_rcu.o
    0x08006880   0x08006880   0x00000020   Code   RO         3050    i.rcu_osci_on       gd32f30x_rcu.o
    0x080068a0   0x080068a0   0x00000158   Code   RO         3051    i.rcu_osci_stab_wait  gd32f30x_rcu.o
    0x080069f8   0x080069f8   0x00000020   Code   RO         3053    i.rcu_periph_clock_enable  gd32f30x_rcu.o
    0x08006a18   0x08006a18   0x00000020   Code   RO         3056    i.rcu_periph_reset_disable  gd32f30x_rcu.o
    0x08006a38   0x08006a38   0x00000020   Code   RO         3057    i.rcu_periph_reset_enable  gd32f30x_rcu.o
    0x08006a58   0x08006a58   0x0000001c   Code   RO         3059    i.rcu_pll2_config   gd32f30x_rcu.o
    0x08006a74   0x08006a74   0x00000158   Code   RO         3661    i.sys_timeout       lwip_timers.o
    0x08006bcc   0x08006bcc   0x00000138   Code   RO          562    i.system_clock_120m_hxtal  system_gd32f30x.o
    0x08006d04   0x08006d04   0x00000008   Code   RO          563    i.system_clock_config  system_gd32f30x.o
    0x08006d0c   0x08006d0c   0x00000028   Code   RO         1799    i.systick_clksource_set  gd32f30x_misc.o
    0x08006d34   0x08006d34   0x00000140   Code   RO         4101    i.tcp_abandon       tcp.o
    0x08006e74   0x08006e74   0x0000000e   Code   RO         4102    i.tcp_abort         tcp.o
    0x08006e82   0x08006e82   0x00000004   Code   RO         4103    i.tcp_accept        tcp.o
    0x08006e86   0x08006e86   0x00000008   Code   RO         4104    i.tcp_accept_null   tcp.o
    0x08006e8e   0x08006e8e   0x00000002   PAD
    0x08006e90   0x08006e90   0x000000c4   Code   RO         4105    i.tcp_alloc         tcp.o
    0x08006f54   0x08006f54   0x00000004   Code   RO         4106    i.tcp_arg           tcp.o
    0x08006f58   0x08006f58   0x00000134   Code   RO         4107    i.tcp_bind          tcp.o
    0x0800708c   0x0800708c   0x00000030   Code   RO          370    i.tcp_client_connected  tcp_client.o
    0x080070bc   0x080070bc   0x00000068   Code   RO          371    i.tcp_client_init   tcp_client.o
    0x08007124   0x08007124   0x0000009c   Code   RO          372    i.tcp_client_recv   tcp_client.o
    0x080071c0   0x080071c0   0x0000001c   Code   RO         4108    i.tcp_close         tcp.o
    0x080071dc   0x080071dc   0x00000258   Code   RO         4109    i.tcp_close_shutdown  tcp.o
    0x08007434   0x08007434   0x000001f8   Code   RO         4110    i.tcp_connect       tcp.o
    0x0800762c   0x0800762c   0x000000b8   Code   RO         4384    i.tcp_create_segment  tcp_out.o
    0x080076e4   0x080076e4   0x0000002e   Code   RO         4112    i.tcp_eff_send_mss  tcp.o
    0x08007712   0x08007712   0x00000002   PAD
    0x08007714   0x08007714   0x000002b0   Code   RO         4385    i.tcp_enqueue_flags  tcp_out.o
    0x080079c4   0x080079c4   0x000000ac   Code   RO         4113    i.tcp_err           tcp.o
    0x08007a70   0x08007a70   0x00000080   Code   RO         4114    i.tcp_fasttmr       tcp.o
    0x08007af0   0x08007af0   0x000006c8   Code   RO         4333    i.tcp_input         tcp_in.o
    0x080081b8   0x080081b8   0x00000054   Code   RO         4386    i.tcp_keepalive     tcp_out.o
    0x0800820c   0x0800820c   0x00000058   Code   RO         4116    i.tcp_kill_prio     tcp.o
    0x08008264   0x08008264   0x00000040   Code   RO         4117    i.tcp_kill_timewait  tcp.o
    0x080082a4   0x080082a4   0x0000013c   Code   RO         4334    i.tcp_listen_input  tcp_in.o
    0x080083e0   0x080083e0   0x0000016c   Code   RO         4118    i.tcp_listen_with_backlog  tcp.o
    0x0800854c   0x0800854c   0x0000000a   Code   RO         4119    i.tcp_new           tcp.o
    0x08008556   0x08008556   0x00000002   PAD
    0x08008558   0x08008558   0x00000068   Code   RO         4120    i.tcp_new_port      tcp.o
    0x080085c0   0x080085c0   0x0000001c   Code   RO         4121    i.tcp_next_iss      tcp.o
    0x080085dc   0x080085dc   0x00000290   Code   RO         4387    i.tcp_output        tcp_out.o
    0x0800886c   0x0800886c   0x00000124   Code   RO         4388    i.tcp_output_alloc_header  tcp_out.o
    0x08008990   0x08008990   0x000000d8   Code   RO         4389    i.tcp_output_segment  tcp_out.o
    0x08008a68   0x08008a68   0x000000d0   Code   RO         4335    i.tcp_parseopt      tcp_in.o
    0x08008b38   0x08008b38   0x00000104   Code   RO         4390    i.tcp_pbuf_prealloc  tcp_out.o
    0x08008c3c   0x08008c3c   0x00000058   Code   RO         4122    i.tcp_pcb_purge     tcp.o
    0x08008c94   0x08008c94   0x0000014c   Code   RO         4123    i.tcp_pcb_remove    tcp.o
    0x08008de0   0x08008de0   0x000006a0   Code   RO         4336    i.tcp_process       tcp_in.o
    0x08009480   0x08009480   0x00000094   Code   RO         4125    i.tcp_process_refused_data  tcp.o
    0x08009514   0x08009514   0x00000938   Code   RO         4337    i.tcp_receive       tcp_in.o
    0x08009e4c   0x08009e4c   0x000000ac   Code   RO         4126    i.tcp_recv          tcp.o
    0x08009ef8   0x08009ef8   0x0000002e   Code   RO         4127    i.tcp_recv_null     tcp.o
    0x08009f26   0x08009f26   0x00000002   PAD
    0x08009f28   0x08009f28   0x00000128   Code   RO         4128    i.tcp_recved        tcp.o
    0x0800a050   0x0800a050   0x0000005a   Code   RO         4391    i.tcp_rexmit        tcp_out.o
    0x0800a0aa   0x0800a0aa   0x00000078   Code   RO         4392    i.tcp_rexmit_fast   tcp_out.o
    0x0800a122   0x0800a122   0x0000003a   Code   RO         4393    i.tcp_rexmit_rto    tcp_out.o
    0x0800a15c   0x0800a15c   0x0000012c   Code   RO         4394    i.tcp_rst           tcp_out.o
    0x0800a288   0x0800a288   0x0000001a   Code   RO         4129    i.tcp_seg_free      tcp.o
    0x0800a2a2   0x0800a2a2   0x00000018   Code   RO         4130    i.tcp_segs_free     tcp.o
    0x0800a2ba   0x0800a2ba   0x00000056   Code   RO         4395    i.tcp_send_empty_ack  tcp_out.o
    0x0800a310   0x0800a310   0x0000004a   Code   RO         4396    i.tcp_send_fin      tcp_out.o
    0x0800a35a   0x0800a35a   0x00000002   PAD
    0x0800a35c   0x0800a35c   0x00000600   Code   RO         4134    i.tcp_slowtmr       tcp.o
    0x0800a95c   0x0800a95c   0x00000038   Code   RO         3664    i.tcp_timer_needed  lwip_timers.o
    0x0800a994   0x0800a994   0x000000ac   Code   RO         4338    i.tcp_timewait_input  tcp_in.o
    0x0800aa40   0x0800aa40   0x00000024   Code   RO         4135    i.tcp_tmr           tcp.o
    0x0800aa64   0x0800aa64   0x000000e0   Code   RO         4136    i.tcp_update_rcv_ann_wnd  tcp.o
    0x0800ab44   0x0800ab44   0x00000728   Code   RO         4397    i.tcp_write         tcp_out.o
    0x0800b26c   0x0800b26c   0x00000190   Code   RO         4398    i.tcp_write_checks  tcp_out.o
    0x0800b3fc   0x0800b3fc   0x000000b4   Code   RO         4399    i.tcp_zero_window_probe  tcp_out.o
    0x0800b4b0   0x0800b4b0   0x00000038   Code   RO         3665    i.tcpip_tcp_timer   lwip_timers.o
    0x0800b4e8   0x0800b4e8   0x00000010   Code   RO            7    i.time_update       main.o
    0x0800b4f8   0x0800b4f8   0x00000118   Code   RO         4482    i.udp_bind          udp.o
    0x0800b610   0x0800b610   0x00000028   Code   RO          404    i.udp_echo_init     udp_echo.o
    0x0800b638   0x0800b638   0x0000002a   Code   RO          405    i.udp_echo_recv     udp_echo.o
    0x0800b662   0x0800b662   0x00000002   PAD
    0x0800b664   0x0800b664   0x00000290   Code   RO         4486    i.udp_input         udp.o
    0x0800b8f4   0x0800b8f4   0x0000001c   Code   RO         4487    i.udp_new           udp.o
    0x0800b910   0x0800b910   0x00000058   Code   RO         4488    i.udp_new_port      udp.o
    0x0800b968   0x0800b968   0x00000006   Code   RO         4489    i.udp_recv          udp.o
    0x0800b96e   0x0800b96e   0x00000036   Code   RO         4492    i.udp_sendto        udp.o
    0x0800b9a4   0x0800b9a4   0x00000194   Code   RO         4493    i.udp_sendto_if     udp.o
    0x0800bb38   0x0800bb38   0x00000032   Data   RO          440    .constdata          gd32f30x_enet_eval.o
    0x0800bb6a   0x0800bb6a   0x00000028   Data   RO         3779    .constdata          memp.o
    0x0800bb92   0x0800bb92   0x00000002   PAD
    0x0800bb94   0x0800bb94   0x00000050   Data   RO         4137    .constdata          tcp.o
    0x0800bbe4   0x0800bbe4   0x00000008   Data   RO         4714    .constdata          ip_addr.o
    0x0800bbec   0x0800bbec   0x0000000c   Data   RO         4904    .constdata          etharp.o
    0x0800bbf8   0x0800bbf8   0x000000ae   Data   RO          319    .conststring        hello_gigadevice.o
    0x0800bca6   0x0800bca6   0x00000002   PAD
    0x0800bca8   0x0800bca8   0x00000048   Data   RO         3437    .conststring        dhcp.o
    0x0800bcf0   0x0800bcf0   0x00000075   Data   RO         4138    .conststring        tcp.o
    0x0800bd65   0x0800bd65   0x00000003   PAD
    0x0800bd68   0x0800bd68   0x00000055   Data   RO         4400    .conststring        tcp_out.o
    0x0800bdbd   0x0800bdbd   0x00000003   PAD
    0x0800bdc0   0x0800bdc0   0x00000044   Data   RO         4905    .conststring        etharp.o
    0x0800be04   0x0800be04   0x00000041   Data   RO         4990    .conststring        ethernetif.o
    0x0800be45   0x0800be45   0x00000003   PAD
    0x0800be48   0x0800be48   0x00000020   Data   RO         5349    Region$$Table       anon$$obj.o


    Execution Region RW_IRAM1 (Exec base: 0x20000000, Load base: 0x0800be68, Size: 0x0000d998, Max: 0x00018000, ABSOLUTE)

    Exec Addr    Load Addr    Size         Type   Attr      Idx    E Section Name        Object

    0x20000000   0x0800be68   0x00000010   Data   RW            8    .data               main.o
    0x20000010   0x0800be78   0x0000000c   Data   RW          235    .data               netconf.o
    0x2000001c   0x0800be84   0x00000008   Data   RW          441    .data               gd32f30x_enet_eval.o
    0x20000024   0x0800be8c   0x00000014   Data   RW          887    .data               gd32f30x_enet.o
    0x20000038   0x0800bea0   0x00000004   Data   RW         3438    .data               dhcp.o
    0x2000003c   0x0800bea4   0x0000000c   Data   RW         3666    .data               lwip_timers.o
    0x20000048   0x0800beb0   0x0000000c   Data   RW         3737    .data               mem.o
    0x20000054   0x0800bebc   0x00000009   Data   RW         3830    .data               netif.o
    0x2000005d   0x0800bec5   0x00000003   PAD
    0x20000060   0x0800bec8   0x00000004   Data   RW         4041    .data               raw.o
    0x20000064   0x0800becc   0x00000024   Data   RW         4139    .data               tcp.o
    0x20000088   0x0800bef0   0x00000020   Data   RW         4340    .data               tcp_in.o
    0x200000a8   0x0800bf10   0x00000008   Data   RW         4494    .data               udp.o
    0x200000b0   0x0800bf18   0x00000012   Data   RW         4672    .data               ip.o
    0x200000c2   0x0800bf2a   0x00000002   PAD
    0x200000c4   0x0800bf2c   0x00000006   Data   RW         4771    .data               ip_frag.o
    0x200000ca   0x0800bf32   0x00000001   Data   RW         4906    .data               etharp.o
    0x200000cb   0x0800bf33   0x00000001   PAD
    0x200000cc   0x0800bf34   0x00000004   Data   RW         5323    .data               mc_w.l(stdout.o)
    0x200000d0        -       0x00000038   Zero   RW          234    .bss                netconf.o
    0x20000108        -       0x00003c64   Zero   RW          885    .bss                gd32f30x_enet.o
    0x20003d6c        -       0x00005014   Zero   RW         3736    .bss                mem.o
    0x20008d80        -       0x0000473b   Zero   RW         3778    .bss                memp.o
    0x2000d4bb   0x0800bf38   0x00000001   PAD
    0x2000d4bc        -       0x00000014   Zero   RW         4339    .bss                tcp_in.o
    0x2000d4d0        -       0x000000c8   Zero   RW         4903    .bss                etharp.o
    0x2000d598        -       0x00000400   Zero   RW         3365    STACK               startup_gd32f30x_cl.o


==============================================================================

Image component sizes


      Code (inc. data)   RO Data    RW Data    ZI Data      Debug   Object Name

        62          0          0          0          0       2756   def.o
      2408       1272         72          4          0       8737   dhcp.o
      4324       1426         80          1        200      15593   etharp.o
       496         92         65          0          0       5339   ethernetif.o
      2772        244          0         20      15460      21106   gd32f30x_enet.o
       536         48         50          8          0      33284   gd32f30x_enet_eval.o
        36         12          0          0          0       1610   gd32f30x_exti.o
       360         12          0          0          0       2967   gd32f30x_gpio.o
        58          0          0          0          0       5673   gd32f30x_it.o
        40          0          0          0          0        784   gd32f30x_misc.o
       976         76          0          0          0       8176   gd32f30x_rcu.o
       800        214        174          0          0      12202   hello_gigadevice.o
      1176        488          0          0          0       4602   icmp.o
         0          0          0          0          0       3972   inet.o
       200          0          0          0          0       3281   inet_chksum.o
         0          0          0          0          0      10025   init.o
      1196        296          0         18          0       8613   ip.o
        78          0          8          0          0       7934   ip_addr.o
      3042       1016          0          6          0      11697   ip_frag.o
       456        204          0         12          0       2785   lwip_timers.o
       112         18          0         16          0      82607   main.o
      2026        858          0         12      20500       6950   mem.o
       544        310         40          0      18235       4918   memp.o
       176         40          0         12         56      10398   netconf.o
       576        142          0          9          0       9381   netif.o
      3938       1724          0          0          0      11683   pbuf.o
       116         14          0          4          0       1976   raw.o
        36          8        336          0       1024       1060   startup_gd32f30x_cl.o
       400         40          0          0          0       1897   system_gd32f30x.o
      5918       2012        197         36          0      36243   tcp.o
       308         48          0          0          0       3166   tcp_client.o
      6488       1210          0         32         20      18423   tcp_in.o
      5520       1596         85          0          0      18091   tcp_out.o
      1516        402          0          8          0      17119   udp.o
        82          8          0          0          0       3171   udp_echo.o

    ----------------------------------------------------------------------
     46804      13830       1152        204      55496     398219   Object Totals
         0          0         32          0          0          0   (incl. Generated)
        32          0         13          6          1          0   (incl. Padding)

    ----------------------------------------------------------------------

      Code (inc. data)   RO Data    RW Data    ZI Data      Debug   Library Member Name

         0          0          0          0          0          0   entry.o
         0          0          0          0          0          0   entry10a.o
         0          0          0          0          0          0   entry11a.o
         8          4          0          0          0          0   entry2.o
         4          0          0          0          0          0   entry5.o
         0          0          0          0          0          0   entry7b.o
         0          0          0          0          0          0   entry8b.o
         8          4          0          0          0          0   entry9a.o
        18          0          0          0          0         80   fputc.o
        30          0          0          0          0          0   handlers.o
        36          8          0          0          0         68   init.o
         0          0          0          0          0          0   iusesemip.o
        26          0          0          0          0         80   memcmp.o
        36          0          0          0          0         68   memcpya.o
        36          0          0          0          0        108   memseta.o
       522         20          0          0          0        336   printf3.o
         0          0          0          0          0          0   semi.o
         0          0          0          4          0          0   stdout.o
        14          0          0          0          0         68   strlen.o
        44          0          0          0          0         80   uidiv.o

    ----------------------------------------------------------------------
       788         36          0          4          0        888   Library Totals
         6          0          0          0          0          0   (incl. Padding)

    ----------------------------------------------------------------------

      Code (inc. data)   RO Data    RW Data    ZI Data      Debug   Library Name

       782         36          0          4          0        888   mc_w.l

    ----------------------------------------------------------------------
       788         36          0          4          0        888   Library Totals

    ----------------------------------------------------------------------

==============================================================================


      Code (inc. data)   RO Data    RW Data    ZI Data      Debug   

     47592      13866       1152        208      55496     378447   Grand Totals
     47592      13866       1152        208      55496     378447   ELF Image Totals
     47592      13866       1152        208          0          0   ROM Totals

==============================================================================

    Total RO  Size (Code + RO Data)                48744 (  47.60kB)
    Total RW  Size (RW Data + ZI Data)             55704 (  54.40kB)
    Total ROM Size (Code + RO Data + RW Data)      48952 (  47.80kB)

==============================================================================

