Component: ARM Compiler 5.06 update 6 (build 750) Tool: armlink [4d35ed]

==============================================================================

Section Cross References

    main.o(i.fputc) refers to gd32f30x_usart.o(i.usart_data_transmit) for usart_data_transmit
    main.o(i.fputc) refers to gd32f30x_usart.o(i.usart_flag_get) for usart_flag_get
    main.o(i.init_task) refers to module_display.o(i.display_init) for display_init
    main.o(i.init_task) refers to module_audio.o(i.audio_init) for audio_init
    main.o(i.init_task) refers to gd32f30x_enet_eval.o(i.enet_system_setup) for enet_system_setup
    main.o(i.init_task) refers to app_netconf.o(i.lwip_stack_init) for lwip_stack_init
    main.o(i.init_task) refers to app_telnet.o(i.telnet_task_init) for telnet_task_init
    main.o(i.init_task) refers to app_telnet.o(i.register_telnet_handledata_callback) for register_telnet_handledata_callback
    main.o(i.init_task) refers to tasks.o(i.vTaskDelay) for vTaskDelay
    main.o(i.init_task) refers to tcp_client.o(i.tcp_client_init) for tcp_client_init
    main.o(i.init_task) refers to tasks.o(i.vTaskDelete) for vTaskDelete
    main.o(i.init_task) refers to app_service_console.o(i.handle_command) for handle_command
    main.o(i.main) refers to gd32f30x_misc.o(i.nvic_vector_table_set) for nvic_vector_table_set
    main.o(i.main) refers to gd32f30x_misc.o(i.nvic_priority_group_set) for nvic_priority_group_set
    main.o(i.main) refers to module_gd25qxx.o(i.spi_flash_init) for spi_flash_init
    main.o(i.main) refers to app_configure.o(i.read_data_and_analyze) for read_data_and_analyze
    main.o(i.main) refers to module_rtc.o(i.rtc_calendar_init) for rtc_calendar_init
    main.o(i.main) refers to protocol_i2c.o(i.i2c_config) for i2c_config
    main.o(i.main) refers to module_key.o(i.key_group_init) for key_group_init
    main.o(i.main) refers to protocol_usart.o(i.usart_init) for usart_init
    main.o(i.main) refers to app_rs485net.o(i.rs485net_task_init) for rs485net_task_init
    main.o(i.main) refers to module_led.o(i.led_group_init) for led_group_init
    main.o(i.main) refers to tasks.o(i.xTaskGenericCreate) for xTaskGenericCreate
    main.o(i.main) refers to tasks.o(i.vTaskStartScheduler) for vTaskStartScheduler
    main.o(i.main) refers to main.o(i.init_task) for init_task
    tcp_client.o(i.tcp_client_init) refers to tasks.o(i.xTaskGenericCreate) for xTaskGenericCreate
    tcp_client.o(i.tcp_client_init) refers to tcp_client.o(i.tcp_client_task) for tcp_client_task
    tcp_client.o(i.tcp_client_task) refers to def.o(i.lwip_htons) for lwip_htons
    tcp_client.o(i.tcp_client_task) refers to sockets.o(i.lwip_socket) for lwip_socket
    tcp_client.o(i.tcp_client_task) refers to sockets.o(i.lwip_bind) for lwip_bind
    tcp_client.o(i.tcp_client_task) refers to sockets.o(i.lwip_connect) for lwip_connect
    tcp_client.o(i.tcp_client_task) refers to memseta.o(.text) for __aeabi_memset
    tcp_client.o(i.tcp_client_task) refers to sockets.o(i.lwip_recv) for lwip_recv
    tcp_client.o(i.tcp_client_task) refers to sockets.o(i.lwip_close) for lwip_close
    tcp_client.o(i.tcp_client_task) refers to app_ota.o(i.handle_otadata) for handle_otadata
    tcp_client.o(i.tcp_client_task) refers to sockets.o(i.lwip_send) for lwip_send
    tcp_client.o(i.tcp_client_task) refers to app_configure.o(i.handle_configuration_read) for handle_configuration_read
    tcp_client.o(i.tcp_client_task) refers to app_configure.o(i.handle_configuration_write) for handle_configuration_write
    tcp_client.o(i.tcp_client_task) refers to app_configure.o(i.handle_configuration_downloaded_wav) for handle_configuration_downloaded_wav
    tcp_client.o(i.tcp_client_task) refers to tcp_client.o(.data) for .data
    tcp_client.o(i.tcp_client_task) refers to tcp_client.o(.bss) for .bss
    udp_echo.o(i.udp_echo_init) refers to tasks.o(i.xTaskGenericCreate) for xTaskGenericCreate
    udp_echo.o(i.udp_echo_init) refers to udp_echo.o(i.udp_task) for udp_task
    udp_echo.o(i.udp_task) refers to def.o(i.lwip_htons) for lwip_htons
    udp_echo.o(i.udp_task) refers to sockets.o(i.lwip_socket) for lwip_socket
    udp_echo.o(i.udp_task) refers to sockets.o(i.lwip_bind) for lwip_bind
    udp_echo.o(i.udp_task) refers to sockets.o(i.lwip_sendto) for lwip_sendto
    udp_echo.o(i.udp_task) refers to sockets.o(i.lwip_recvfrom) for lwip_recvfrom
    udp_echo.o(i.udp_task) refers to sockets.o(i.lwip_close) for lwip_close
    gd32f30x_enet_eval.o(i.enet_gpio_config) refers to gd32f30x_rcu.o(i.rcu_periph_clock_enable) for rcu_periph_clock_enable
    gd32f30x_enet_eval.o(i.enet_gpio_config) refers to gd32f30x_gpio.o(i.gpio_pin_remap_config) for gpio_pin_remap_config
    gd32f30x_enet_eval.o(i.enet_gpio_config) refers to gd32f30x_gpio.o(i.gpio_init) for gpio_init
    gd32f30x_enet_eval.o(i.enet_gpio_config) refers to gd32f30x_rcu.o(i.rcu_pll2_config) for rcu_pll2_config
[...]
    vTaskPriorityInherit                     0x08014f49   Thumb Code   124  tasks.o(i.vTaskPriorityInherit)
    vTaskSetTimeOutState                     0x08014fcd   Thumb Code    22  tasks.o(i.vTaskSetTimeOutState)
    vTaskStartScheduler                      0x08014fe9   Thumb Code    74  tasks.o(i.vTaskStartScheduler)
    vTaskSuspendAll                          0x08015045   Thumb Code    10  tasks.o(i.vTaskSuspendAll)
    vTaskSwitchContext                       0x08015055   Thumb Code    74  tasks.o(i.vTaskSwitchContext)
    write_data_to_flash                      0x08015131   Thumb Code    80  app_configure.o(i.write_data_to_flash)
    xPortStartScheduler                      0x08015181   Thumb Code   102  port.o(i.xPortStartScheduler)
    xQueueGenericCreate                      0x080151f5   Thumb Code    80  queue.o(i.xQueueGenericCreate)
    xQueueGenericReceive                     0x08015245   Thumb Code   302  queue.o(i.xQueueGenericReceive)
    xQueueGenericReset                       0x08015373   Thumb Code   106  queue.o(i.xQueueGenericReset)
    xQueueGenericSend                        0x080153dd   Thumb Code   276  queue.o(i.xQueueGenericSend)
    xQueueGenericSendFromISR                 0x080154f1   Thumb Code   140  queue.o(i.xQueueGenericSendFromISR)
    xQueueGiveFromISR                        0x0801557d   Thumb Code   118  queue.o(i.xQueueGiveFromISR)
    xTaskCheckForTimeOut                     0x080155f5   Thumb Code    82  tasks.o(i.xTaskCheckForTimeOut)
    xTaskGenericCreate                       0x0801564d   Thumb Code   388  tasks.o(i.xTaskGenericCreate)
    xTaskGetSchedulerState                   0x080157d9   Thumb Code    22  tasks.o(i.xTaskGetSchedulerState)
    xTaskGetTickCount                        0x080157f5   Thumb Code     6  tasks.o(i.xTaskGetTickCount)
    xTaskIncrementTick                       0x08015801   Thumb Code   184  tasks.o(i.xTaskIncrementTick)
    xTaskPriorityDisinherit                  0x080158c1   Thumb Code   124  tasks.o(i.xTaskPriorityDisinherit)
    xTaskRemoveFromEventList                 0x08015945   Thumb Code    98  tasks.o(i.xTaskRemoveFromEventList)
    xTaskResumeAll                           0x080159b1   Thumb Code   162  tasks.o(i.xTaskResumeAll)
    xTimerCreateTimerTask                    0x08015a5d   Thumb Code    52  timers.o(i.xTimerCreateTimerTask)
    xTimerGenericCommand                     0x08015aa1   Thumb Code    82  timers.o(i.xTimerGenericCommand)
    wd                                       0x08015af8   Data           6  module_display.o(.constdata)
    rq                                       0x08015afe   Data           6  module_display.o(.constdata)
    yw                                       0x08015b04   Data           6  module_display.o(.constdata)
    dhlr_end                                 0x08015b0a   Data           7  module_display.o(.constdata)
    rq_end                                   0x08015b11   Data           7  module_display.o(.constdata)
    yw_end                                   0x08015b18   Data           7  module_display.o(.constdata)
    dhlr                                     0x08015b1f   Data          10  module_display.o(.constdata)
    wd_end                                   0x08015b29   Data           9  module_display.o(.constdata)
    tcp_persist_backoff                      0x08015d50   Data           7  tcp.o(.constdata)
    tcp_state_str                            0x08015d58   Data          44  tcp.o(.constdata)
    tcp_backoff                              0x08015d84   Data          13  tcp.o(.constdata)
    tcp_pcb_lists                            0x08015d94   Data          16  tcp.o(.constdata)
    ip_addr_any                              0x08015da4   Data           4  ip_addr.o(.constdata)
    ip_addr_broadcast                        0x08015da8   Data           4  ip_addr.o(.constdata)
    ethbroadcast                             0x08015dec   Data           6  etharp.o(.constdata)
    ethzero                                  0x08015df2   Data           6  etharp.o(.constdata)
    __ctype_table                            0x08015df8   Data         129  ctype_o.o(.constdata)
    Region$$Table$$Base                      0x080161bc   Number         0  anon$$obj.o(Region$$Table)
    Region$$Table$$Limit                     0x080161dc   Number         0  anon$$obj.o(Region$$Table)
    sockfd                                   0x20000000   Data           4  tcp_client.o(.data)
    tcp_port                                 0x20000004   Data           4  tcp_client.o(.data)
    ret                                      0x20000008   Data           4  tcp_client.o(.data)
    recvnum                                  0x2000000c   Data           4  tcp_client.o(.data)
    ipaddr                                   0x20000010   Data           4  tcp_client.o(.data)
    buf_size                                 0x20000018   Data           2  gd32f30x_it.o(.data)
    pos                                      0x2000001c   Data           4  gd32f30x_it.o(.data)
    uart0_tx_counter                         0x20000020   Data           1  protocol_usart.o(.data)
    uart0_rx_counter                         0x20000021   Data           1  protocol_usart.o(.data)
    uart1_tx_counter                         0x20000022   Data           1  protocol_usart.o(.data)
    uart1_rx_counter                         0x20000023   Data           1  protocol_usart.o(.data)
    uart3_tx_counter                         0x20000024   Data           1  protocol_usart.o(.data)
    uart3_rx_counter                         0x20000025   Data           1  protocol_usart.o(.data)
    uart4_tx_counter                         0x20000026   Data           1  protocol_usart.o(.data)
    uart4_rx_counter                         0x20000027   Data           1  protocol_usart.o(.data)
    frame_send                               0x20000028   Data           8  protocol_modbus.o(.data)
    led_dev                                  0x20000030   Data           8  module_led.o(.data)
    num                                      0x20000038   Data           1  module_audio.o(.data)
    buf1_read_enable                         0x20000039   Data           1  module_audio.o(.data)
    buf2_read_enable                         0x2000003a   Data           1  module_audio.o(.data)
    i2s_audio_freq                           0x2000003c   Data           2  module_audio.o(.data)
    es8311                                   0x20000040   Data           8  module_audio.o(.data)
    buf1_p                                   0x20000064   Data           4  module_audio.o(.data)
    buf2_p                                   0x20000068   Data           4  module_audio.o(.data)
    key_bitmap                               0x2000006c   Data           4  module_key.o(.data)
    RTCSRC_FLAG                              0x20000070   Data           4  module_rtc.o(.data)
    timedisplay                              0x20000074   Data           4  module_rtc.o(.data)
    telnet_handledata_ptr                    0x20000078   Data           4  app_telnet.o(.data)
    dhcp_state                               0x200000d0   Data           1  app_netconf.o(.data)
    device_num                               0x200000e4   Data           1  app_rs485net.o(.data)
    led_status                               0x200000e8   Data           4  app_rs485net.o(.data)
    p_configuration_data                     0x200000fc   Data           4  app_configure.o(.data)
    SystemCoreClock                          0x20000100   Data           4  system_gd32f30x.o(.data)
    dma_current_ptp_txdesc                   0x20000104   Data           4  gd32f30x_enet.o(.data)
    dma_current_ptp_rxdesc                   0x20000108   Data           4  gd32f30x_enet.o(.data)
    dma_current_txdesc                       0x20000110   Data           4  gd32f30x_enet.o(.data)
    dma_current_rxdesc                       0x20000114   Data           4  gd32f30x_enet.o(.data)
    netif_list                               0x2000020c   Data           4  netif.o(.data)
    netif_default                            0x20000210   Data           4  netif.o(.data)
    tcp_active_pcbs_changed                  0x20000218   Data           1  tcp.o(.data)
    tcp_ticks                                0x20000224   Data           4  tcp.o(.data)
    tcp_bound_pcbs                           0x20000228   Data           4  tcp.o(.data)
    tcp_listen_pcbs                          0x2000022c   Data           4  tcp.o(.data)
    tcp_active_pcbs                          0x20000230   Data           4  tcp.o(.data)
    tcp_tw_pcbs                              0x20000234   Data           4  tcp.o(.data)
    tcp_tmp_pcb                              0x20000238   Data           4  tcp.o(.data)
    tcp_input_pcb                            0x20000254   Data           4  tcp_in.o(.data)
    udp_pcbs                                 0x2000025c   Data           4  udp.o(.data)
    current_netif                            0x20000264   Data           4  ip.o(.data)
    current_header                           0x20000268   Data           4  ip.o(.data)
    current_iphdr_src                        0x2000026c   Data           4  ip.o(.data)
    current_iphdr_dest                       0x20000270   Data           4  ip.o(.data)
    g_rx_semaphore                           0x20000290   Data           4  ethernetif.o(.data)
    pxCurrentTCB                             0x2000029c   Data           4  tasks.o(.data)
    __stdout                                 0x20000308   Data           4  stdout.o(.data)
    svr_addr                                 0x2000030c   Data          16  tcp_client.o(.bss)
    clt_addr                                 0x2000031c   Data          16  tcp_client.o(.bss)
    buf                                      0x2000032c   Data         400  tcp_client.o(.bss)
    usart0                                   0x200004bc   Data          66  protocol_usart.o(.bss)
    usart1                                   0x200004fe   Data          66  protocol_usart.o(.bss)
    uart3                                    0x20000540   Data          66  protocol_usart.o(.bss)
    uart4                                    0x20000582   Data          66  protocol_usart.o(.bss)
    buf1                                     0x200005c4   Data        1024  module_audio.o(.bss)
    buf2                                     0x200009c4   Data        1024  module_audio.o(.bss)
    name_recv                                0x20000dc4   Data          40  app_telnet.o(.bss)
    g_mynetif                                0x20000dec   Data          52  app_netconf.o(.bss)
    deviceList                               0x20000e20   Data        1024  app_rs485net.o(.bss)
    configuration_data                       0x20001220   Data         320  app_configure.o(.bss)
    heartbeat_reportdata                     0x20001360   Data         248  app_format.o(.bss)
    alarmdata_report                         0x20001458   Data         164  app_format.o(.bss)
    warndata_report                          0x200014fc   Data         164  app_format.o(.bss)
    rxdesc_tab                               0x200019dc   Data          80  gd32f30x_enet.o(.bss)
    txdesc_tab                               0x20001a2c   Data          80  gd32f30x_enet.o(.bss)
    rx_buff                                  0x20001a7c   Data        7620  gd32f30x_enet.o(.bss)
    tx_buff                                  0x20003840   Data        7620  gd32f30x_enet.o(.bss)
    dhcp_rx_options_val                      0x20005604   Data          40  dhcp.o(.bss)
    dhcp_rx_options_given                    0x2000562c   Data          10  dhcp.o(.bss)
    ram_heap                                 0x20005c9b   Data        5140  mem.o(.bss)
    xQueueRegistry                           0x2000ae1c   Data          64  queue.o(.bss)
    __initial_sp                             0x20012b88   Data           0  startup_gd32f30x_cl.o(STACK)



==============================================================================

Memory Map of the image

  Image Entry point : 0x08002151

  Load Region LR_IROM1 (Base: 0x08002000, Size: 0x000144e8, Max: 0x00040000, ABSOLUTE, COMPRESSED[0x000142dc])

    Execution Region ER_IROM1 (Exec base: 0x08002000, Load base: 0x08002000, Size: 0x000141dc, Max: 0x00040000, ABSOLUTE)

    Exec Addr    Load Addr    Size         Type   Attr      Idx    E Section Name        Object

    0x08002000   0x08002000   0x00000150   Data   RO         7014    RESET               startup_gd32f30x_cl.o
    0x08002150   0x08002150   0x00000000   Code   RO        10157  * .ARM.Collect$$$$00000000  mc_w.l(entry.o)
    0x08002150   0x08002150   0x00000004   Code   RO        10453    .ARM.Collect$$$$00000001  mc_w.l(entry2.o)
    0x08002154   0x08002154   0x00000004   Code   RO        10456    .ARM.Collect$$$$00000004  mc_w.l(entry5.o)
    0x08002158   0x08002158   0x00000000   Code   RO        10458    .ARM.Collect$$$$00000008  mc_w.l(entry7b.o)
    0x08002158   0x08002158   0x00000000   Code   RO        10460    .ARM.Collect$$$$0000000A  mc_w.l(entry8b.o)
    0x08002158   0x08002158   0x00000008   Code   RO        10461    .ARM.Collect$$$$0000000B  mc_w.l(entry9a.o)
    0x08002160   0x08002160   0x00000000   Code   RO        10463    .ARM.Collect$$$$0000000D  mc_w.l(entry10a.o)
    0x08002160   0x08002160   0x00000000   Code   RO        10465    .ARM.Collect$$$$0000000F  mc_w.l(entry11a.o)
    0x08002160   0x08002160   0x00000004   Code   RO        10454    .ARM.Collect$$$$00002712  mc_w.l(entry2.o)
    0x08002164   0x08002164   0x000000a2   Code   RO        10086    .emb_text           port.o
    0x08002206   0x08002206   0x00000002   PAD
    0x08002208   0x08002208   0x00000024   Code   RO         7015    .text               startup_gd32f30x_cl.o
    0x0800222c   0x0800222c   0x00000062   Code   RO        10160    .text               mc_w.l(uldiv.o)
    0x0800228e   0x0800228e   0x00000024   Code   RO        10162    .text               mc_w.l(memcpya.o)
    0x080022b2   0x080022b2   0x00000024   Code   RO        10164    .text               mc_w.l(memseta.o)
    0x080022d6   0x080022d6   0x0000000e   Code   RO        10172    .text               mc_w.l(strlen.o)
    0x080022e4   0x080022e4   0x0000001c   Code   RO        10174    .text               mc_w.l(strcmp.o)
    0x08002300   0x08002300   0x0000001a   Code   RO        10176    .text               mc_w.l(memcmp.o)
    0x0800231a   0x0800231a   0x0000002a   Code   RO        10184    .text               mc_w.l(strcasecmp.o)
    0x08002344   0x08002344   0x00000038   Code   RO        10447    .text               mc_w.l(__0sscanf.o)
    0x0800237c   0x0800237c   0x0000014c   Code   RO        10449    .text               mc_w.l(_scanf_int.o)
    0x080024c8   0x080024c8   0x0000001e   Code   RO        10470    .text               mc_w.l(llshl.o)
    0x080024e6   0x080024e6   0x00000020   Code   RO        10472    .text               mc_w.l(llushr.o)
    0x08002506   0x08002506   0x0000000c   Code   RO        10474    .text               mc_w.l(tolower.o)
    0x08002512   0x08002512   0x0000001c   Code   RO        10483    .text               mc_w.l(_chval.o)
    0x0800252e   0x0800252e   0x00000002   PAD
    0x08002530   0x08002530   0x00000028   Code   RO        10485    .text               mc_w.l(scanf_char.o)
    0x08002558   0x08002558   0x00000040   Code   RO        10487    .text               mc_w.l(_sgetc.o)
    0x08002598   0x08002598   0x00000024   Code   RO        10502    .text               mc_w.l(init.o)
    0x080025bc   0x080025bc   0x00000008   Code   RO        10508    .text               mc_w.l(ctype_o.o)
    0x080025c4   0x080025c4   0x00000012   Code   RO        10530    .text               mc_w.l(isspace_o.o)
    0x080025d6   0x080025d6   0x00000002   PAD
    0x080025d8   0x080025d8   0x0000032c   Code   RO        10536    .text               mc_w.l(_scanf.o)
    0x08002904   0x08002904   0x00000056   Code   RO        10553    .text               mc_w.l(__dczerorl2.o)
    0x0800295a   0x0800295a   0x00000002   Code   RO          651    i.BusFault_Handler  gd32f30x_it.o
    0x0800295c   0x0800295c   0x0000004c   Code   RO         1897    i.CRC8_check        app_configure.o
    0x080029a8   0x080029a8   0x00000048   Code   RO          652    i.ENET_IRQHandler   gd32f30x_it.o
    0x080029f0   0x080029f0   0x00000070   Code   RO          653    i.EXTI10_15_IRQHandler  gd32f30x_it.o
    0x08002a60   0x08002a60   0x000000d4   Code   RO          654    i.EXTI5_9_IRQHandler  gd32f30x_it.o
    0x08002b34   0x08002b34   0x00000046   Code   RO         1704    i.FLASH_Program     app_ota.o
    0x08002b7a   0x08002b7a   0x00000002   Code   RO          655    i.HardFault_Handler  gd32f30x_it.o
    0x08002b7c   0x08002b7c   0x00000078   Code   RO          910    i.LCD_Data_Bus_Out  module_display.o
    0x08002bf4   0x08002bf4   0x00000002   Code   RO          656    i.MemManage_Handler  gd32f30x_it.o
    0x08002bf6   0x08002bf6   0x00000002   Code   RO          657    i.NMI_Handler       gd32f30x_it.o
    0x08002bf8   0x08002bf8   0x00000068   Code   RO          658    i.SPI2_IRQHandler   gd32f30x_it.o
    0x08002c60   0x08002c60   0x00000024   Code   RO        10087    i.SysTick_Handler   port.o
    0x08002c84   0x08002c84   0x00000040   Code   RO         2525    i.SystemInit        system_gd32f30x.o
    0x08002cc4   0x08002cc4   0x00000090   Code   RO          659    i.UART3_IRQHandler  gd32f30x_it.o
    0x08002d54   0x08002d54   0x00000090   Code   RO          660    i.UART4_IRQHandler  gd32f30x_it.o
    0x08002de4   0x08002de4   0x00000098   Code   RO          661    i.USART0_IRQHandler  gd32f30x_it.o
    0x08002e7c   0x08002e7c   0x00000090   Code   RO          662    i.USART1_IRQHandler  gd32f30x_it.o
    0x08002f0c   0x08002f0c   0x00000002   Code   RO          663    i.UsageFault_Handler  gd32f30x_it.o
    0x08002f0e   0x08002f0e   0x00000002   PAD
    0x08002f10   0x08002f10   0x00000050   Code   RO          911    i.Write_Command     module_display.o
    0x08002f60   0x08002f60   0x00000020   Code   RO        10393    i.__0printf$8       mc_w.l(printf8.o)
    0x08002f80   0x08002f80   0x00000028   Code   RO        10395    i.__0sprintf$8      mc_w.l(printf8.o)
    0x08002fa8   0x08002fa8   0x0000000e   Code   RO        10547    i.__scatterload_copy  mc_w.l(handlers.o)
    0x08002fb6   0x08002fb6   0x00000002   Code   RO        10548    i.__scatterload_null  mc_w.l(handlers.o)
    0x08002fb8   0x08002fb8   0x0000000e   Code   RO        10549    i.__scatterload_zeroinit  mc_w.l(handlers.o)
    0x08002fc6   0x08002fc6   0x00000002   PAD
    0x08002fc8   0x08002fc8   0x00000410   Code   RO        10400    i._printf_core      mc_w.l(printf8.o)
    0x080033d8   0x080033d8   0x00000024   Code   RO        10401    i._printf_post_padding  mc_w.l(printf8.o)
    0x080033fc   0x080033fc   0x0000002e   Code   RO        10402    i._printf_pre_padding  mc_w.l(printf8.o)
    0x0800342a   0x0800342a   0x0000000a   Code   RO        10404    i._sputc            mc_w.l(printf8.o)
    0x08003434   0x08003434   0x0000009e   Code   RO         8551    i.accept_function   api_msg.o
    0x080034d2   0x080034d2   0x00000002   PAD
    0x080034d4   0x080034d4   0x0000004c   Code   RO         1381    i.adc_process_cmd   module_adc.o
    0x08003520   0x08003520   0x00000044   Code   RO         1833    i.alarm_action      app_rs485net.o
    0x08003564   0x08003564   0x00000064   Code   RO         8838    i.alloc_socket      sockets.o
    0x080035c8   0x080035c8   0x0000001c   Code   RO         7335    i.arp_timer         lwip_timers.o
    0x080035e4   0x080035e4   0x00000068   Code   RO         1130    i.audio_init        module_audio.o
    0x0800364c   0x0800364c   0x0000008c   Code   RO         1131    i.audio_process_cmd  module_audio.o
    0x080036d8   0x080036d8   0x00000010   Code   RO         1132    i.beep_set          module_audio.o
    0x080036e8   0x080036e8   0x0000000e   Code   RO         2796    i.bkp_deinit        gd32f30x_bkp.o
    0x080036f6   0x080036f6   0x00000002   PAD
    0x080036f8   0x080036f8   0x0000002c   Code   RO         2801    i.bkp_read_data     gd32f30x_bkp.o
    0x08003724   0x08003724   0x00000028   Code   RO         2815    i.bkp_write_data    gd32f30x_bkp.o
    0x0800374c   0x0800374c   0x00000034   Code   RO         1834    i.cancel_alarm      app_rs485net.o
    0x08003780   0x08003780   0x0000000c   Code   RO         1994    i.clearalarm        app_format.o
    0x0800378c   0x0800378c   0x0000000c   Code   RO         1995    i.clearwarn         app_format.o
    0x08003798   0x08003798   0x00000044   Code   RO         1549    i.cmd_adcread       app_service_console.o
    0x080037dc   0x080037dc   0x000000ac   Code   RO         1550    i.cmd_audioctrl     app_service_console.o
    0x08003888   0x08003888   0x0000000c   Code   RO         1551    i.cmd_check_configuration  app_service_console.o
    0x08003894   0x08003894   0x0000006c   Code   RO         1552    i.cmd_displayctrl   app_service_console.o
    0x08003900   0x08003900   0x00000028   Code   RO         1553    i.cmd_help          app_service_console.o
    0x08003928   0x08003928   0x00000030   Code   RO         1554    i.cmd_key_flag      app_service_console.o
    0x08003958   0x08003958   0x00000040   Code   RO         1555    i.cmd_ledctrl       app_service_console.o
    0x08003998   0x08003998   0x00000090   Code   RO         1556    i.cmd_timeset       app_service_console.o
    0x08003a28   0x08003a28   0x0000000a   Code   RO         1557    i.cmd_timeshow      app_service_console.o
    0x08003a32   0x08003a32   0x00000002   PAD
    0x08003a34   0x08003a34   0x00000024   Code   RO         1558    i.cmd_version       app_service_console.o
    0x08003a58   0x08003a58   0x00000008   Code   RO         1133    i.codec_register_write_byte  module_audio.o
    0x08003a60   0x08003a60   0x00000032   Code   RO          831    i.crc16_modbus      protocol_modbus.o
    0x08003a92   0x08003a92   0x00000002   PAD
    0x08003a94   0x08003a94   0x00000310   Code   RO         1898    i.data_analyze      app_configure.o
    0x08003da4   0x08003da4   0x00000038   Code   RO         1899    i.data_check        app_configure.o
    0x08003ddc   0x08003ddc   0x00000098   Code   RO         7049    i.dhcp_arp_reply    dhcp.o
    0x08003e74   0x08003e74   0x0000016c   Code   RO         7050    i.dhcp_bind         dhcp.o
    0x08003fe0   0x08003fe0   0x00000030   Code   RO         7051    i.dhcp_check        dhcp.o
    0x08004010   0x08004010   0x00000060   Code   RO         7053    i.dhcp_coarse_tmr   dhcp.o
    0x08004070   0x08004070   0x000002b0   Code   RO         7054    i.dhcp_create_msg   dhcp.o
    0x08004320   0x08004320   0x00000078   Code   RO         7055    i.dhcp_decline      dhcp.o
    0x08004398   0x08004398   0x00000120   Code   RO         7056    i.dhcp_delete_msg   dhcp.o
    0x080044b8   0x080044b8   0x000000bc   Code   RO         7057    i.dhcp_discover     dhcp.o
    0x08004574   0x08004574   0x00000034   Code   RO         7058    i.dhcp_fine_tmr     dhcp.o
    0x080045a8   0x080045a8   0x00000084   Code   RO         7059    i.dhcp_handle_ack   dhcp.o
    0x0800462c   0x0800462c   0x000000a0   Code   RO         7062    i.dhcp_option       dhcp.o
    0x080046cc   0x080046cc   0x000000c4   Code   RO         7063    i.dhcp_option_byte  dhcp.o
    0x08004790   0x08004790   0x000000f8   Code   RO         7064    i.dhcp_option_long  dhcp.o
    0x08004888   0x08004888   0x0000009c   Code   RO         7065    i.dhcp_option_short  dhcp.o
    0x08004924   0x08004924   0x00000158   Code   RO         7066    i.dhcp_option_trailer  dhcp.o
    0x08004a7c   0x08004a7c   0x00000374   Code   RO         7067    i.dhcp_parse_reply  dhcp.o
    0x08004df0   0x08004df0   0x00000088   Code   RO         7068    i.dhcp_rebind       dhcp.o
    0x08004e78   0x08004e78   0x000000a0   Code   RO         7069    i.dhcp_reboot       dhcp.o
    0x08004f18   0x08004f18   0x00000194   Code   RO         7070    i.dhcp_recv         dhcp.o
    0x080050ac   0x080050ac   0x000000a4   Code   RO         7071    i.dhcp_release      dhcp.o
    0x08005150   0x08005150   0x00000084   Code   RO         7072    i.dhcp_renew        dhcp.o
    0x080051d4   0x080051d4   0x000000e8   Code   RO         7073    i.dhcp_select       dhcp.o
    0x080052bc   0x080052bc   0x00000010   Code   RO         7074    i.dhcp_set_state    dhcp.o
    0x080052cc   0x080052cc   0x0000016c   Code   RO         7076    i.dhcp_start        dhcp.o
    0x08005438   0x08005438   0x000000e0   Code   RO         7077    i.dhcp_stop         dhcp.o
    0x08005518   0x08005518   0x00000078   Code   RO         1627    i.dhcp_task         app_netconf.o
    0x08005590   0x08005590   0x00000088   Code   RO         7078    i.dhcp_timeout      dhcp.o
    0x08005618   0x08005618   0x0000001c   Code   RO         7336    i.dhcp_timer_coarse  lwip_timers.o
    0x08005634   0x08005634   0x0000001c   Code   RO         7337    i.dhcp_timer_fine   lwip_timers.o
    0x08005650   0x08005650   0x00000074   Code   RO          912    i.display_init      module_display.o
    0x080056c4   0x080056c4   0x00000028   Code   RO          913    i.display_process_cmd  module_display.o
    0x080056ec   0x080056ec   0x00000174   Code   RO         7234    i.dns_check_entry   dns.o
    0x08005860   0x08005860   0x00000060   Code   RO         7238    i.dns_init          dns.o
    0x080058c0   0x080058c0   0x00000024   Code   RO         7239    i.dns_parse_name    dns.o
    0x080058e4   0x080058e4   0x00000170   Code   RO         7240    i.dns_recv          dns.o
    0x08005a54   0x08005a54   0x000001b0   Code   RO         7241    i.dns_send          dns.o
    0x08005c04   0x08005c04   0x00000024   Code   RO         7242    i.dns_setserver     dns.o
    0x08005c28   0x08005c28   0x0000001c   Code   RO         7338    i.dns_timer         lwip_timers.o
    0x08005c44   0x08005c44   0x00000020   Code   RO         7243    i.dns_tmr           dns.o
    0x08005c64   0x08005c64   0x0000005c   Code   RO         8552    i.do_bind           api_msg.o
    0x08005cc0   0x08005cc0   0x00000268   Code   RO         8554    i.do_close_internal  api_msg.o
    0x08005f28   0x08005f28   0x00000120   Code   RO         8555    i.do_connect        api_msg.o
    0x08006048   0x08006048   0x0000015c   Code   RO         8556    i.do_connected      api_msg.o
    0x080061a4   0x080061a4   0x00000198   Code   RO         8557    i.do_delconn        api_msg.o
    0x0800633c   0x0800633c   0x00000100   Code   RO         8560    i.do_getaddr        api_msg.o
    0x0800643c   0x0800643c   0x000000b0   Code   RO         8562    i.do_listen         api_msg.o
    0x080064ec   0x080064ec   0x00000020   Code   RO         8563    i.do_newconn        api_msg.o
    0x0800650c   0x0800650c   0x00000042   Code   RO         8564    i.do_recv           api_msg.o
    0x0800654e   0x0800654e   0x00000080   Code   RO         8565    i.do_send           api_msg.o
    0x080065ce   0x080065ce   0x00000002   PAD
    0x080065d0   0x080065d0   0x00000108   Code   RO         8566    i.do_write          api_msg.o
    0x080066d8   0x080066d8   0x000002a0   Code   RO         8567    i.do_writemore      api_msg.o
    0x08006978   0x08006978   0x0000001a   Code   RO         3565    i.enet_deinit       gd32f30x_enet.o
    0x08006992   0x08006992   0x0000000e   Code   RO         3566    i.enet_delay        gd32f30x_enet.o
    0x080069a0   0x080069a0   0x00000054   Code   RO         3570    i.enet_desc_information_get  gd32f30x_enet.o
    0x080069f4   0x080069f4   0x0000008c   Code   RO         3572    i.enet_descriptors_chain_init  gd32f30x_enet.o
    0x08006a80   0x08006a80   0x0000000e   Code   RO         3579    i.enet_enable       gd32f30x_enet.o
    0x08006a8e   0x08006a8e   0x00000002   PAD
    0x08006a90   0x08006a90   0x0000008c   Code   RO         3589    i.enet_frame_receive  gd32f30x_enet.o
    0x08006b1c   0x08006b1c   0x00000078   Code   RO         3590    i.enet_frame_transmit  gd32f30x_enet.o
    0x08006b94   0x08006b94   0x0000012c   Code   RO          616    i.enet_gpio_config  gd32f30x_enet_eval.o
    0x08006cc0   0x08006cc0   0x000002c0   Code   RO         3591    i.enet_init         gd32f30x_enet.o
    0x08006f80   0x08006f80   0x00000028   Code   RO         3593    i.enet_initpara_reset  gd32f30x_enet.o
    0x08006fa8   0x08006fa8   0x0000002c   Code   RO         3595    i.enet_interrupt_enable  gd32f30x_enet.o
    0x08006fd4   0x08006fd4   0x00000018   Code   RO         3596    i.enet_interrupt_flag_clear  gd32f30x_enet.o
    0x08006fec   0x08006fec   0x00000020   Code   RO         3597    i.enet_interrupt_flag_get  gd32f30x_enet.o
    0x0800700c   0x0800700c   0x0000001c   Code   RO         3599    i.enet_mac_address_set  gd32f30x_enet.o
    0x08007028   0x08007028   0x000000b8   Code   RO         3609    i.enet_phy_config   gd32f30x_enet.o
    0x080070e0   0x080070e0   0x00000064   Code   RO         3610    i.enet_phy_write_read  gd32f30x_enet.o
    0x08007144   0x08007144   0x0000000a   Code   RO         3635    i.enet_rx_desc_immediate_receive_complete_interrupt  gd32f30x_enet.o
    0x0800714e   0x0800714e   0x00000002   PAD
    0x08007150   0x08007150   0x00000020   Code   RO         3637    i.enet_rx_enable    gd32f30x_enet.o
    0x08007170   0x08007170   0x00000034   Code   RO         3641    i.enet_software_reset  gd32f30x_enet.o
    0x080071a4   0x080071a4   0x0000006c   Code   RO          617    i.enet_system_setup  gd32f30x_enet_eval.o
    0x08007210   0x08007210   0x00000012   Code   RO         3642    i.enet_transmit_checksum_config  gd32f30x_enet.o
    0x08007222   0x08007222   0x00000002   PAD
    0x08007224   0x08007224   0x00000024   Code   RO         3644    i.enet_tx_enable    gd32f30x_enet.o
    0x08007248   0x08007248   0x00000030   Code   RO         3645    i.enet_txfifo_flush  gd32f30x_enet.o
    0x08007278   0x08007278   0x0000003c   Code   RO         1705    i.erase_page        app_ota.o
    0x080072b4   0x080072b4   0x00000180   Code   RO         8568    i.err_tcp           api_msg.o
    0x08007434   0x08007434   0x000000fc   Code   RO         1134    i.es8311_codec      module_audio.o
    0x08007530   0x08007530   0x00000086   Code   RO         1135    i.es8311_powerdown  module_audio.o
    0x080075b6   0x080075b6   0x00000002   PAD
    0x080075b8   0x080075b8   0x00000064   Code   RO         1136    i.es8311_resume     module_audio.o
    0x0800761c   0x0800761c   0x00000076   Code   RO         1137    i.es8311_standby    module_audio.o
    0x08007692   0x08007692   0x00000002   PAD
    0x08007694   0x08007694   0x0000016c   Code   RO         9107    i.etharp_arp_input  etharp.o
    0x08007800   0x08007800   0x00000030   Code   RO         9108    i.etharp_cleanup_netif  etharp.o
    0x08007830   0x08007830   0x00000258   Code   RO         9110    i.etharp_find_entry  etharp.o
    0x08007a88   0x08007a88   0x0000003c   Code   RO         9111    i.etharp_free_entry  etharp.o
    0x08007ac4   0x08007ac4   0x000001c0   Code   RO         9112    i.etharp_output     etharp.o
    0x08007c84   0x08007c84   0x000000e8   Code   RO         9113    i.etharp_output_to_arp_index  etharp.o
    0x08007d6c   0x08007d6c   0x000001cc   Code   RO         9114    i.etharp_query      etharp.o
    0x08007f38   0x08007f38   0x00000184   Code   RO         9115    i.etharp_raw        etharp.o
    0x080080bc   0x080080bc   0x00000024   Code   RO         9116    i.etharp_request    etharp.o
    0x080080e0   0x080080e0   0x000000ac   Code   RO         9117    i.etharp_send_ip    etharp.o
    0x0800818c   0x0800818c   0x00000048   Code   RO         9118    i.etharp_tmr        etharp.o
    0x080081d4   0x080081d4   0x0000011c   Code   RO         9119    i.etharp_update_arp_entry  etharp.o
    0x080082f0   0x080082f0   0x00000124   Code   RO         9120    i.ethernet_input    etharp.o
    0x08008414   0x08008414   0x0000007c   Code   RO         9202    i.ethernetif_init   ethernetif.o
    0x08008490   0x08008490   0x00000098   Code   RO         9203    i.ethernetif_input  ethernetif.o
    0x08008528   0x08008528   0x000001a4   Code   RO         8839    i.event_callback    sockets.o
    0x080086cc   0x080086cc   0x00000068   Code   RO         4279    i.exti_init         gd32f30x_exti.o
    0x08008734   0x08008734   0x0000000c   Code   RO         4282    i.exti_interrupt_flag_clear  gd32f30x_exti.o
    0x08008740   0x08008740   0x00000014   Code   RO         4283    i.exti_interrupt_flag_get  gd32f30x_exti.o
    0x08008754   0x08008754   0x00000016   Code   RO         4366    i.fmc_bank0_ready_wait  gd32f30x_fmc.o
    0x0800876a   0x0800876a   0x00000002   PAD
    0x0800876c   0x0800876c   0x00000028   Code   RO         4367    i.fmc_bank0_state_get  gd32f30x_fmc.o
    0x08008794   0x08008794   0x00000016   Code   RO         4371    i.fmc_bank1_ready_wait  gd32f30x_fmc.o
    0x080087aa   0x080087aa   0x00000002   PAD
    0x080087ac   0x080087ac   0x00000028   Code   RO         4372    i.fmc_bank1_state_get  gd32f30x_fmc.o
    0x080087d4   0x080087d4   0x0000001c   Code   RO         4374    i.fmc_flag_clear    gd32f30x_fmc.o
    0x080087f0   0x080087f0   0x00000028   Code   RO         4381    i.fmc_lock          gd32f30x_fmc.o
    0x08008818   0x08008818   0x00000088   Code   RO         4383    i.fmc_page_erase    gd32f30x_fmc.o
    0x080088a0   0x080088a0   0x00000038   Code   RO         4384    i.fmc_unlock        gd32f30x_fmc.o
    0x080088d8   0x080088d8   0x00000074   Code   RO         4385    i.fmc_word_program  gd32f30x_fmc.o
    0x0800894c   0x0800894c   0x00000024   Code   RO            4    i.fputc             main.o
    0x08008970   0x08008970   0x0000002e   Code   RO         1706    i.gd_check_sum      app_ota.o
    0x0800899e   0x0800899e   0x00000002   PAD
    0x080089a0   0x080089a0   0x00000108   Code   RO         6953    i.gd_eval_com_init  gd32f307c_eval.o
    0x08008aa8   0x08008aa8   0x00000070   Code   RO         6954    i.gd_eval_key_init  gd32f307c_eval.o
    0x08008b18   0x08008b18   0x00000038   Code   RO         6956    i.gd_eval_led_init  gd32f307c_eval.o
    0x08008b50   0x08008b50   0x00000018   Code   RO         6957    i.gd_eval_led_off   gd32f307c_eval.o
    0x08008b68   0x08008b68   0x00000018   Code   RO         6958    i.gd_eval_led_on    gd32f307c_eval.o
    0x08008b80   0x08008b80   0x00000030   Code   RO         6959    i.gd_eval_led_toggle  gd32f307c_eval.o
    0x08008bb0   0x08008bb0   0x0000000c   Code   RO         1235    i.get_key_value     module_key.o
    0x08008bbc   0x08008bbc   0x0000001c   Code   RO         8840    i.get_socket        sockets.o
    0x08008bd8   0x08008bd8   0x00000004   Code   RO         4657    i.gpio_bit_reset    gd32f30x_gpio.o
    0x08008bdc   0x08008bdc   0x00000004   Code   RO         4658    i.gpio_bit_set      gd32f30x_gpio.o
    0x08008be0   0x08008be0   0x0000000a   Code   RO         4659    i.gpio_bit_write    gd32f30x_gpio.o
    0x08008bea   0x08008bea   0x00000002   PAD
    0x08008bec   0x08008bec   0x00000018   Code   RO         4663    i.gpio_ethernet_phy_select  gd32f30x_gpio.o
    0x08008c04   0x08008c04   0x00000058   Code   RO         4667    i.gpio_exti_source_select  gd32f30x_gpio.o
    0x08008c5c   0x08008c5c   0x000000a6   Code   RO         4668    i.gpio_init         gd32f30x_gpio.o
    0x08008d02   0x08008d02   0x0000000a   Code   RO         4669    i.gpio_input_bit_get  gd32f30x_gpio.o
    0x08008d0c   0x08008d0c   0x00000058   Code   RO         4674    i.gpio_pin_remap_config  gd32f30x_gpio.o
    0x08008d64   0x08008d64   0x00000060   Code   RO         1559    i.handle_command    app_service_console.o
    0x08008dc4   0x08008dc4   0x0000012c   Code   RO         1900    i.handle_configuration_downloaded_wav  app_configure.o
    0x08008ef0   0x08008ef0   0x0000001e   Code   RO         1901    i.handle_configuration_read  app_configure.o
    0x08008f0e   0x08008f0e   0x0000001e   Code   RO         1902    i.handle_configuration_write  app_configure.o
    0x08008f2c   0x08008f2c   0x00000218   Code   RO         1707    i.handle_otadata    app_ota.o
    0x08009144   0x08009144   0x0000000c   Code   RO         4794    i.i2c_ack_config    gd32f30x_i2c.o
    0x08009150   0x08009150   0x0000000c   Code   RO         4795    i.i2c_ackpos_config  gd32f30x_i2c.o
    0x0800915c   0x0800915c   0x00000100   Code   RO         4796    i.i2c_clock_config  gd32f30x_i2c.o
    0x0800925c   0x0800925c   0x00000054   Code   RO          871    i.i2c_config        protocol_i2c.o
    0x080092b0   0x080092b0   0x00000006   Code   RO         4797    i.i2c_data_receive  gd32f30x_i2c.o
    0x080092b6   0x080092b6   0x00000004   Code   RO         4798    i.i2c_data_transmit  gd32f30x_i2c.o
    0x080092ba   0x080092ba   0x0000000a   Code   RO         4805    i.i2c_enable        gd32f30x_i2c.o
    0x080092c4   0x080092c4   0x00000022   Code   RO         4806    i.i2c_flag_clear    gd32f30x_i2c.o
    0x080092e6   0x080092e6   0x00000016   Code   RO         4807    i.i2c_flag_get      gd32f30x_i2c.o
    0x080092fc   0x080092fc   0x00000012   Code   RO         4812    i.i2c_master_addressing  gd32f30x_i2c.o
    0x0800930e   0x0800930e   0x00000016   Code   RO         4813    i.i2c_mode_addr_config  gd32f30x_i2c.o
    0x08009324   0x08009324   0x00000110   Code   RO         1382    i.i2c_read_adc_data  module_adc.o
    0x08009434   0x08009434   0x000000f0   Code   RO          873    i.i2c_register_write_byte  protocol_i2c.o
    0x08009524   0x08009524   0x0000000a   Code   RO         4822    i.i2c_start_on_bus  gd32f30x_i2c.o
    0x0800952e   0x0800952e   0x0000000a   Code   RO         4823    i.i2c_stop_on_bus   gd32f30x_i2c.o
    0x08009538   0x08009538   0x0000000a   Code   RO         5869    i.i2s_enable        gd32f30x_spi.o
    0x08009542   0x08009542   0x00000018   Code   RO         5870    i.i2s_init          gd32f30x_spi.o
    0x0800955a   0x0800955a   0x00000002   PAD
    0x0800955c   0x0800955c   0x000000d4   Code   RO         5871    i.i2s_psc_config    gd32f30x_spi.o
    0x08009630   0x08009630   0x00000008   Code   RO         8248    i.icmp_dest_unreach  icmp.o
    0x08009638   0x08009638   0x00000290   Code   RO         8249    i.icmp_input        icmp.o
    0x080098c8   0x080098c8   0x00000108   Code   RO         8250    i.icmp_send_response  icmp.o
    0x080099d0   0x080099d0   0x0000000c   Code   RO         8283    i.inet_chksum       inet_chksum.o
    0x080099dc   0x080099dc   0x00000048   Code   RO         8284    i.inet_chksum_pbuf  inet_chksum.o
    0x08009a24   0x08009a24   0x00000034   Code   RO            5    i.init_task         main.o
    0x08009a58   0x08009a58   0x0000002e   Code   RO         8354    i.ip4_addr_isbroadcast  ip_addr.o
    0x08009a86   0x08009a86   0x00000002   PAD
    0x08009a88   0x08009a88   0x00000170   Code   RO         8318    i.ip_input          ip.o
    0x08009bf8   0x08009bf8   0x000000b4   Code   RO         8319    i.ip_output         ip.o
    0x08009cac   0x08009cac   0x00000154   Code   RO         8320    i.ip_output_if      ip.o
    0x08009e00   0x08009e00   0x00000040   Code   RO         8321    i.ip_route          ip.o
    0x08009e40   0x08009e40   0x00000014   Code   RO         8356    i.ipaddr_addr       ip_addr.o
    0x08009e54   0x08009e54   0x00000178   Code   RO         8357    i.ipaddr_aton       ip_addr.o
    0x08009fcc   0x08009fcc   0x00000058   Code   RO         1411    i.is_day_right      module_rtc.o
    0x0800a024   0x0800a024   0x00000026   Code   RO         1412    i.is_leapyear       module_rtc.o
    0x0800a04a   0x0800a04a   0x00000002   PAD
    0x0800a04c   0x0800a04c   0x0000000c   Code   RO         1996    i.isalarmhappened   app_format.o
    0x0800a058   0x0800a058   0x0000000c   Code   RO         1997    i.iswarnhappened    app_format.o
    0x0800a064   0x0800a064   0x00000060   Code   RO         1236    i.key_group_init    module_key.o
    0x0800a0c4   0x0800a0c4   0x0000001c   Code   RO         1237    i.key_process_cmd   module_key.o
    0x0800a0e0   0x0800a0e0   0x0000008c   Code   RO          914    i.lcd_display       module_display.o
    0x0800a16c   0x0800a16c   0x00000048   Code   RO         1091    i.led_group_init    module_led.o
    0x0800a1b4   0x0800a1b4   0x00000010   Code   RO         1092    i.led_process_cmd   module_led.o
    0x0800a1c4   0x0800a1c4   0x00000094   Code   RO         1093    i.led_task          module_led.o
    0x0800a258   0x0800a258   0x000000f4   Code   RO         9204    i.low_level_init    ethernetif.o
    0x0800a34c   0x0800a34c   0x00000094   Code   RO         9205    i.low_level_output  ethernetif.o
    0x0800a3e0   0x0800a3e0   0x00000230   Code   RO         8841    i.lwip_accept       sockets.o
    0x0800a610   0x0800a610   0x000000e8   Code   RO         8842    i.lwip_bind         sockets.o
    0x0800a6f8   0x0800a6f8   0x000000e0   Code   RO         8843    i.lwip_close        sockets.o
    0x0800a7d8   0x0800a7d8   0x000000ec   Code   RO         8844    i.lwip_connect      sockets.o
    0x0800a8c4   0x0800a8c4   0x00000004   Code   RO         7019    i.lwip_htonl        def.o
    0x0800a8c8   0x0800a8c8   0x00000004   Code   RO         7020    i.lwip_htons        def.o
    0x0800a8cc   0x0800a8cc   0x0000002a   Code   RO         7298    i.lwip_init         init.o
    0x0800a8f6   0x0800a8f6   0x00000002   PAD
    0x0800a8f8   0x0800a8f8   0x0000005c   Code   RO         8852    i.lwip_listen       sockets.o
    0x0800a954   0x0800a954   0x00000004   Code   RO         7021    i.lwip_ntohl        def.o
    0x0800a958   0x0800a958   0x00000004   Code   RO         7022    i.lwip_ntohs        def.o
    0x0800a95c   0x0800a95c   0x0000000e   Code   RO         8854    i.lwip_recv         sockets.o
    0x0800a96a   0x0800a96a   0x00000002   PAD
    0x0800a96c   0x0800a96c   0x0000026c   Code   RO         8855    i.lwip_recvfrom     sockets.o
    0x0800abd8   0x0800abd8   0x00000078   Code   RO         8858    i.lwip_send         sockets.o
    0x0800ac50   0x0800ac50   0x00000174   Code   RO         8859    i.lwip_sendto       sockets.o
    0x0800adc4   0x0800adc4   0x0000006c   Code   RO         8863    i.lwip_socket       sockets.o
    0x0800ae30   0x0800ae30   0x00000002   Code   RO         8864    i.lwip_socket_init  sockets.o
    0x0800ae32   0x0800ae32   0x00000002   PAD
    0x0800ae34   0x0800ae34   0x0000008c   Code   RO         1628    i.lwip_stack_init   app_netconf.o
    0x0800aec0   0x0800aec0   0x00000058   Code   RO         8287    i.lwip_standard_chksum  inet_chksum.o
    0x0800af18   0x0800af18   0x00000064   Code   RO            6    i.main              main.o
    0x0800af7c   0x0800af7c   0x0000013c   Code   RO         7426    i.mem_free          mem.o
    0x0800b0b8   0x0800b0b8   0x000000cc   Code   RO         7427    i.mem_init          mem.o
    0x0800b184   0x0800b184   0x00000214   Code   RO         7428    i.mem_malloc        mem.o
    0x0800b398   0x0800b398   0x000001a8   Code   RO         7429    i.mem_trim          mem.o
    0x0800b540   0x0800b540   0x000000b4   Code   RO         7470    i.memp_free         memp.o
    0x0800b5f4   0x0800b5f4   0x00000058   Code   RO         7471    i.memp_init         memp.o
    0x0800b64c   0x0800b64c   0x000000f0   Code   RO         7472    i.memp_malloc       memp.o
    0x0800b73c   0x0800b73c   0x00000022   Code   RO         8732    i.netbuf_delete     netbuf.o
    0x0800b75e   0x0800b75e   0x00000002   PAD
    0x0800b760   0x0800b760   0x000000a4   Code   RO         8734    i.netbuf_free       netbuf.o
    0x0800b804   0x0800b804   0x000000c8   Code   RO         8737    i.netbuf_ref        netbuf.o
    0x0800b8cc   0x0800b8cc   0x00000168   Code   RO         8414    i.netconn_accept    api_lib.o
    0x0800ba34   0x0800ba34   0x0000006a   Code   RO         8569    i.netconn_alloc     api_msg.o
    0x0800ba9e   0x0800ba9e   0x00000002   PAD
    0x0800baa0   0x0800baa0   0x000000c8   Code   RO         8415    i.netconn_bind      api_lib.o
    0x0800bb68   0x0800bb68   0x000000cc   Code   RO         8418    i.netconn_connect   api_lib.o
    0x0800bc34   0x0800bc34   0x00000024   Code   RO         8419    i.netconn_delete    api_lib.o
    0x0800bc58   0x0800bc58   0x00000140   Code   RO         8570    i.netconn_drain     api_msg.o
    0x0800bd98   0x0800bd98   0x00000170   Code   RO         8571    i.netconn_free      api_msg.o
    0x0800bf08   0x0800bf08   0x00000124   Code   RO         8421    i.netconn_getaddr   api_lib.o
    0x0800c02c   0x0800c02c   0x000000c8   Code   RO         8423    i.netconn_listen_with_backlog  api_lib.o
    0x0800c0f4   0x0800c0f4   0x0000017c   Code   RO         8424    i.netconn_new_with_proto_and_callback  api_lib.o
    0x0800c270   0x0800c270   0x00000190   Code   RO         8425    i.netconn_recv      api_lib.o
    0x0800c400   0x0800c400   0x000001d4   Code   RO         8426    i.netconn_recv_data  api_lib.o
    0x0800c5d4   0x0800c5d4   0x000000a4   Code   RO         8427    i.netconn_recv_tcp_pbuf  api_lib.o
    0x0800c678   0x0800c678   0x0000002c   Code   RO         8428    i.netconn_recved    api_lib.o
    0x0800c6a4   0x0800c6a4   0x000000c8   Code   RO         8429    i.netconn_send      api_lib.o
    0x0800c76c   0x0800c76c   0x00000148   Code   RO         8432    i.netconn_write_partly  api_lib.o
    0x0800c8b4   0x0800c8b4   0x000000e0   Code   RO         7514    i.netif_add         netif.o
    0x0800c994   0x0800c994   0x00000002   Code   RO         7516    i.netif_init        netif.o
    0x0800c996   0x0800c996   0x00000020   Code   RO         7518    i.netif_set_addr    netif.o
    0x0800c9b6   0x0800c9b6   0x00000002   PAD
    0x0800c9b8   0x0800c9b8   0x0000000c   Code   RO         7519    i.netif_set_default  netif.o
    0x0800c9c4   0x0800c9c4   0x0000001a   Code   RO         7520    i.netif_set_down    netif.o
    0x0800c9de   0x0800c9de   0x00000008   Code   RO         7521    i.netif_set_gw      netif.o
    0x0800c9e6   0x0800c9e6   0x00000002   PAD
    0x0800c9e8   0x0800c9e8   0x00000068   Code   RO         7522    i.netif_set_ipaddr  netif.o
    0x0800ca50   0x0800ca50   0x00000008   Code   RO         7525    i.netif_set_netmask  netif.o
    0x0800ca58   0x0800ca58   0x00000020   Code   RO         7526    i.netif_set_up      netif.o
    0x0800ca78   0x0800ca78   0x00000094   Code   RO         4999    i.nvic_irq_enable   gd32f30x_misc.o
    0x0800cb0c   0x0800cb0c   0x00000014   Code   RO         5000    i.nvic_priority_group_set  gd32f30x_misc.o
    0x0800cb20   0x0800cb20   0x00000018   Code   RO         5001    i.nvic_vector_table_set  gd32f30x_misc.o
    0x0800cb38   0x0800cb38   0x0000001e   Code   RO         1903    i.one_byte_to_eight_bool  app_configure.o
    0x0800cb56   0x0800cb56   0x00000002   PAD
    0x0800cb58   0x0800cb58   0x0000002c   Code   RO          833    i.packed_modbus_rtu_frame  protocol_modbus.o
    0x0800cb84   0x0800cb84   0x00000098   Code   RO          834    i.parse_modbus_rtu_frame  protocol_modbus.o
    0x0800cc1c   0x0800cc1c   0x00000364   Code   RO         7604    i.pbuf_alloc        pbuf.o
    0x0800cf80   0x0800cf80   0x00000134   Code   RO         7605    i.pbuf_cat          pbuf.o
    0x0800d0b4   0x0800d0b4   0x00000012   Code   RO         7606    i.pbuf_chain        pbuf.o
    0x0800d0c6   0x0800d0c6   0x00000012   Code   RO         7607    i.pbuf_clen         pbuf.o
    0x0800d0d8   0x0800d0d8   0x000001f0   Code   RO         7609    i.pbuf_copy         pbuf.o
    0x0800d2c8   0x0800d2c8   0x00000120   Code   RO         7610    i.pbuf_copy_partial  pbuf.o
    0x0800d3e8   0x0800d3e8   0x00000134   Code   RO         7612    i.pbuf_free         pbuf.o
    0x0800d51c   0x0800d51c   0x00000124   Code   RO         7614    i.pbuf_header       pbuf.o
    0x0800d640   0x0800d640   0x00000198   Code   RO         7617    i.pbuf_realloc      pbuf.o
    0x0800d7d8   0x0800d7d8   0x0000001a   Code   RO         7618    i.pbuf_ref          pbuf.o
    0x0800d7f2   0x0800d7f2   0x00000002   PAD
    0x0800d7f4   0x0800d7f4   0x00000118   Code   RO         8572    i.pcb_new           api_msg.o
    0x0800d90c   0x0800d90c   0x00000178   Code   RO         7430    i.plug_holes        mem.o
    0x0800da84   0x0800da84   0x00000010   Code   RO         5059    i.pmu_backup_write_enable  gd32f30x_pmu.o
    0x0800da94   0x0800da94   0x000000d8   Code   RO         8573    i.poll_tcp          api_msg.o
    0x0800db6c   0x0800db6c   0x00000034   Code   RO         9673    i.prvAddCurrentTaskToDelayedList  tasks.o
    0x0800dba0   0x0800dba0   0x00000054   Code   RO         9968    i.prvCheckForValidListAndQueue  timers.o
    0x0800dbf4   0x0800dbf4   0x00000054   Code   RO         9674    i.prvCheckTasksWaitingTermination  tasks.o
    0x0800dc48   0x0800dc48   0x00000026   Code   RO         9502    i.prvCopyDataFromQueue  queue.o
    0x0800dc6e   0x0800dc6e   0x0000006e   Code   RO         9503    i.prvCopyDataToQueue  queue.o
    0x0800dcdc   0x0800dcdc   0x00000018   Code   RO         9675    i.prvIdleTask       tasks.o
    0x0800dcf4   0x0800dcf4   0x00000038   Code   RO         9969    i.prvInsertTimerInActiveList  timers.o
    0x0800dd2c   0x0800dd2c   0x000000a8   Code   RO         9970    i.prvProcessReceivedCommands  timers.o
    0x0800ddd4   0x0800ddd4   0x0000009c   Code   RO         9971    i.prvProcessTimerOrBlockTask  timers.o
    0x0800de70   0x0800de70   0x00000020   Code   RO         9677    i.prvResetNextTaskUnblockTime  tasks.o
    0x0800de90   0x0800de90   0x00000028   Code   RO         9972    i.prvSampleTimeNow  timers.o
    0x0800deb8   0x0800deb8   0x00000060   Code   RO         9973    i.prvSwitchTimerLists  timers.o
    0x0800df18   0x0800df18   0x00000018   Code   RO        10088    i.prvTaskExitError  port.o
    0x0800df30   0x0800df30   0x00000024   Code   RO         9974    i.prvTimerTask      timers.o
    0x0800df54   0x0800df54   0x00000064   Code   RO         9504    i.prvUnlockQueue    queue.o
    0x0800dfb8   0x0800dfb8   0x000000b4   Code   RO        10053    i.pvPortMalloc      heap_2.o
    0x0800e06c   0x0800e06c   0x00000018   Code   RO         9679    i.pvTaskIncrementMutexHeldCount  tasks.o
    0x0800e084   0x0800e084   0x00000020   Code   RO        10089    i.pxPortInitialiseStack  port.o
    0x0800e0a4   0x0800e0a4   0x0000000a   Code   RO         7714    i.raw_bind          raw.o
    0x0800e0ae   0x0800e0ae   0x0000000a   Code   RO         7715    i.raw_connect       raw.o
    0x0800e0b8   0x0800e0b8   0x00000074   Code   RO         7716    i.raw_input         raw.o
    0x0800e12c   0x0800e12c   0x0000002c   Code   RO         7717    i.raw_new           raw.o
    0x0800e158   0x0800e158   0x00000006   Code   RO         7718    i.raw_recv          raw.o
    0x0800e15e   0x0800e15e   0x00000002   PAD
    0x0800e160   0x0800e160   0x0000002c   Code   RO         7719    i.raw_remove        raw.o
    0x0800e18c   0x0800e18c   0x00000006   Code   RO         7720    i.raw_send          raw.o
    0x0800e192   0x0800e192   0x00000002   PAD
    0x0800e194   0x0800e194   0x00000128   Code   RO         7721    i.raw_sendto        raw.o
    0x0800e2bc   0x0800e2bc   0x00000010   Code   RO         5199    i.rcu_all_reset_flag_clear  gd32f30x_rcu.o
    0x0800e2cc   0x0800e2cc   0x00000010   Code   RO         5202    i.rcu_bkp_reset_disable  gd32f30x_rcu.o
    0x0800e2dc   0x0800e2dc   0x00000010   Code   RO         5203    i.rcu_bkp_reset_enable  gd32f30x_rcu.o
    0x0800e2ec   0x0800e2ec   0x00000014   Code   RO         5205    i.rcu_ckout0_config  gd32f30x_rcu.o
    0x0800e300   0x0800e300   0x00000140   Code   RO         5206    i.rcu_clock_freq_get  gd32f30x_rcu.o
    0x0800e440   0x0800e440   0x00000020   Code   RO         5209    i.rcu_flag_get      gd32f30x_rcu.o
    0x0800e460   0x0800e460   0x0000001c   Code   RO         5223    i.rcu_osci_on       gd32f30x_rcu.o
    0x0800e47c   0x0800e47c   0x000000f8   Code   RO         5224    i.rcu_osci_stab_wait  gd32f30x_rcu.o
    0x0800e574   0x0800e574   0x0000001c   Code   RO         5226    i.rcu_periph_clock_enable  gd32f30x_rcu.o
    0x0800e590   0x0800e590   0x0000001c   Code   RO         5229    i.rcu_periph_reset_disable  gd32f30x_rcu.o
    0x0800e5ac   0x0800e5ac   0x0000001c   Code   RO         5230    i.rcu_periph_reset_enable  gd32f30x_rcu.o
    0x0800e5c8   0x0800e5c8   0x00000018   Code   RO         5232    i.rcu_pll2_config   gd32f30x_rcu.o
    0x0800e5e0   0x0800e5e0   0x00000014   Code   RO         5237    i.rcu_rtc_clock_config  gd32f30x_rcu.o
    0x0800e5f4   0x0800e5f4   0x00000032   Code   RO         1904    i.read_data_and_analyze  app_configure.o
    0x0800e626   0x0800e626   0x00000020   Code   RO         1905    i.read_data_and_set_ack  app_configure.o
    0x0800e646   0x0800e646   0x00000002   PAD
    0x0800e648   0x0800e648   0x00000098   Code   RO         1138    i.read_data_from_flash  module_audio.o
    0x0800e6e0   0x0800e6e0   0x00000078   Code   RO         8574    i.recv_raw          api_msg.o
    0x0800e758   0x0800e758   0x00000164   Code   RO         8575    i.recv_tcp          api_msg.o
    0x0800e8bc   0x0800e8bc   0x00000164   Code   RO         8576    i.recv_udp          api_msg.o
    0x0800ea20   0x0800ea20   0x00000010   Code   RO         1498    i.register_telnet_handledata_callback  app_telnet.o
    0x0800ea30   0x0800ea30   0x0000085c   Code   RO         1835    i.rs485net_task     app_rs485net.o
    0x0800f28c   0x0800f28c   0x00000194   Code   RO         1836    i.rs485net_task_init  app_rs485net.o
    0x0800f420   0x0800f420   0x0000006c   Code   RO         1413    i.rtc_calendar_init  module_rtc.o
    0x0800f48c   0x0800f48c   0x00000052   Code   RO         1414    i.rtc_configuration  module_rtc.o
    0x0800f4de   0x0800f4de   0x00000002   PAD
    0x0800f4e0   0x0800f4e0   0x00000010   Code   RO         5480    i.rtc_configuration_mode_enter  gd32f30x_rtc.o
    0x0800f4f0   0x0800f4f0   0x00000010   Code   RO         5481    i.rtc_configuration_mode_exit  gd32f30x_rtc.o
    0x0800f500   0x0800f500   0x00000014   Code   RO         5482    i.rtc_counter_get   gd32f30x_rtc.o
    0x0800f514   0x0800f514   0x00000020   Code   RO         5483    i.rtc_counter_set   gd32f30x_rtc.o
    0x0800f534   0x0800f534   0x00000010   Code   RO         5488    i.rtc_interrupt_enable  gd32f30x_rtc.o
    0x0800f544   0x0800f544   0x00000010   Code   RO         5489    i.rtc_lwoff_wait    gd32f30x_rtc.o
    0x0800f554   0x0800f554   0x00000024   Code   RO         5490    i.rtc_prescaler_set  gd32f30x_rtc.o
    0x0800f578   0x0800f578   0x00000018   Code   RO         5491    i.rtc_register_sync_wait  gd32f30x_rtc.o
    0x0800f590   0x0800f590   0x000000d8   Code   RO         8577    i.sent_tcp          api_msg.o
    0x0800f668   0x0800f668   0x00000018   Code   RO         1837    i.set_alarm_data    app_rs485net.o
    0x0800f680   0x0800f680   0x0000000c   Code   RO         1139    i.set_num           module_audio.o
    0x0800f68c   0x0800f68c   0x00000018   Code   RO         1838    i.set_warn_data     app_rs485net.o
    0x0800f6a4   0x0800f6a4   0x00000044   Code   RO         8578    i.setup_tcp         api_msg.o
    0x0800f6e8   0x0800f6e8   0x0000000a   Code   RO         5883    i.spi_enable        gd32f30x_spi.o
    0x0800f6f2   0x0800f6f2   0x00000002   PAD
    0x0800f6f4   0x0800f6f4   0x00000054   Code   RO         1277    i.spi_flash_buffer_read  module_gd25qxx.o
    0x0800f748   0x0800f748   0x000000bc   Code   RO         1278    i.spi_flash_buffer_write  module_gd25qxx.o
    0x0800f804   0x0800f804   0x00000084   Code   RO         1280    i.spi_flash_init    module_gd25qxx.o
    0x0800f888   0x0800f888   0x00000058   Code   RO         1281    i.spi_flash_page_write  module_gd25qxx.o
    0x0800f8e0   0x0800f8e0   0x00000044   Code   RO         1284    i.spi_flash_sector_erase  module_gd25qxx.o
    0x0800f924   0x0800f924   0x00000034   Code   RO         1285    i.spi_flash_send_byte  module_gd25qxx.o
    0x0800f958   0x0800f958   0x0000002c   Code   RO         1288    i.spi_flash_wait_for_write_end  module_gd25qxx.o
    0x0800f984   0x0800f984   0x00000024   Code   RO         1289    i.spi_flash_write_enable  module_gd25qxx.o
    0x0800f9a8   0x0800f9a8   0x00000048   Code   RO         1140    i.spi_i2s_config    module_audio.o
    0x0800f9f0   0x0800f9f0   0x00000006   Code   RO         5885    i.spi_i2s_data_receive  gd32f30x_spi.o
    0x0800f9f6   0x0800f9f6   0x00000004   Code   RO         5886    i.spi_i2s_data_transmit  gd32f30x_spi.o
    0x0800f9fa   0x0800f9fa   0x00000002   PAD
    0x0800f9fc   0x0800f9fc   0x0000003c   Code   RO         5887    i.spi_i2s_deinit    gd32f30x_spi.o
    0x0800fa38   0x0800fa38   0x0000000a   Code   RO         5888    i.spi_i2s_flag_get  gd32f30x_spi.o
    0x0800fa42   0x0800fa42   0x00000002   PAD
    0x0800fa44   0x0800fa44   0x00000070   Code   RO         1141    i.spi_i2s_gpio_config  module_audio.o
    0x0800fab4   0x0800fab4   0x00000024   Code   RO         5890    i.spi_i2s_interrupt_disable  gd32f30x_spi.o
    0x0800fad8   0x0800fad8   0x00000024   Code   RO         5891    i.spi_i2s_interrupt_enable  gd32f30x_spi.o
    0x0800fafc   0x0800fafc   0x00000054   Code   RO         5892    i.spi_i2s_interrupt_flag_get  gd32f30x_spi.o
    0x0800fb50   0x0800fb50   0x0000002e   Code   RO         5893    i.spi_init          gd32f30x_spi.o
    0x0800fb7e   0x0800fb7e   0x00000002   PAD
    0x0800fb80   0x0800fb80   0x00000010   Code   RO         1142    i.spk_mute_set      module_audio.o
    0x0800fb90   0x0800fb90   0x00000094   Code   RO          915    i.st7920_init       module_display.o
    0x0800fc24   0x0800fc24   0x00000050   Code   RO         9246    i.sys_arch_mbox_fetch  sys_arch.o
    0x0800fc74   0x0800fc74   0x0000001e   Code   RO         9247    i.sys_arch_mbox_tryfetch  sys_arch.o
    0x0800fc92   0x0800fc92   0x0000000a   Code   RO         9248    i.sys_arch_protect  sys_arch.o
    0x0800fc9c   0x0800fc9c   0x00000042   Code   RO         9249    i.sys_arch_sem_wait  sys_arch.o
    0x0800fcde   0x0800fcde   0x00000004   Code   RO         9250    i.sys_arch_unprotect  sys_arch.o
    0x0800fce2   0x0800fce2   0x00000002   PAD
    0x0800fce4   0x0800fce4   0x0000000c   Code   RO         9252    i.sys_init          sys_arch.o
    0x0800fcf0   0x0800fcf0   0x00000014   Code   RO         9253    i.sys_mbox_free     sys_arch.o
    0x0800fd04   0x0800fd04   0x0000001c   Code   RO         9254    i.sys_mbox_new      sys_arch.o
    0x0800fd20   0x0800fd20   0x0000001a   Code   RO         9255    i.sys_mbox_post     sys_arch.o
    0x0800fd3a   0x0800fd3a   0x00000006   Code   RO         9256    i.sys_mbox_set_invalid  sys_arch.o
    0x0800fd40   0x0800fd40   0x0000001c   Code   RO         9257    i.sys_mbox_trypost  sys_arch.o
    0x0800fd5c   0x0800fd5c   0x0000000a   Code   RO         9258    i.sys_mbox_valid    sys_arch.o
    0x0800fd66   0x0800fd66   0x00000006   Code   RO         9259    i.sys_sem_free      sys_arch.o
    0x0800fd6c   0x0800fd6c   0x0000003a   Code   RO         9260    i.sys_sem_new       sys_arch.o
    0x0800fda6   0x0800fda6   0x00000006   Code   RO         9261    i.sys_sem_set_invalid  sys_arch.o
    0x0800fdac   0x0800fdac   0x0000000c   Code   RO         9262    i.sys_sem_signal    sys_arch.o
    0x0800fdb8   0x0800fdb8   0x0000000a   Code   RO         9263    i.sys_sem_valid     sys_arch.o
    0x0800fdc2   0x0800fdc2   0x00000002   PAD
    0x0800fdc4   0x0800fdc4   0x0000003c   Code   RO         9264    i.sys_thread_new    sys_arch.o
    0x0800fe00   0x0800fe00   0x00000110   Code   RO         7339    i.sys_timeout       lwip_timers.o
    0x0800ff10   0x0800ff10   0x00000048   Code   RO         7340    i.sys_timeouts_init  lwip_timers.o
    0x0800ff58   0x0800ff58   0x00000060   Code   RO         7341    i.sys_timeouts_mbox_fetch  lwip_timers.o
    0x0800ffb8   0x0800ffb8   0x00000048   Code   RO         7342    i.sys_untimeout     lwip_timers.o
    0x08010000   0x08010000   0x000000d0   Code   RO         2526    i.system_clock_120m_hxtal  system_gd32f30x.o
    0x080100d0   0x080100d0   0x00000134   Code   RO         7788    i.tcp_abandon       tcp.o
    0x08010204   0x08010204   0x00000006   Code   RO         7789    i.tcp_abort         tcp.o
    0x0801020a   0x0801020a   0x00000004   Code   RO         7790    i.tcp_accept        tcp.o
    0x0801020e   0x0801020e   0x00000006   Code   RO         7791    i.tcp_accept_null   tcp.o
    0x08010214   0x08010214   0x000000f8   Code   RO         7792    i.tcp_alloc         tcp.o
    0x0801030c   0x0801030c   0x00000004   Code   RO         7793    i.tcp_arg           tcp.o
    0x08010310   0x08010310   0x00000118   Code   RO         7794    i.tcp_bind          tcp.o
    0x08010428   0x08010428   0x00000030   Code   RO          309    i.tcp_client_init   tcp_client.o
    0x08010458   0x08010458   0x00000134   Code   RO          310    i.tcp_client_task   tcp_client.o
    0x0801058c   0x0801058c   0x00000014   Code   RO         7795    i.tcp_close         tcp.o
    0x080105a0   0x080105a0   0x000001b0   Code   RO         7796    i.tcp_close_shutdown  tcp.o
    0x08010750   0x08010750   0x00000190   Code   RO         7797    i.tcp_connect       tcp.o
    0x080108e0   0x080108e0   0x0000009c   Code   RO         8055    i.tcp_create_segment  tcp_out.o
    0x0801097c   0x0801097c   0x00000020   Code   RO         7799    i.tcp_eff_send_mss  tcp.o
    0x0801099c   0x0801099c   0x0000022c   Code   RO         8056    i.tcp_enqueue_flags  tcp_out.o
    0x08010bc8   0x08010bc8   0x000000a4   Code   RO         7800    i.tcp_err           tcp.o
    0x08010c6c   0x08010c6c   0x00000060   Code   RO         7801    i.tcp_fasttmr       tcp.o
    0x08010ccc   0x08010ccc   0x00000002   Code   RO         7802    i.tcp_init          tcp.o
    0x08010cce   0x08010cce   0x00000002   PAD
    0x08010cd0   0x08010cd0   0x00000524   Code   RO         8004    i.tcp_input         tcp_in.o
    0x080111f4   0x080111f4   0x0000003c   Code   RO         8057    i.tcp_keepalive     tcp_out.o
    0x08011230   0x08011230   0x000000e4   Code   RO         8005    i.tcp_listen_input  tcp_in.o
    0x08011314   0x08011314   0x00000118   Code   RO         7803    i.tcp_listen_with_backlog  tcp.o
    0x0801142c   0x0801142c   0x00000006   Code   RO         7804    i.tcp_new           tcp.o
    0x08011432   0x08011432   0x00000002   PAD
    0x08011434   0x08011434   0x0000005c   Code   RO         7805    i.tcp_new_port      tcp.o
    0x08011490   0x08011490   0x00000010   Code   RO         7806    i.tcp_next_iss      tcp.o
    0x080114a0   0x080114a0   0x00000254   Code   RO         8058    i.tcp_output        tcp_out.o
    0x080116f4   0x080116f4   0x00000110   Code   RO         8059    i.tcp_output_alloc_header  tcp_out.o
    0x08011804   0x08011804   0x000000b0   Code   RO         8060    i.tcp_output_segment  tcp_out.o
    0x080118b4   0x080118b4   0x00000080   Code   RO         8006    i.tcp_parseopt      tcp_in.o
    0x08011934   0x08011934   0x000000dc   Code   RO         8061    i.tcp_pbuf_prealloc  tcp_out.o
    0x08011a10   0x08011a10   0x0000003a   Code   RO         7807    i.tcp_pcb_purge     tcp.o
    0x08011a4a   0x08011a4a   0x00000002   PAD
    0x08011a4c   0x08011a4c   0x00000110   Code   RO         7808    i.tcp_pcb_remove    tcp.o
    0x08011b5c   0x08011b5c   0x000000a4   Code   RO         7809    i.tcp_poll          tcp.o
    0x08011c00   0x08011c00   0x00000420   Code   RO         8007    i.tcp_process       tcp_in.o
    0x08012020   0x08012020   0x00000066   Code   RO         7810    i.tcp_process_refused_data  tcp.o
    0x08012086   0x08012086   0x00000002   PAD
    0x08012088   0x08012088   0x000006a8   Code   RO         8008    i.tcp_receive       tcp_in.o
    0x08012730   0x08012730   0x000000a4   Code   RO         7811    i.tcp_recv          tcp.o
    0x080127d4   0x080127d4   0x00000024   Code   RO         7812    i.tcp_recv_null     tcp.o
    0x080127f8   0x080127f8   0x00000110   Code   RO         7813    i.tcp_recved        tcp.o
    0x08012908   0x08012908   0x00000052   Code   RO         8062    i.tcp_rexmit        tcp_out.o
    0x0801295a   0x0801295a   0x00000058   Code   RO         8063    i.tcp_rexmit_fast   tcp_out.o
    0x080129b2   0x080129b2   0x0000002e   Code   RO         8064    i.tcp_rexmit_rto    tcp_out.o
    0x080129e0   0x080129e0   0x0000011c   Code   RO         8065    i.tcp_rst           tcp_out.o
    0x08012afc   0x08012afc   0x0000001c   Code   RO         7814    i.tcp_seg_free      tcp.o
    0x08012b18   0x08012b18   0x00000012   Code   RO         7815    i.tcp_segs_free     tcp.o
    0x08012b2a   0x08012b2a   0x00000048   Code   RO         8066    i.tcp_send_empty_ack  tcp_out.o
    0x08012b72   0x08012b72   0x00000044   Code   RO         8067    i.tcp_send_fin      tcp_out.o
    0x08012bb6   0x08012bb6   0x00000002   PAD
    0x08012bb8   0x08012bb8   0x000000a4   Code   RO         7816    i.tcp_sent          tcp.o
    0x08012c5c   0x08012c5c   0x0000004e   Code   RO         7818    i.tcp_shutdown      tcp.o
    0x08012caa   0x08012caa   0x00000002   PAD
    0x08012cac   0x08012cac   0x000004bc   Code   RO         7819    i.tcp_slowtmr       tcp.o
    0x08013168   0x08013168   0x00000034   Code   RO         7343    i.tcp_timer_needed  lwip_timers.o
    0x0801319c   0x0801319c   0x0000006c   Code   RO         8009    i.tcp_timewait_input  tcp_in.o
    0x08013208   0x08013208   0x00000020   Code   RO         7820    i.tcp_tmr           tcp.o
    0x08013228   0x08013228   0x000000c4   Code   RO         7821    i.tcp_update_rcv_ann_wnd  tcp.o
    0x080132ec   0x080132ec   0x00000610   Code   RO         8068    i.tcp_write         tcp_out.o
    0x080138fc   0x080138fc   0x00000144   Code   RO         8069    i.tcp_write_checks  tcp_out.o
    0x08013a40   0x08013a40   0x0000008a   Code   RO         8070    i.tcp_zero_window_probe  tcp_out.o
    0x08013aca   0x08013aca   0x00000002   PAD
    0x08013acc   0x08013acc   0x00000040   Code   RO         9017    i.tcpip_apimsg      tcpip.o
    0x08013b0c   0x08013b0c   0x000000d0   Code   RO         9021    i.tcpip_init        tcpip.o
    0x08013bdc   0x08013bdc   0x0000004c   Code   RO         9022    i.tcpip_input       tcpip.o
    0x08013c28   0x08013c28   0x00000038   Code   RO         7344    i.tcpip_tcp_timer   lwip_timers.o
    0x08013c60   0x08013c60   0x00000108   Code   RO         9023    i.tcpip_thread      tcpip.o
    0x08013d68   0x08013d68   0x000000d8   Code   RO         1499    i.telnet_recv       app_telnet.o
    0x08013e40   0x08013e40   0x0000009c   Code   RO         1500    i.telnet_task       app_telnet.o
    0x08013edc   0x08013edc   0x0000002c   Code   RO         1501    i.telnet_task_init  app_telnet.o
    0x08013f08   0x08013f08   0x00000016   Code   RO         1416    i.time_adjust       module_rtc.o
    0x08013f1e   0x08013f1e   0x00000002   PAD
    0x08013f20   0x08013f20   0x00000088   Code   RO         1417    i.time_caculate     module_rtc.o
    0x08013fa8   0x08013fa8   0x000000f4   Code   RO         1418    i.time_display      module_rtc.o
    0x0801409c   0x0801409c   0x00000022   Code   RO         1419    i.time_process_cmd  module_rtc.o
    0x080140be   0x080140be   0x0000002c   Code   RO         1420    i.time_regulate     module_rtc.o
    0x080140ea   0x080140ea   0x00000002   PAD
    0x080140ec   0x080140ec   0x0000002c   Code   RO         1421    i.time_show         module_rtc.o
    0x08014118   0x08014118   0x00000124   Code   RO         8153    i.udp_bind          udp.o
    0x0801423c   0x0801423c   0x0000004c   Code   RO         8154    i.udp_connect       udp.o
    0x08014288   0x08014288   0x00000002   Code   RO         8156    i.udp_init          udp.o
    0x0801428a   0x0801428a   0x00000002   PAD
    0x0801428c   0x0801428c   0x00000220   Code   RO         8157    i.udp_input         udp.o
    0x080144ac   0x080144ac   0x0000001a   Code   RO         8158    i.udp_new           udp.o
    0x080144c6   0x080144c6   0x00000006   Code   RO         8159    i.udp_recv          udp.o
    0x080144cc   0x080144cc   0x0000002c   Code   RO         8160    i.udp_remove        udp.o
    0x080144f8   0x080144f8   0x00000008   Code   RO         8161    i.udp_send          udp.o
    0x08014500   0x08014500   0x00000028   Code   RO         8162    i.udp_sendto        udp.o
    0x08014528   0x08014528   0x00000158   Code   RO         8163    i.udp_sendto_if     udp.o
    0x08014680   0x08014680   0x00000058   Code   RO         6576    i.usart_baudrate_set  gd32f30x_usart.o
    0x080146d8   0x080146d8   0x00000008   Code   RO         6579    i.usart_data_receive  gd32f30x_usart.o
    0x080146e0   0x080146e0   0x00000008   Code   RO         6580    i.usart_data_transmit  gd32f30x_usart.o
    0x080146e8   0x080146e8   0x00000058   Code   RO         6581    i.usart_deinit      gd32f30x_usart.o
    0x08014740   0x08014740   0x0000000a   Code   RO         6585    i.usart_enable      gd32f30x_usart.o
    0x0801474a   0x0801474a   0x00000016   Code   RO         6587    i.usart_flag_get    gd32f30x_usart.o
    0x08014760   0x08014760   0x00000118   Code   RO          767    i.usart_init        protocol_usart.o
    0x08014878   0x08014878   0x00000014   Code   RO         6593    i.usart_interrupt_disable  gd32f30x_usart.o
    0x0801488c   0x0801488c   0x00000014   Code   RO         6594    i.usart_interrupt_enable  gd32f30x_usart.o
    0x080148a0   0x080148a0   0x0000002e   Code   RO         6596    i.usart_interrupt_flag_get  gd32f30x_usart.o
    0x080148ce   0x080148ce   0x00000014   Code   RO         6609    i.usart_receive_config  gd32f30x_usart.o
    0x080148e2   0x080148e2   0x00000002   PAD
    0x080148e4   0x080148e4   0x000000b4   Code   RO          768    i.usart_recv        protocol_usart.o
    0x08014998   0x08014998   0x0000005c   Code   RO          769    i.usart_recv_clear  protocol_usart.o
    0x080149f4   0x080149f4   0x00000090   Code   RO          770    i.usart_recv_pre    protocol_usart.o
    0x08014a84   0x08014a84   0x000000bc   Code   RO          771    i.usart_send        protocol_usart.o
    0x08014b40   0x08014b40   0x00000014   Code   RO         6623    i.usart_transmit_config  gd32f30x_usart.o
    0x08014b54   0x08014b54   0x00000024   Code   RO         9466    i.uxListRemove      list.o
    0x08014b78   0x08014b78   0x0000001a   Code   RO         9507    i.uxQueueMessagesWaiting  queue.o
    0x08014b92   0x08014b92   0x00000016   Code   RO         9467    i.vListInitialise   list.o
    0x08014ba8   0x08014ba8   0x00000006   Code   RO         9468    i.vListInitialiseItem  list.o
    0x08014bae   0x08014bae   0x00000030   Code   RO         9469    i.vListInsert       list.o
    0x08014bde   0x08014bde   0x00000018   Code   RO         9470    i.vListInsertEnd    list.o
    0x08014bf6   0x08014bf6   0x00000002   PAD
    0x08014bf8   0x08014bf8   0x00000038   Code   RO        10091    i.vPortEnterCritical  port.o
    0x08014c30   0x08014c30   0x00000024   Code   RO        10092    i.vPortExitCritical  port.o
    0x08014c54   0x08014c54   0x0000003c   Code   RO        10054    i.vPortFree         heap_2.o
    0x08014c90   0x08014c90   0x00000020   Code   RO        10093    i.vPortSetupTimerInterrupt  port.o
    0x08014cb0   0x08014cb0   0x00000040   Code   RO        10094    i.vPortValidateInterruptPriority  port.o
    0x08014cf0   0x08014cf0   0x00000018   Code   RO        10095    i.vPortYield        port.o
    0x08014d08   0x08014d08   0x00000028   Code   RO         9510    i.vQueueAddToRegistry  queue.o
    0x08014d30   0x08014d30   0x0000001a   Code   RO         9511    i.vQueueDelete      queue.o
    0x08014d4a   0x08014d4a   0x00000002   PAD
    0x08014d4c   0x08014d4c   0x00000024   Code   RO         9513    i.vQueueUnregisterQueue  queue.o
    0x08014d70   0x08014d70   0x0000003c   Code   RO         9514    i.vQueueWaitForMessageRestricted  queue.o
    0x08014dac   0x08014dac   0x00000050   Code   RO         9687    i.vTaskDelay        tasks.o
    0x08014dfc   0x08014dfc   0x0000008c   Code   RO         9689    i.vTaskDelete       tasks.o
    0x08014e88   0x08014e88   0x0000000c   Code   RO         9691    i.vTaskMissedYield  tasks.o
    0x08014e94   0x08014e94   0x00000058   Code   RO         9693    i.vTaskPlaceOnEventList  tasks.o
    0x08014eec   0x08014eec   0x0000005c   Code   RO         9694    i.vTaskPlaceOnEventListRestricted  tasks.o
    0x08014f48   0x08014f48   0x00000084   Code   RO         9696    i.vTaskPriorityInherit  tasks.o
    0x08014fcc   0x08014fcc   0x0000001c   Code   RO         9700    i.vTaskSetTimeOutState  tasks.o
    0x08014fe8   0x08014fe8   0x0000005c   Code   RO         9701    i.vTaskStartScheduler  tasks.o
    0x08015044   0x08015044   0x00000010   Code   RO         9703    i.vTaskSuspendAll   tasks.o
    0x08015054   0x08015054   0x00000054   Code   RO         9704    i.vTaskSwitchContext  tasks.o
    0x080150a8   0x080150a8   0x00000088   Code   RO          916    i.wait_busy         module_display.o
    0x08015130   0x08015130   0x00000050   Code   RO         1906    i.write_data_to_flash  app_configure.o
    0x08015180   0x08015180   0x00000074   Code   RO        10096    i.xPortStartScheduler  port.o
    0x080151f4   0x080151f4   0x00000050   Code   RO         9517    i.xQueueGenericCreate  queue.o
    0x08015244   0x08015244   0x0000012e   Code   RO         9518    i.xQueueGenericReceive  queue.o
    0x08015372   0x08015372   0x0000006a   Code   RO         9519    i.xQueueGenericReset  queue.o
    0x080153dc   0x080153dc   0x00000114   Code   RO         9520    i.xQueueGenericSend  queue.o
    0x080154f0   0x080154f0   0x0000008c   Code   RO         9521    i.xQueueGenericSendFromISR  queue.o
    0x0801557c   0x0801557c   0x00000076   Code   RO         9522    i.xQueueGiveFromISR  queue.o
    0x080155f2   0x080155f2   0x00000002   PAD
    0x080155f4   0x080155f4   0x00000058   Code   RO         9705    i.xTaskCheckForTimeOut  tasks.o
    0x0801564c   0x0801564c   0x0000018c   Code   RO         9706    i.xTaskGenericCreate  tasks.o
    0x080157d8   0x080157d8   0x0000001c   Code   RO         9710    i.xTaskGetSchedulerState  tasks.o
    0x080157f4   0x080157f4   0x0000000c   Code   RO         9711    i.xTaskGetTickCount  tasks.o
    0x08015800   0x08015800   0x000000c0   Code   RO         9713    i.xTaskIncrementTick  tasks.o
    0x080158c0   0x080158c0   0x00000084   Code   RO         9716    i.xTaskPriorityDisinherit  tasks.o
    0x08015944   0x08015944   0x0000006c   Code   RO         9717    i.xTaskRemoveFromEventList  tasks.o
    0x080159b0   0x080159b0   0x000000ac   Code   RO         9719    i.xTaskResumeAll    tasks.o
    0x08015a5c   0x08015a5c   0x00000044   Code   RO         9978    i.xTimerCreateTimerTask  timers.o
    0x08015aa0   0x08015aa0   0x00000058   Code   RO         9979    i.xTimerGenericCommand  timers.o
    0x08015af8   0x08015af8   0x0000003a   Data   RO          917    .constdata          module_display.o
    0x08015b32   0x08015b32   0x00000002   PAD
    0x08015b34   0x08015b34   0x000000c0   Data   RO         1422    .constdata          module_rtc.o
    0x08015bf4   0x08015bf4   0x00000028   Data   RO         1560    .constdata          app_service_console.o
    0x08015c1c   0x08015c1c   0x00000100   Data   RO         1908    .constdata          app_configure.o
    0x08015d1c   0x08015d1c   0x00000034   Data   RO         7474    .constdata          memp.o
    0x08015d50   0x08015d50   0x00000054   Data   RO         7822    .constdata          tcp.o
    0x08015da4   0x08015da4   0x00000004   Data   RO         8361    .constdata          ip_addr.o
    0x08015da8   0x08015da8   0x00000004   Data   RO         8362    .constdata          ip_addr.o
    0x08015dac   0x08015dac   0x00000040   Data   RO         8868    .constdata          sockets.o
    0x08015dec   0x08015dec   0x0000000c   Data   RO         9122    .constdata          etharp.o
    0x08015df8   0x08015df8   0x00000081   Data   RO        10509    .constdata          mc_w.l(ctype_o.o)
    0x08015e79   0x08015e79   0x00000003   PAD
    0x08015e7c   0x08015e7c   0x00000004   Data   RO        10510    .constdata          mc_w.l(ctype_o.o)
    0x08015e80   0x08015e80   0x00000041   Data   RO          919    .conststring        module_display.o
    0x08015ec1   0x08015ec1   0x00000003   PAD
    0x08015ec4   0x08015ec4   0x0000000a   Data   RO         1094    .conststring        module_led.o
    0x08015ece   0x08015ece   0x00000002   PAD
    0x08015ed0   0x08015ed0   0x00000006   Data   RO         1144    .conststring        module_audio.o
    0x08015ed6   0x08015ed6   0x00000002   PAD
    0x08015ed8   0x08015ed8   0x000000a6   Data   RO         1503    .conststring        app_telnet.o
    0x08015f7e   0x08015f7e   0x00000002   PAD
    0x08015f80   0x08015f80   0x00000055   Data   RO         1561    .conststring        app_service_console.o
    0x08015fd5   0x08015fd5   0x00000003   PAD
    0x08015fd8   0x08015fd8   0x0000008c   Data   RO         7080    .conststring        dhcp.o
    0x08016064   0x08016064   0x00000075   Data   RO         7823    .conststring        tcp.o
    0x080160d9   0x080160d9   0x00000003   PAD
    0x080160dc   0x080160dc   0x00000055   Data   RO         8071    .conststring        tcp_out.o
    0x08016131   0x08016131   0x00000003   PAD
    0x08016134   0x08016134   0x00000044   Data   RO         9123    .conststring        etharp.o
    0x08016178   0x08016178   0x00000044   Data   RO         9208    .conststring        ethernetif.o
    0x080161bc   0x080161bc   0x00000020   Data   RO        10545    Region$$Table       anon$$obj.o


    Execution Region RW_IRAM1 (Exec base: 0x20000000, Load base: 0x080161dc, Size: 0x00012b88, Max: 0x00018000, ABSOLUTE, COMPRESSED[0x00000100])

    Exec Addr    Load Addr    Size         Type   Attr      Idx    E Section Name        Object

    0x20000000   COMPRESSED   0x00000014   Data   RW          313    .data               tcp_client.o
    0x20000014   COMPRESSED   0x00000004   Data   RW          618    .data               gd32f30x_enet_eval.o
    0x20000018   COMPRESSED   0x00000008   Data   RW          664    .data               gd32f30x_it.o
    0x20000020   COMPRESSED   0x00000008   Data   RW          774    .data               protocol_usart.o
    0x20000028   COMPRESSED   0x00000008   Data   RW          836    .data               protocol_modbus.o
    0x20000030   COMPRESSED   0x00000008   Data   RW         1095    .data               module_led.o
    0x20000038   COMPRESSED   0x0000002c   Data   RW         1145    .data               module_audio.o
    0x20000064   COMPRESSED   0x00000004   Data   RW         1146    .data               module_audio.o
    0x20000068   COMPRESSED   0x00000004   Data   RW         1147    .data               module_audio.o
    0x2000006c   COMPRESSED   0x00000004   Data   RW         1238    .data               module_key.o
    0x20000070   COMPRESSED   0x00000008   Data   RW         1423    .data               module_rtc.o
    0x20000078   COMPRESSED   0x00000004   Data   RW         1504    .data               app_telnet.o
    0x2000007c   COMPRESSED   0x00000054   Data   RW         1562    .data               app_service_console.o
    0x200000d0   COMPRESSED   0x00000001   Data   RW         1630    .data               app_netconf.o
    0x200000d1   COMPRESSED   0x00000003   PAD
    0x200000d4   COMPRESSED   0x00000010   Data   RW         1708    .data               app_ota.o
    0x200000e4   COMPRESSED   0x00000018   Data   RW         1840    .data               app_rs485net.o
    0x200000fc   COMPRESSED   0x00000004   Data   RW         1911    .data               app_configure.o
    0x20000100   COMPRESSED   0x00000004   Data   RW         2527    .data               system_gd32f30x.o
    0x20000104   COMPRESSED   0x00000014   Data   RW         3652    .data               gd32f30x_enet.o
    0x20000118   COMPRESSED   0x000000be   Data   RW         6960    .data               gd32f307c_eval.o
    0x200001d6   COMPRESSED   0x00000002   PAD
    0x200001d8   COMPRESSED   0x00000004   Data   RW         7081    .data               dhcp.o
    0x200001dc   COMPRESSED   0x00000014   Data   RW         7245    .data               dns.o
    0x200001f0   COMPRESSED   0x00000008   Data   RW         7345    .data               lwip_timers.o
    0x200001f8   COMPRESSED   0x00000010   Data   RW         7432    .data               mem.o
    0x20000208   COMPRESSED   0x0000000c   Data   RW         7527    .data               netif.o
    0x20000214   COMPRESSED   0x00000004   Data   RW         7722    .data               raw.o
    0x20000218   COMPRESSED   0x00000024   Data   RW         7824    .data               tcp.o
    0x2000023c   COMPRESSED   0x0000001c   Data   RW         8011    .data               tcp_in.o
    0x20000258   COMPRESSED   0x00000008   Data   RW         8164    .data               udp.o
    0x20000260   COMPRESSED   0x00000014   Data   RW         8322    .data               ip.o
    0x20000274   COMPRESSED   0x00000008   Data   RW         8869    .data               sockets.o
    0x2000027c   COMPRESSED   0x0000000c   Data   RW         9027    .data               tcpip.o
    0x20000288   COMPRESSED   0x00000001   Data   RW         9124    .data               etharp.o
    0x20000289   COMPRESSED   0x00000003   PAD
    0x2000028c   COMPRESSED   0x0000000c   Data   RW         9209    .data               ethernetif.o
    0x20000298   COMPRESSED   0x00000002   Data   RW         9265    .data               sys_arch.o
    0x2000029a   COMPRESSED   0x00000002   PAD
    0x2000029c   COMPRESSED   0x00000038   Data   RW         9722    .data               tasks.o
    0x200002d4   COMPRESSED   0x00000010   Data   RW         9982    .data               timers.o
    0x200002e4   COMPRESSED   0x00000018   Data   RW        10058    .data               heap_2.o
    0x200002fc   COMPRESSED   0x0000000c   Data   RW        10097    .data               port.o
    0x20000308   COMPRESSED   0x00000004   Data   RW        10467    .data               mc_w.l(stdout.o)
    0x2000030c        -       0x000001b0   Zero   RW          311    .bss                tcp_client.o
    0x200004bc        -       0x00000108   Zero   RW          773    .bss                protocol_usart.o
    0x200005c4        -       0x00000800   Zero   RW         1143    .bss                module_audio.o
    0x20000dc4        -       0x00000028   Zero   RW         1502    .bss                app_telnet.o
    0x20000dec        -       0x00000034   Zero   RW         1629    .bss                app_netconf.o
    0x20000e20        -       0x00000400   Zero   RW         1839    .bss                app_rs485net.o
    0x20001220        -       0x00000140   Zero   RW         1907    .bss                app_configure.o
    0x20001360        -       0x00000640   Zero   RW         2001    .bss                app_format.o
    0x200019a0        -       0x00003c64   Zero   RW         3650    .bss                gd32f30x_enet.o
    0x20005604        -       0x00000032   Zero   RW         7079    .bss                dhcp.o
    0x20005636   COMPRESSED   0x00000002   PAD
    0x20005638        -       0x00000663   Zero   RW         7244    .bss                dns.o
    0x20005c9b        -       0x00001414   Zero   RW         7431    .bss                mem.o
    0x200070af   COMPRESSED   0x00000001   PAD
    0x200070b0        -       0x00003c2f   Zero   RW         7473    .bss                memp.o
    0x2000acdf   COMPRESSED   0x00000001   PAD
    0x2000ace0        -       0x00000014   Zero   RW         8010    .bss                tcp_in.o
    0x2000acf4        -       0x00000060   Zero   RW         8867    .bss                sockets.o
    0x2000ad54        -       0x000000c8   Zero   RW         9121    .bss                etharp.o
    0x2000ae1c        -       0x00000040   Zero   RW         9529    .bss                queue.o
    0x2000ae5c        -       0x00000104   Zero   RW         9721    .bss                tasks.o
    0x2000af60        -       0x00000028   Zero   RW         9981    .bss                timers.o
    0x2000af88        -       0x00007800   Zero   RW        10057    .bss                heap_2.o
    0x20012788        -       0x00000400   Zero   RW         7012    STACK               startup_gd32f30x_cl.o


==============================================================================

Image component sizes


      Code (inc. data)   RO Data    RW Data    ZI Data      Debug   Object Name

      3276       1856          0          0          0      23742   api_lib.o
      6294       2698          0          0          0      22988   api_msg.o
      1468         34        256          4        320      12542   app_configure.o
        48         20          0          0       1600       4964   app_format.o
       260         50          0          1         52       9751   app_netconf.o
       712        208          0         16          0       5025   app_ota.o
      2712        256          0         24       1024       8075   app_rs485net.o
       798        282        125         84          0       8609   app_service_console.o
       432         54        166          4         40       5067   app_telnet.o
        16          0          0          0          0       3076   def.o
      6084       2216        140          4         50      26336   dhcp.o
      1372        398          0         20       1635       8553   dns.o
      3456       1422         80          1        200      16656   etharp.o
       668        128         68         12          0       5788   ethernetif.o
         0          0          0          0          0       2536   event_groups.o
       528         46          0        190          0       5453   gd32f307c_eval.o
        98         12          0          0          0       2438   gd32f30x_bkp.o
         0          0          0          0          0       1452   gd32f30x_dma.o
      1890        218          0         20      15460      21718   gd32f30x_enet.o
       408         34          0          4          0       2288   gd32f30x_enet_eval.o
       136         16          0          0          0       2482   gd32f30x_exti.o
       500         80          0          0          0       8276   gd32f30x_fmc.o
       394         18          0          0          0       6971   gd32f30x_gpio.o
       416         12          0          0          0       9900   gd32f30x_i2c.o
      1094        166          0          8          0       8459   gd32f30x_it.o
       192         22          0          0          0       3236   gd32f30x_misc.o
        16          4          0          0          0        710   gd32f30x_pmu.o
       824         98          0          0          0      11929   gd32f30x_rcu.o
       176         40          0          0          0       6488   gd32f30x_rtc.o
       538         28          0          0          0      11120   gd32f30x_spi.o
       350         18          0          0          0       9104   gd32f30x_usart.o
       240         12          0         24      30720       3711   heap_2.o
       928        490          0          0          0       3557   icmp.o
       172          0          0          0          0       3237   inet_chksum.o
        42          0          0          0          0      10633   init.o
       952        288          0         20          0       8289   ip.o
       442        118          8          0          0       9770   ip_addr.o
       136          0          0          0          0       3990   list.o
       732        250          0          8          0       8659   lwip_timers.o
       188         22          0          0          0      55819   main.o
      1852        934          0         16       5140       6201   mem.o
       508        302         52          0      15407       4210   memp.o
       348         24          0          0          0       2554   module_adc.o
      1236         96          6         52       2048      10055   module_audio.o
       780         52        123          0          0      30709   module_display.o
       692         42          0          0          0       6646   module_gd25qxx.o
       136         22          0          4          0       2808   module_key.o
       236         28         10          8          0       3057   module_led.o
       840         92        192          8          0       8237   module_rtc.o
       398        248          0          0          0       2895   netbuf.o
       448        140          0         12          0       9647   netif.o
      3030       1564          0          0          0      10593   pbuf.o
       582         78          0         12          0       9790   port.o
       324         22          0          0          0       1671   protocol_i2c.o
       246         80          0          8          0       4158   protocol_modbus.o
       884         84          0          8        264       5999   protocol_usart.o
      1458         12          0          0         64      15797   queue.o
       532        156          0          4          0       7231   raw.o
      3128       1062         64          8         96      17151   sockets.o
        36          8        336          0       1024       1044   startup_gd32f30x_cl.o
       472          8          0          2          0      14861   sys_arch.o
       272         38          0          4          0       2199   system_gd32f30x.o
      2108        172          0         56        260      23380   tasks.o
      5192       2170        201         36          0      37611   tcp.o
       356         30          0         20        432       8883   tcp_client.o
      4540       1032          0         28         20      17959   tcp_in.o
      4690       1598         85          0          0      18767   tcp_out.o
       612        292          0         12          0       9958   tcpip.o
       792         74          0         16         40       9639   timers.o
         0          0          0          0          0       5068   transport.o
      1382        404          0          8          0      19556   udp.o
         0          0          0          0          0     143351   udp_echo.o

    ----------------------------------------------------------------------
     77202      22478       1964        776      75900     855082   Object Totals
         0          0         32          0          0          0   (incl. Generated)
       104          0         20         10          4          0   (incl. Padding)

    ----------------------------------------------------------------------

      Code (inc. data)   RO Data    RW Data    ZI Data      Debug   Library Member Name

        56          8          0          0          0         84   __0sscanf.o
        86          0          0          0          0          0   __dczerorl2.o
        28          0          0          0          0         68   _chval.o
       812          4          0          0          0        112   _scanf.o
       332          0          0          0          0         96   _scanf_int.o
        64          0          0          0          0         84   _sgetc.o
         8          4        133          0          0         68   ctype_o.o
         0          0          0          0          0          0   entry.o
         0          0          0          0          0          0   entry10a.o
         0          0          0          0          0          0   entry11a.o
         8          4          0          0          0          0   entry2.o
         4          0          0          0          0          0   entry5.o
         0          0          0          0          0          0   entry7b.o
         0          0          0          0          0          0   entry8b.o
         8          4          0          0          0          0   entry9a.o
        30          0          0          0          0          0   handlers.o
        36          8          0          0          0         68   init.o
        18          0          0          0          0         76   isspace_o.o
        30          0          0          0          0         68   llshl.o
        32          0          0          0          0         68   llushr.o
        26          0          0          0          0         80   memcmp.o
        36          0          0          0          0         68   memcpya.o
        36          0          0          0          0        108   memseta.o
      1204         60          0          0          0        504   printf8.o
        40          8          0          0          0         84   scanf_char.o
         0          0          0          4          0          0   stdout.o
        42          0          0          0          0         84   strcasecmp.o
        28          0          0          0          0         76   strcmp.o
        14          0          0          0          0         68   strlen.o
        12          0          0          0          0         68   tolower.o
        98          0          0          0          0         92   uldiv.o

    ----------------------------------------------------------------------
      3094        100        136          4          0       2024   Library Totals
         6          0          3          0          0          0   (incl. Padding)

    ----------------------------------------------------------------------

      Code (inc. data)   RO Data    RW Data    ZI Data      Debug   Library Name

      3088        100        133          4          0       2024   mc_w.l

    ----------------------------------------------------------------------
      3094        100        136          4          0       2024   Library Totals

    ----------------------------------------------------------------------

==============================================================================


      Code (inc. data)   RO Data    RW Data    ZI Data      Debug   

     80296      22578       2100        780      75900     802702   Grand Totals
     80296      22578       2100        256      75900     802702   ELF Image Totals (compressed)
     80296      22578       2100        256          0          0   ROM Totals

==============================================================================

    Total RO  Size (Code + RO Data)                82396 (  80.46kB)
    Total RW  Size (RW Data + ZI Data)             76680 (  74.88kB)
    Total ROM Size (Code + RO Data + RW Data)      82652 (  80.71kB)

==============================================================================

