<!doctype html public "-//w3c//dtd html 4.0 transitional//en">
<html><head>
<title>Static Call Graph - [.\output\GD32307C_EVAL.axf]</title></head>
<body><HR>
<H1>Static Call Graph for image .\output\GD32307C_EVAL.axf</H1><HR>
<BR><P>#&#060CALLGRAPH&#062# ARM Linker, 5060750: Last Updated: Tue Mar 19 13:40:17 2024
<BR><P>
<H3>Maximum Stack Usage =        496 bytes + Unknown(Cycles, Untraceable Function Pointers)</H3><H3>
Call chain for Maximum Stack Depth:</H3>
tcpip_thread &rArr; ethernet_input &rArr; ip_input &rArr; tcp_input &rArr; tcp_process &rArr; tcp_abort &rArr; tcp_abandon &rArr; tcp_pcb_remove &rArr; tcp_output &rArr; tcp_send_empty_ack &rArr; tcp_output_alloc_header &rArr; pbuf_alloc &rArr; pbuf_free &rArr; mem_free &rArr; sys_arch_sem_wait &rArr; xQueueGenericReceive &rArr; xTaskResumeAll &rArr; xTaskIncrementTick
<P>
<H3>
Mutually Recursive functions
</H3> <LI><a href="#[11]">DebugMon_Handler</a>&nbsp;&nbsp;&nbsp;&rArr;&nbsp;&nbsp;&nbsp;<a href="#[11]">DebugMon_Handler</a><BR>
 <LI><a href="#[26]">ADC0_1_IRQHandler</a>&nbsp;&nbsp;&nbsp;&rArr;&nbsp;&nbsp;&nbsp;<a href="#[26]">ADC0_1_IRQHandler</a><BR>
 <LI><a href="#[e]">BusFault_Handler</a>&nbsp;&nbsp;&nbsp;&rArr;&nbsp;&nbsp;&nbsp;<a href="#[e]">BusFault_Handler</a><BR>
 <LI><a href="#[c]">HardFault_Handler</a>&nbsp;&nbsp;&nbsp;&rArr;&nbsp;&nbsp;&nbsp;<a href="#[c]">HardFault_Handler</a><BR>
 <LI><a href="#[d]">MemManage_Handler</a>&nbsp;&nbsp;&nbsp;&rArr;&nbsp;&nbsp;&nbsp;<a href="#[d]">MemManage_Handler</a><BR>
 <LI><a href="#[f]">UsageFault_Handler</a>&nbsp;&nbsp;&nbsp;&rArr;&nbsp;&nbsp;&nbsp;<a href="#[f]">UsageFault_Handler</a><BR>
 <LI><a href="#[137]">netconn_drain</a>&nbsp;&nbsp;&nbsp;&rArr;&nbsp;&nbsp;&nbsp;<a href="#[137]">netconn_drain</a><BR>
 <LI><a href="#[1d7]">lwip_sendto</a>&nbsp;&nbsp;&nbsp;&rArr;&nbsp;&nbsp;&nbsp;<a href="#[1d6]">lwip_send</a><BR>
</UL>
<P>
<H3>
Function Pointers
</H3><UL>
 <LI><a href="#[26]">ADC0_1_IRQHandler</a> from startup_gd32f30x_cl.o(.text) referenced from startup_gd32f30x_cl.o(RESET)
 <LI><a href="#[e]">BusFault_Handler</a> from gd32f30x_it.o(i.BusFault_Handler) referenced from startup_gd32f30x_cl.o(RESET)
 <LI><a href="#[2a]">CAN0_EWMC_IRQHandler</a> from startup_gd32f30x_cl.o(.text) referenced from startup_gd32f30x_cl.o(RESET)
 <LI><a href="#[28]">CAN0_RX0_IRQHandler</a> from startup_gd32f30x_cl.o(.text) referenced from startup_gd32f30x_cl.o(RESET)
 <LI><a href="#[29]">CAN0_RX1_IRQHandler</a> from startup_gd32f30x_cl.o(.text) referenced from startup_gd32f30x_cl.o(RESET)
 <LI><a href="#[27]">CAN0_TX_IRQHandler</a> from startup_gd32f30x_cl.o(.text) referenced from startup_gd32f30x_cl.o(RESET)
 <LI><a href="#[54]">CAN1_EWMC_IRQHandler</a> from startup_gd32f30x_cl.o(.text) referenced from startup_gd32f30x_cl.o(RESET)
 <LI><a href="#[52]">CAN1_RX0_IRQHandler</a> from startup_gd32f30x_cl.o(.text) referenced from startup_gd32f30x_cl.o(RESET)
 <LI><a href="#[53]">CAN1_RX1_IRQHandler</a> from startup_gd32f30x_cl.o(.text) referenced from startup_gd32f30x_cl.o(RESET)
 <LI><a href="#[51]">CAN1_TX_IRQHandler</a> from startup_gd32f30x_cl.o(.text) referenced from startup_gd32f30x_cl.o(RESET)
 <LI><a href="#[1f]">DMA0_Channel0_IRQHandler</a> from startup_gd32f30x_cl.o(.text) referenced from startup_gd32f30x_cl.o(RESET)
 <LI><a href="#[20]">DMA0_Channel1_IRQHandler</a> from startup_gd32f30x_cl.o(.text) referenced from startup_gd32f30x_cl.o(RESET)
 <LI><a href="#[21]">DMA0_Channel2_IRQHandler</a> from startup_gd32f30x_cl.o(.text) referenced from startup_gd32f30x_cl.o(RESET)
 <LI><a href="#[22]">DMA0_Channel3_IRQHandler</a> from startup_gd32f30x_cl.o(.text) referenced from startup_gd32f30x_cl.o(RESET)
 <LI><a href="#[23]">DMA0_Channel4_IRQHandler</a> from startup_gd32f30x_cl.o(.text) referenced from startup_gd32f30x_cl.o(RESET)
 <LI><a href="#[24]">DMA0_Channel5_IRQHandler</a> from startup_gd32f30x_cl.o(.text) referenced from startup_gd32f30x_cl.o(RESET)
 <LI><a href="#[25]">DMA0_Channel6_IRQHandler</a> from startup_gd32f30x_cl.o(.text) referenced from startup_gd32f30x_cl.o(RESET)
 <LI><a href="#[4a]">DMA1_Channel0_IRQHandler</a> from startup_gd32f30x_cl.o(.text) referenced from startup_gd32f30x_cl.o(RESET)
 <LI><a href="#[4b]">DMA1_Channel1_IRQHandler</a> from startup_gd32f30x_cl.o(.text) referenced from startup_gd32f30x_cl.o(RESET)
 <LI><a href="#[4c]">DMA1_Channel2_IRQHandler</a> from startup_gd32f30x_cl.o(.text) referenced from startup_gd32f30x_cl.o(RESET)
 <LI><a href="#[4d]">DMA1_Channel3_IRQHandler</a> from startup_gd32f30x_cl.o(.text) referenced from startup_gd32f30x_cl.o(RESET)
 <LI><a href="#[4e]">DMA1_Channel4_IRQHandler</a> from startup_gd32f30x_cl.o(.text) referenced from startup_gd32f30x_cl.o(RESET)
 <LI><a href="#[11]">DebugMon_Handler</a> from startup_gd32f30x_cl.o(.text) referenced from startup_gd32f30x_cl.o(RESET)
 <LI><a href="#[4f]">ENET_IRQHandler</a> from gd32f30x_it.o(i.ENET_IRQHandler) referenced from startup_gd32f30x_cl.o(RESET)
 <LI><a href="#[50]">ENET_WKUP_IRQHandler</a> from startup_gd32f30x_cl.o(.text) referenced from startup_gd32f30x_cl.o(RESET)
 <LI><a href="#[43]">EXMC_IRQHandler</a> from startup_gd32f30x_cl.o(.text) referenced from startup_gd32f30x_cl.o(RESET)
 <LI><a href="#[1a]">EXTI0_IRQHandler</a> from startup_gd32f30x_cl.o(.text) referenced from startup_gd32f30x_cl.o(RESET)
 <LI><a href="#[3c]">EXTI10_15_IRQHandler</a> from gd32f30x_it.o(i.EXTI10_15_IRQHandler) referenced from startup_gd32f30x_cl.o(RESET)
 <LI><a href="#[1b]">EXTI1_IRQHandler</a> from startup_gd32f30x_cl.o(.text) referenced from startup_gd32f30x_cl.o(RESET)
 <LI><a href="#[1c]">EXTI2_IRQHandler</a> from startup_gd32f30x_cl.o(.text) referenced from startup_gd32f30x_cl.o(RESET)
 <LI><a href="#[1d]">EXTI3_IRQHandler</a> from startup_gd32f30x_cl.o(.text) referenced from startup_gd32f30x_cl.o(RESET)
 <LI><a href="#[1e]">EXTI4_IRQHandler</a> from startup_gd32f30x_cl.o(.text) referenced from startup_gd32f30x_cl.o(RESET)
 <LI><a href="#[2b]">EXTI5_9_IRQHandler</a> from gd32f30x_it.o(i.EXTI5_9_IRQHandler) referenced from startup_gd32f30x_cl.o(RESET)
 <LI><a href="#[18]">FMC_IRQHandler</a> from startup_gd32f30x_cl.o(.text) referenced from startup_gd32f30x_cl.o(RESET)
 <LI><a href="#[c]">HardFault_Handler</a> from gd32f30x_it.o(i.HardFault_Handler) referenced from startup_gd32f30x_cl.o(RESET)
 <LI><a href="#[34]">I2C0_ER_IRQHandler</a> from startup_gd32f30x_cl.o(.text) referenced from startup_gd32f30x_cl.o(RESET)
 <LI><a href="#[33]">I2C0_EV_IRQHandler</a> from startup_gd32f30x_cl.o(.text) referenced from startup_gd32f30x_cl.o(RESET)
 <LI><a href="#[36]">I2C1_ER_IRQHandler</a> from startup_gd32f30x_cl.o(.text) referenced from startup_gd32f30x_cl.o(RESET)
 <LI><a href="#[35]">I2C1_EV_IRQHandler</a> from startup_gd32f30x_cl.o(.text) referenced from startup_gd32f30x_cl.o(RESET)
 <LI><a href="#[15]">LVD_IRQHandler</a> from startup_gd32f30x_cl.o(.text) referenced from startup_gd32f30x_cl.o(RESET)
 <LI><a href="#[d]">MemManage_Handler</a> from gd32f30x_it.o(i.MemManage_Handler) referenced from startup_gd32f30x_cl.o(RESET)
 <LI><a href="#[b]">NMI_Handler</a> from gd32f30x_it.o(i.NMI_Handler) referenced from startup_gd32f30x_cl.o(RESET)
 <LI><a href="#[12]">PendSV_Handler</a> from port.o(.emb_text) referenced from startup_gd32f30x_cl.o(RESET)
 <LI><a href="#[19]">RCU_CTC_IRQHandler</a> from startup_gd32f30x_cl.o(.text) referenced from startup_gd32f30x_cl.o(RESET)
 <LI><a href="#[3d]">RTC_Alarm_IRQHandler</a> from startup_gd32f30x_cl.o(.text) referenced from startup_gd32f30x_cl.o(RESET)
 <LI><a href="#[17]">RTC_IRQHandler</a> from startup_gd32f30x_cl.o(.text) referenced from startup_gd32f30x_cl.o(RESET)
 <LI><a href="#[a]">Reset_Handler</a> from startup_gd32f30x_cl.o(.text) referenced from startup_gd32f30x_cl.o(RESET)
 <LI><a href="#[37]">SPI0_IRQHandler</a> from startup_gd32f30x_cl.o(.text) referenced from startup_gd32f30x_cl.o(RESET)
 <LI><a href="#[38]">SPI1_IRQHandler</a> from startup_gd32f30x_cl.o(.text) referenced from startup_gd32f30x_cl.o(RESET)
 <LI><a href="#[45]">SPI2_IRQHandler</a> from gd32f30x_it.o(i.SPI2_IRQHandler) referenced from startup_gd32f30x_cl.o(RESET)
 <LI><a href="#[10]">SVC_Handler</a> from port.o(.emb_text) referenced from startup_gd32f30x_cl.o(RESET)
 <LI><a href="#[13]">SysTick_Handler</a> from port.o(i.SysTick_Handler) referenced from startup_gd32f30x_cl.o(RESET)
 <LI><a href="#[57]">SystemInit</a> from system_gd32f30x.o(i.SystemInit) referenced from startup_gd32f30x_cl.o(.text)
 <LI><a href="#[16]">TAMPER_IRQHandler</a> from startup_gd32f30x_cl.o(.text) referenced from startup_gd32f30x_cl.o(RESET)
 <LI><a href="#[2c]">TIMER0_BRK_TIMER8_IRQHandler</a> from startup_gd32f30x_cl.o(.text) referenced from startup_gd32f30x_cl.o(RESET)
 <LI><a href="#[2f]">TIMER0_Channel_IRQHandler</a> from startup_gd32f30x_cl.o(.text) referenced from startup_gd32f30x_cl.o(RESET)
 <LI><a href="#[2e]">TIMER0_TRG_CMT_TIMER10_IRQHandler</a> from startup_gd32f30x_cl.o(.text) referenced from startup_gd32f30x_cl.o(RESET)
 <LI><a href="#[2d]">TIMER0_UP_TIMER9_IRQHandler</a> from startup_gd32f30x_cl.o(.text) referenced from startup_gd32f30x_cl.o(RESET)
 <LI><a href="#[30]">TIMER1_IRQHandler</a> from startup_gd32f30x_cl.o(.text) referenced from startup_gd32f30x_cl.o(RESET)
 <LI><a href="#[31]">TIMER2_IRQHandler</a> from startup_gd32f30x_cl.o(.text) referenced from startup_gd32f30x_cl.o(RESET)
 <LI><a href="#[32]">TIMER3_IRQHandler</a> from startup_gd32f30x_cl.o(.text) referenced from startup_gd32f30x_cl.o(RESET)
 <LI><a href="#[44]">TIMER4_IRQHandler</a> from startup_gd32f30x_cl.o(.text) referenced from startup_gd32f30x_cl.o(RESET)
 <LI><a href="#[48]">TIMER5_IRQHandler</a> from startup_gd32f30x_cl.o(.text) referenced from startup_gd32f30x_cl.o(RESET)
 <LI><a href="#[49]">TIMER6_IRQHandler</a> from startup_gd32f30x_cl.o(.text) referenced from startup_gd32f30x_cl.o(RESET)
 <LI><a href="#[3f]">TIMER7_BRK_TIMER11_IRQHandler</a> from startup_gd32f30x_cl.o(.text) referenced from startup_gd32f30x_cl.o(RESET)
 <LI><a href="#[42]">TIMER7_Channel_IRQHandler</a> from startup_gd32f30x_cl.o(.text) referenced from startup_gd32f30x_cl.o(RESET)
 <LI><a href="#[41]">TIMER7_TRG_CMT_TIMER13_IRQHandler</a> from startup_gd32f30x_cl.o(.text) referenced from startup_gd32f30x_cl.o(RESET)
 <LI><a href="#[40]">TIMER7_UP_TIMER12_IRQHandler</a> from startup_gd32f30x_cl.o(.text) referenced from startup_gd32f30x_cl.o(RESET)
 <LI><a href="#[46]">UART3_IRQHandler</a> from gd32f30x_it.o(i.UART3_IRQHandler) referenced from startup_gd32f30x_cl.o(RESET)
 <LI><a href="#[47]">UART4_IRQHandler</a> from gd32f30x_it.o(i.UART4_IRQHandler) referenced from startup_gd32f30x_cl.o(RESET)
 <LI><a href="#[39]">USART0_IRQHandler</a> from gd32f30x_it.o(i.USART0_IRQHandler) referenced from startup_gd32f30x_cl.o(RESET)
 <LI><a href="#[3a]">USART1_IRQHandler</a> from gd32f30x_it.o(i.USART1_IRQHandler) referenced from startup_gd32f30x_cl.o(RESET)
 <LI><a href="#[3b]">USART2_IRQHandler</a> from startup_gd32f30x_cl.o(.text) referenced from startup_gd32f30x_cl.o(RESET)
 <LI><a href="#[55]">USBFS_IRQHandler</a> from startup_gd32f30x_cl.o(.text) referenced from startup_gd32f30x_cl.o(RESET)
 <LI><a href="#[3e]">USBFS_WKUP_IRQHandler</a> from startup_gd32f30x_cl.o(.text) referenced from startup_gd32f30x_cl.o(RESET)
 <LI><a href="#[f]">UsageFault_Handler</a> from gd32f30x_it.o(i.UsageFault_Handler) referenced from startup_gd32f30x_cl.o(RESET)
 <LI><a href="#[14]">WWDGT_IRQHandler</a> from startup_gd32f30x_cl.o(.text) referenced from startup_gd32f30x_cl.o(RESET)
 <LI><a href="#[58]">__main</a> from entry.o(.ARM.Collect$$$$00000000) referenced from startup_gd32f30x_cl.o(.text)
 <LI><a href="#[5a]">_sbackspace</a> from _sgetc.o(.text) referenced from __0sscanf.o(.text)
 <LI><a href="#[5b]">_scanf_char_input</a> from scanf_char.o(.text) referenced from scanf_char.o(.text)
 <LI><a href="#[59]">_sgetc</a> from _sgetc.o(.text) referenced from __0sscanf.o(.text)
 <LI><a href="#[5e]">_sputc</a> from printf8.o(i._sputc) referenced from printf8.o(i.__0sprintf$8)
 <LI><a href="#[69]">accept_function</a> from api_msg.o(i.accept_function) referenced from api_msg.o(i.do_listen)
 <LI><a href="#[5f]">arp_timer</a> from lwip_timers.o(i.arp_timer) referenced from lwip_timers.o(i.arp_timer)
 <LI><a href="#[5f]">arp_timer</a> from lwip_timers.o(i.arp_timer) referenced from lwip_timers.o(i.sys_timeouts_init)
 <LI><a href="#[8]">cmd_adcread</a> from app_service_console.o(i.cmd_adcread) referenced 2 times from app_service_console.o(.data)
 <LI><a href="#[5]">cmd_audioctrl</a> from app_service_console.o(i.cmd_audioctrl) referenced 2 times from app_service_console.o(.data)
 <LI><a href="#[9]">cmd_check_configuration</a> from app_service_console.o(i.cmd_check_configuration) referenced 2 times from app_service_console.o(.data)
 <LI><a href="#[4]">cmd_displayctrl</a> from app_service_console.o(i.cmd_displayctrl) referenced 2 times from app_service_console.o(.data)
 <LI><a href="#[0]">cmd_help</a> from app_service_console.o(i.cmd_help) referenced 2 times from app_service_console.o(.data)
 <LI><a href="#[3]">cmd_key_flag</a> from app_service_console.o(i.cmd_key_flag) referenced 2 times from app_service_console.o(.data)
 <LI><a href="#[2]">cmd_ledctrl</a> from app_service_console.o(i.cmd_ledctrl) referenced 2 times from app_service_console.o(.data)
 <LI><a href="#[6]">cmd_timeset</a> from app_service_console.o(i.cmd_timeset) referenced 2 times from app_service_console.o(.data)
 <LI><a href="#[7]">cmd_timeshow</a> from app_service_console.o(i.cmd_timeshow) referenced 2 times from app_service_console.o(.data)
 <LI><a href="#[1]">cmd_version</a> from app_service_console.o(i.cmd_version) referenced 2 times from app_service_console.o(.data)
 <LI><a href="#[60]">dhcp_recv</a> from dhcp.o(i.dhcp_recv) referenced from dhcp.o(i.dhcp_start)
 <LI><a href="#[72]">dhcp_task</a> from app_netconf.o(i.dhcp_task) referenced from app_netconf.o(i.lwip_stack_init)
 <LI><a href="#[61]">dhcp_timer_coarse</a> from lwip_timers.o(i.dhcp_timer_coarse) referenced from lwip_timers.o(i.dhcp_timer_coarse)
 <LI><a href="#[61]">dhcp_timer_coarse</a> from lwip_timers.o(i.dhcp_timer_coarse) referenced from lwip_timers.o(i.sys_timeouts_init)
 <LI><a href="#[62]">dhcp_timer_fine</a> from lwip_timers.o(i.dhcp_timer_fine) referenced from lwip_timers.o(i.dhcp_timer_fine)
 <LI><a href="#[62]">dhcp_timer_fine</a> from lwip_timers.o(i.dhcp_timer_fine) referenced from lwip_timers.o(i.sys_timeouts_init)
 <LI><a href="#[63]">dns_recv</a> from dns.o(i.dns_recv) referenced from dns.o(i.dns_init)
 <LI><a href="#[64]">dns_timer</a> from lwip_timers.o(i.dns_timer) referenced from lwip_timers.o(i.dns_timer)
 <LI><a href="#[64]">dns_timer</a> from lwip_timers.o(i.dns_timer) referenced from lwip_timers.o(i.sys_timeouts_init)
 <LI><a href="#[74]">do_bind</a> from api_msg.o(i.do_bind) referenced from api_lib.o(i.netconn_bind)
 <LI><a href="#[75]">do_connect</a> from api_msg.o(i.do_connect) referenced from api_lib.o(i.netconn_connect)
 <LI><a href="#[68]">do_connected</a> from api_msg.o(i.do_connected) referenced from api_msg.o(i.do_connect)
 <LI><a href="#[76]">do_delconn</a> from api_msg.o(i.do_delconn) referenced from api_lib.o(i.netconn_delete)
 <LI><a href="#[77]">do_getaddr</a> from api_msg.o(i.do_getaddr) referenced from api_lib.o(i.netconn_getaddr)
 <LI><a href="#[78]">do_listen</a> from api_msg.o(i.do_listen) referenced from api_lib.o(i.netconn_listen_with_backlog)
 <LI><a href="#[79]">do_newconn</a> from api_msg.o(i.do_newconn) referenced from api_lib.o(i.netconn_new_with_proto_and_callback)
 <LI><a href="#[7a]">do_recv</a> from api_msg.o(i.do_recv) referenced from api_lib.o(i.netconn_recv_data)
 <LI><a href="#[7a]">do_recv</a> from api_msg.o(i.do_recv) referenced from api_lib.o(i.netconn_recved)
 <LI><a href="#[7b]">do_send</a> from api_msg.o(i.do_send) referenced from api_lib.o(i.netconn_send)
 <LI><a href="#[7c]">do_write</a> from api_msg.o(i.do_write) referenced from api_lib.o(i.netconn_write_partly)
 <LI><a href="#[67]">err_tcp</a> from api_msg.o(i.err_tcp) referenced from api_msg.o(i.do_close_internal)
 <LI><a href="#[67]">err_tcp</a> from api_msg.o(i.err_tcp) referenced from api_msg.o(i.setup_tcp)
 <LI><a href="#[6a]">etharp_output</a> from etharp.o(i.etharp_output) referenced from ethernetif.o(i.ethernetif_init)
 <LI><a href="#[71]">ethernetif_init</a> from ethernetif.o(i.ethernetif_init) referenced from app_netconf.o(i.lwip_stack_init)
 <LI><a href="#[6e]">ethernetif_input</a> from ethernetif.o(i.ethernetif_input) referenced from ethernetif.o(i.low_level_init)
 <LI><a href="#[6f]">event_callback</a> from sockets.o(i.event_callback) referenced from sockets.o(i.lwip_accept)
 <LI><a href="#[6f]">event_callback</a> from sockets.o(i.event_callback) referenced from sockets.o(i.lwip_socket)
 <LI><a href="#[5d]">fputc</a> from main.o(i.fputc) referenced from printf8.o(i.__0printf$8)
 <LI><a href="#[6c]">handle_command</a> from app_service_console.o(i.handle_command) referenced from main.o(i.init_task)
 <LI><a href="#[73]">init_task</a> from main.o(i.init_task) referenced from main.o(i.main)
 <LI><a href="#[5c]">isspace</a> from isspace_o.o(.text) referenced from scanf_char.o(.text)
 <LI><a href="#[6d]">led_task</a> from module_led.o(i.led_task) referenced from module_led.o(i.led_group_init)
 <LI><a href="#[6b]">low_level_output</a> from ethernetif.o(i.low_level_output) referenced from ethernetif.o(i.ethernetif_init)
 <LI><a href="#[56]">main</a> from main.o(i.main) referenced from entry9a.o(.ARM.Collect$$$$0000000B)
 <LI><a href="#[66]">poll_tcp</a> from api_msg.o(i.poll_tcp) referenced from api_msg.o(i.do_close_internal)
 <LI><a href="#[66]">poll_tcp</a> from api_msg.o(i.poll_tcp) referenced from api_msg.o(i.setup_tcp)
 <LI><a href="#[88]">prvIdleTask</a> from tasks.o(i.prvIdleTask) referenced from tasks.o(i.vTaskStartScheduler)
 <LI><a href="#[7f]">prvTaskExitError</a> from port.o(i.prvTaskExitError) referenced from port.o(i.pxPortInitialiseStack)
 <LI><a href="#[89]">prvTimerTask</a> from timers.o(i.prvTimerTask) referenced from timers.o(i.xTimerCreateTimerTask)
 <LI><a href="#[7d]">recv_raw</a> from api_msg.o(i.recv_raw) referenced from api_msg.o(i.pcb_new)
 <LI><a href="#[81]">recv_tcp</a> from api_msg.o(i.recv_tcp) referenced from api_msg.o(i.setup_tcp)
 <LI><a href="#[7e]">recv_udp</a> from api_msg.o(i.recv_udp) referenced from api_msg.o(i.pcb_new)
 <LI><a href="#[80]">rs485net_task</a> from app_rs485net.o(i.rs485net_task) referenced from app_rs485net.o(i.rs485net_task_init)
 <LI><a href="#[65]">sent_tcp</a> from api_msg.o(i.sent_tcp) referenced from api_msg.o(i.do_close_internal)
 <LI><a href="#[65]">sent_tcp</a> from api_msg.o(i.sent_tcp) referenced from api_msg.o(i.setup_tcp)
 <LI><a href="#[84]">tcp_accept_null</a> from tcp.o(i.tcp_accept_null) referenced from tcp.o(i.tcp_listen_with_backlog)
 <LI><a href="#[83]">tcp_client_task</a> from tcp_client.o(i.tcp_client_task) referenced from tcp_client.o(i.tcp_client_init)
 <LI><a href="#[82]">tcp_recv_null</a> from tcp.o(i.tcp_recv_null) referenced from tcp.o(i.tcp_alloc)
 <LI><a href="#[70]">tcpip_input</a> from tcpip.o(i.tcpip_input) referenced from app_netconf.o(i.lwip_stack_init)
 <LI><a href="#[85]">tcpip_tcp_timer</a> from lwip_timers.o(i.tcpip_tcp_timer) referenced from lwip_timers.o(i.tcp_timer_needed)
 <LI><a href="#[85]">tcpip_tcp_timer</a> from lwip_timers.o(i.tcpip_tcp_timer) referenced from lwip_timers.o(i.tcpip_tcp_timer)
 <LI><a href="#[86]">tcpip_thread</a> from tcpip.o(i.tcpip_thread) referenced from tcpip.o(i.tcpip_init)
 <LI><a href="#[87]">telnet_task</a> from app_telnet.o(i.telnet_task) referenced from app_telnet.o(i.telnet_task_init)
</UL>
<P>
<H3>
Global Symbols
</H3>
<P><STRONG><a name="[58]"></a>__main</STRONG> (Thumb, 0 bytes, Stack size unknown bytes, entry.o(.ARM.Collect$$$$00000000))
<BR>[Address Reference Count : 1]<UL><LI> startup_gd32f30x_cl.o(.text)
</UL>
<P><STRONG><a name="[286]"></a>_main_stk</STRONG> (Thumb, 0 bytes, Stack size unknown bytes, entry2.o(.ARM.Collect$$$$00000001))

<P><STRONG><a name="[8a]"></a>_main_scatterload</STRONG> (Thumb, 0 bytes, Stack size unknown bytes, entry5.o(.ARM.Collect$$$$00000004))
<BR><BR>[Calls]<UL><LI><a href="#[8b]">&gt;&gt;</a>&nbsp;&nbsp;&nbsp;__scatterload
</UL>

<P><STRONG><a name="[9a]"></a>__main_after_scatterload</STRONG> (Thumb, 0 bytes, Stack size unknown bytes, entry5.o(.ARM.Collect$$$$00000004))
<BR><BR>[Called By]<UL><LI><a href="#[8b]">&gt;&gt;</a>&nbsp;&nbsp;&nbsp;__scatterload
</UL>

<P><STRONG><a name="[287]"></a>_main_clock</STRONG> (Thumb, 0 bytes, Stack size unknown bytes, entry7b.o(.ARM.Collect$$$$00000008))

<P><STRONG><a name="[288]"></a>_main_cpp_init</STRONG> (Thumb, 0 bytes, Stack size unknown bytes, entry8b.o(.ARM.Collect$$$$0000000A))

<P><STRONG><a name="[289]"></a>_main_init</STRONG> (Thumb, 0 bytes, Stack size unknown bytes, entry9a.o(.ARM.Collect$$$$0000000B))

<P><STRONG><a name="[28a]"></a>__rt_final_cpp</STRONG> (Thumb, 0 bytes, Stack size unknown bytes, entry10a.o(.ARM.Collect$$$$0000000D))

<P><STRONG><a name="[28b]"></a>__rt_final_exit</STRONG> (Thumb, 0 bytes, Stack size unknown bytes, entry11a.o(.ARM.Collect$$$$0000000F))

<P><STRONG><a name="[10]"></a>SVC_Handler</STRONG> (Thumb, 32 bytes, Stack size 0 bytes, port.o(.emb_text))
<BR>[Address Reference Count : 1]<UL><LI> startup_gd32f30x_cl.o(RESET)
</UL>
<P><STRONG><a name="[27e]"></a>__asm___6_port_c_39a90d8d__prvStartFirstTask</STRONG> (Thumb, 28 bytes, Stack size 0 bytes, port.o(.emb_text))
<BR><BR>[Called By]<UL><LI><a href="#[27c]">&gt;&gt;</a>&nbsp;&nbsp;&nbsp;xPortStartScheduler
</UL>

<P><STRONG><a name="[12]"></a>PendSV_Handler</STRONG> (Thumb, 64 bytes, Stack size 0 bytes, port.o(.emb_text))
<BR><BR>[Stack]<UL><LI>Max Depth = 8<LI>Call Chain = PendSV_Handler &rArr; vTaskSwitchContext
</UL>
<BR>[Calls]<UL><LI><a href="#[8c]">&gt;&gt;</a>&nbsp;&nbsp;&nbsp;vTaskSwitchContext
</UL>
<BR>[Address Reference Count : 1]<UL><LI> startup_gd32f30x_cl.o(RESET)
</UL>
<P><STRONG><a name="[ac]"></a>ulPortSetInterruptMask</STRONG> (Thumb, 14 bytes, Stack size 0 bytes, port.o(.emb_text))
<BR><BR>[Called By]<UL><LI><a href="#[1b2]">&gt;&gt;</a>&nbsp;&nbsp;&nbsp;xTaskGenericCreate
<LI><a href="#[1e6]">&gt;&gt;</a>&nbsp;&nbsp;&nbsp;vTaskStartScheduler
<LI><a href="#[1a7]">&gt;&gt;</a>&nbsp;&nbsp;&nbsp;vTaskDelete
<LI><a href="#[b6]">&gt;&gt;</a>&nbsp;&nbsp;&nbsp;vTaskDelay
<LI><a href="#[9d]">&gt;&gt;</a>&nbsp;&nbsp;&nbsp;xQueueGiveFromISR
<LI><a href="#[206]">&gt;&gt;</a>&nbsp;&nbsp;&nbsp;xTaskResumeAll
<LI><a href="#[243]">&gt;&gt;</a>&nbsp;&nbsp;&nbsp;vQueueDelete
<LI><a href="#[203]">&gt;&gt;</a>&nbsp;&nbsp;&nbsp;vPortExitCritical
<LI><a href="#[200]">&gt;&gt;</a>&nbsp;&nbsp;&nbsp;vPortEnterCritical
<LI><a href="#[242]">&gt;&gt;</a>&nbsp;&nbsp;&nbsp;uxQueueMessagesWaiting
<LI><a href="#[1b6]">&gt;&gt;</a>&nbsp;&nbsp;&nbsp;xQueueGenericSend
<LI><a href="#[16f]">&gt;&gt;</a>&nbsp;&nbsp;&nbsp;xQueueGenericReceive
<LI><a href="#[1b5]">&gt;&gt;</a>&nbsp;&nbsp;&nbsp;xQueueGenericCreate
<LI><a href="#[13]">&gt;&gt;</a>&nbsp;&nbsp;&nbsp;SysTick_Handler
<LI><a href="#[7f]">&gt;&gt;</a>&nbsp;&nbsp;&nbsp;prvTaskExitError
<LI><a href="#[210]">&gt;&gt;</a>&nbsp;&nbsp;&nbsp;xTimerGenericCommand
<LI><a href="#[214]">&gt;&gt;</a>&nbsp;&nbsp;&nbsp;prvSwitchTimerLists
<LI><a href="#[211]">&gt;&gt;</a>&nbsp;&nbsp;&nbsp;prvProcessTimerOrBlockTask
<LI><a href="#[20e]">&gt;&gt;</a>&nbsp;&nbsp;&nbsp;prvProcessReceivedCommands
<LI><a href="#[1ff]">&gt;&gt;</a>&nbsp;&nbsp;&nbsp;prvCheckForValidListAndQueue
<LI><a href="#[27b]">&gt;&gt;</a>&nbsp;&nbsp;&nbsp;xTimerCreateTimerTask
<LI><a href="#[ad]">&gt;&gt;</a>&nbsp;&nbsp;&nbsp;xTaskIncrementTick
<LI><a href="#[8c]">&gt;&gt;</a>&nbsp;&nbsp;&nbsp;vTaskSwitchContext
<LI><a href="#[216]">&gt;&gt;</a>&nbsp;&nbsp;&nbsp;xTaskRemoveFromEventList
<LI><a href="#[20b]">&gt;&gt;</a>&nbsp;&nbsp;&nbsp;xTaskPriorityDisinherit
<LI><a href="#[282]">&gt;&gt;</a>&nbsp;&nbsp;&nbsp;xTaskCheckForTimeOut
<LI><a href="#[27a]">&gt;&gt;</a>&nbsp;&nbsp;&nbsp;vTaskSetTimeOutState
<LI><a href="#[275]">&gt;&gt;</a>&nbsp;&nbsp;&nbsp;vTaskPlaceOnEventListRestricted
<LI><a href="#[278]">&gt;&gt;</a>&nbsp;&nbsp;&nbsp;vTaskPlaceOnEventList
<LI><a href="#[272]">&gt;&gt;</a>&nbsp;&nbsp;&nbsp;vPortValidateInterruptPriority
<LI><a href="#[283]">&gt;&gt;</a>&nbsp;&nbsp;&nbsp;xQueueGenericSendFromISR
<LI><a href="#[27f]">&gt;&gt;</a>&nbsp;&nbsp;&nbsp;xQueueGenericReset
</UL>

<P><STRONG><a name="[ae]"></a>vPortClearInterruptMask</STRONG> (Thumb, 6 bytes, Stack size 0 bytes, port.o(.emb_text))
<BR><BR>[Called By]<UL><LI><a href="#[9d]">&gt;&gt;</a>&nbsp;&nbsp;&nbsp;xQueueGiveFromISR
<LI><a href="#[203]">&gt;&gt;</a>&nbsp;&nbsp;&nbsp;vPortExitCritical
<LI><a href="#[13]">&gt;&gt;</a>&nbsp;&nbsp;&nbsp;SysTick_Handler
<LI><a href="#[283]">&gt;&gt;</a>&nbsp;&nbsp;&nbsp;xQueueGenericSendFromISR
</UL>

<P><STRONG><a name="[273]"></a>vPortGetIPSR</STRONG> (Thumb, 6 bytes, Stack size 0 bytes, port.o(.emb_text))
<BR><BR>[Called By]<UL><LI><a href="#[272]">&gt;&gt;</a>&nbsp;&nbsp;&nbsp;vPortValidateInterruptPriority
</UL>

<P><STRONG><a name="[a]"></a>Reset_Handler</STRONG> (Thumb, 8 bytes, Stack size 0 bytes, startup_gd32f30x_cl.o(.text))
<BR>[Address Reference Count : 1]<UL><LI> startup_gd32f30x_cl.o(RESET)
</UL>
<P><STRONG><a name="[11]"></a>DebugMon_Handler</STRONG> (Thumb, 2 bytes, Stack size 0 bytes, startup_gd32f30x_cl.o(.text))
<BR><BR>[Calls]<UL><LI><a href="#[11]">&gt;&gt;</a>&nbsp;&nbsp;&nbsp;DebugMon_Handler
</UL>
<BR>[Called By]<UL><LI><a href="#[11]">&gt;&gt;</a>&nbsp;&nbsp;&nbsp;DebugMon_Handler
</UL>
<BR>[Address Reference Count : 1]<UL><LI> startup_gd32f30x_cl.o(RESET)
</UL>
<P><STRONG><a name="[26]"></a>ADC0_1_IRQHandler</STRONG> (Thumb, 0 bytes, Stack size 0 bytes, startup_gd32f30x_cl.o(.text))
<BR><BR>[Calls]<UL><LI><a href="#[26]">&gt;&gt;</a>&nbsp;&nbsp;&nbsp;ADC0_1_IRQHandler
</UL>
<BR>[Called By]<UL><LI><a href="#[26]">&gt;&gt;</a>&nbsp;&nbsp;&nbsp;ADC0_1_IRQHandler
</UL>
<BR>[Address Reference Count : 1]<UL><LI> startup_gd32f30x_cl.o(RESET)
</UL>
<P><STRONG><a name="[2a]"></a>CAN0_EWMC_IRQHandler</STRONG> (Thumb, 0 bytes, Stack size 0 bytes, startup_gd32f30x_cl.o(.text))
<BR>[Address Reference Count : 1]<UL><LI> startup_gd32f30x_cl.o(RESET)
</UL>
<P><STRONG><a name="[28]"></a>CAN0_RX0_IRQHandler</STRONG> (Thumb, 0 bytes, Stack size 0 bytes, startup_gd32f30x_cl.o(.text))
<BR>[Address Reference Count : 1]<UL><LI> startup_gd32f30x_cl.o(RESET)
</UL>
<P><STRONG><a name="[29]"></a>CAN0_RX1_IRQHandler</STRONG> (Thumb, 0 bytes, Stack size 0 bytes, startup_gd32f30x_cl.o(.text))
<BR>[Address Reference Count : 1]<UL><LI> startup_gd32f30x_cl.o(RESET)
</UL>
<P><STRONG><a name="[27]"></a>CAN0_TX_IRQHandler</STRONG> (Thumb, 0 bytes, Stack size 0 bytes, startup_gd32f30x_cl.o(.text))
<BR>[Address Reference Count : 1]<UL><LI> startup_gd32f30x_cl.o(RESET)
</UL>
<P><STRONG><a name="[54]"></a>CAN1_EWMC_IRQHandler</STRONG> (Thumb, 0 bytes, Stack size 0 bytes, startup_gd32f30x_cl.o(.text))
<BR>[Address Reference Count : 1]<UL><LI> startup_gd32f30x_cl.o(RESET)
</UL>
<P><STRONG><a name="[52]"></a>CAN1_RX0_IRQHandler</STRONG> (Thumb, 0 bytes, Stack size 0 bytes, startup_gd32f30x_cl.o(.text))
<BR>[Address Reference Count : 1]<UL><LI> startup_gd32f30x_cl.o(RESET)
</UL>
<P><STRONG><a name="[53]"></a>CAN1_RX1_IRQHandler</STRONG> (Thumb, 0 bytes, Stack size 0 bytes, startup_gd32f30x_cl.o(.text))
<BR>[Address Reference Count : 1]<UL><LI> startup_gd32f30x_cl.o(RESET)
</UL>
<P><STRONG><a name="[51]"></a>CAN1_TX_IRQHandler</STRONG> (Thumb, 0 bytes, Stack size 0 bytes, startup_gd32f30x_cl.o(.text))
<BR>[Address Reference Count : 1]<UL><LI> startup_gd32f30x_cl.o(RESET)
</UL>
<P><STRONG><a name="[1f]"></a>DMA0_Channel0_IRQHandler</STRONG> (Thumb, 0 bytes, Stack size 0 bytes, startup_gd32f30x_cl.o(.text))
<BR>[Address Reference Count : 1]<UL><LI> startup_gd32f30x_cl.o(RESET)
</UL>
<P><STRONG><a name="[20]"></a>DMA0_Channel1_IRQHandler</STRONG> (Thumb, 0 bytes, Stack size 0 bytes, startup_gd32f30x_cl.o(.text))
<BR>[Address Reference Count : 1]<UL><LI> startup_gd32f30x_cl.o(RESET)
</UL>
<P><STRONG><a name="[21]"></a>DMA0_Channel2_IRQHandler</STRONG> (Thumb, 0 bytes, Stack size 0 bytes, startup_gd32f30x_cl.o(.text))
<BR>[Address Reference Count : 1]<UL><LI> startup_gd32f30x_cl.o(RESET)
</UL>
<P><STRONG><a name="[22]"></a>DMA0_Channel3_IRQHandler</STRONG> (Thumb, 0 bytes, Stack size 0 bytes, startup_gd32f30x_cl.o(.text))
<BR>[Address Reference Count : 1]<UL><LI> startup_gd32f30x_cl.o(RESET)
</UL>
<P><STRONG><a name="[23]"></a>DMA0_Channel4_IRQHandler</STRONG> (Thumb, 0 bytes, Stack size 0 bytes, startup_gd32f30x_cl.o(.text))
<BR>[Address Reference Count : 1]<UL><LI> startup_gd32f30x_cl.o(RESET)
</UL>
<P><STRONG><a name="[24]"></a>DMA0_Channel5_IRQHandler</STRONG> (Thumb, 0 bytes, Stack size 0 bytes, startup_gd32f30x_cl.o(.text))
<BR>[Address Reference Count : 1]<UL><LI> startup_gd32f30x_cl.o(RESET)
</UL>
<P><STRONG><a name="[25]"></a>DMA0_Channel6_IRQHandler</STRONG> (Thumb, 0 bytes, Stack size 0 bytes, startup_gd32f30x_cl.o(.text))
<BR>[Address Reference Count : 1]<UL><LI> startup_gd32f30x_cl.o(RESET)
</UL>
<P><STRONG><a name="[4a]"></a>DMA1_Channel0_IRQHandler</STRONG> (Thumb, 0 bytes, Stack size 0 bytes, startup_gd32f30x_cl.o(.text))
<BR>[Address Reference Count : 1]<UL><LI> startup_gd32f30x_cl.o(RESET)
</UL>
<P><STRONG><a name="[4b]"></a>DMA1_Channel1_IRQHandler</STRONG> (Thumb, 0 bytes, Stack size 0 bytes, startup_gd32f30x_cl.o(.text))
<BR>[Address Reference Count : 1]<UL><LI> startup_gd32f30x_cl.o(RESET)
</UL>
<P><STRONG><a name="[4c]"></a>DMA1_Channel2_IRQHandler</STRONG> (Thumb, 0 bytes, Stack size 0 bytes, startup_gd32f30x_cl.o(.text))
<BR>[Address Reference Count : 1]<UL><LI> startup_gd32f30x_cl.o(RESET)
</UL>
<P><STRONG><a name="[4d]"></a>DMA1_Channel3_IRQHandler</STRONG> (Thumb, 0 bytes, Stack size 0 bytes, startup_gd32f30x_cl.o(.text))
<BR>[Address Reference Count : 1]<UL><LI> startup_gd32f30x_cl.o(RESET)
</UL>
<P><STRONG><a name="[4e]"></a>DMA1_Channel4_IRQHandler</STRONG> (Thumb, 0 bytes, Stack size 0 bytes, startup_gd32f30x_cl.o(.text))
<BR>[Address Reference Count : 1]<UL><LI> startup_gd32f30x_cl.o(RESET)
</UL>
<P><STRONG><a name="[50]"></a>ENET_WKUP_IRQHandler</STRONG> (Thumb, 0 bytes, Stack size 0 bytes, startup_gd32f30x_cl.o(.text))
<BR>[Address Reference Count : 1]<UL><LI> startup_gd32f30x_cl.o(RESET)
</UL>
<P><STRONG><a name="[43]"></a>EXMC_IRQHandler</STRONG> (Thumb, 0 bytes, Stack size 0 bytes, startup_gd32f30x_cl.o(.text))
<BR>[Address Reference Count : 1]<UL><LI> startup_gd32f30x_cl.o(RESET)
</UL>
<P><STRONG><a name="[1a]"></a>EXTI0_IRQHandler</STRONG> (Thumb, 0 bytes, Stack size 0 bytes, startup_gd32f30x_cl.o(.text))
<BR>[Address Reference Count : 1]<UL><LI> startup_gd32f30x_cl.o(RESET)
</UL>
<P><STRONG><a name="[1b]"></a>EXTI1_IRQHandler</STRONG> (Thumb, 0 bytes, Stack size 0 bytes, startup_gd32f30x_cl.o(.text))
<BR>[Address Reference Count : 1]<UL><LI> startup_gd32f30x_cl.o(RESET)
</UL>
<P><STRONG><a name="[1c]"></a>EXTI2_IRQHandler</STRONG> (Thumb, 0 bytes, Stack size 0 bytes, startup_gd32f30x_cl.o(.text))
<BR>[Address Reference Count : 1]<UL><LI> startup_gd32f30x_cl.o(RESET)
</UL>
<P><STRONG><a name="[1d]"></a>EXTI3_IRQHandler</STRONG> (Thumb, 0 bytes, Stack size 0 bytes, startup_gd32f30x_cl.o(.text))
<BR>[Address Reference Count : 1]<UL><LI> startup_gd32f30x_cl.o(RESET)
</UL>
<P><STRONG><a name="[1e]"></a>EXTI4_IRQHandler</STRONG> (Thumb, 0 bytes, Stack size 0 bytes, startup_gd32f30x_cl.o(.text))
<BR>[Address Reference Count : 1]<UL><LI> startup_gd32f30x_cl.o(RESET)
</UL>
<P><STRONG><a name="[18]"></a>FMC_IRQHandler</STRONG> (Thumb, 0 bytes, Stack size 0 bytes, startup_gd32f30x_cl.o(.text))
<BR>[Address Reference Count : 1]<UL><LI> startup_gd32f30x_cl.o(RESET)
</UL>
<P><STRONG><a name="[34]"></a>I2C0_ER_IRQHandler</STRONG> (Thumb, 0 bytes, Stack size 0 bytes, startup_gd32f30x_cl.o(.text))
<BR>[Address Reference Count : 1]<UL><LI> startup_gd32f30x_cl.o(RESET)
</UL>
<P><STRONG><a name="[33]"></a>I2C0_EV_IRQHandler</STRONG> (Thumb, 0 bytes, Stack size 0 bytes, startup_gd32f30x_cl.o(.text))
<BR>[Address Reference Count : 1]<UL><LI> startup_gd32f30x_cl.o(RESET)
</UL>
<P><STRONG><a name="[36]"></a>I2C1_ER_IRQHandler</STRONG> (Thumb, 0 bytes, Stack size 0 bytes, startup_gd32f30x_cl.o(.text))
<BR>[Address Reference Count : 1]<UL><LI> startup_gd32f30x_cl.o(RESET)
</UL>
<P><STRONG><a name="[35]"></a>I2C1_EV_IRQHandler</STRONG> (Thumb, 0 bytes, Stack size 0 bytes, startup_gd32f30x_cl.o(.text))
<BR>[Address Reference Count : 1]<UL><LI> startup_gd32f30x_cl.o(RESET)
</UL>
<P><STRONG><a name="[15]"></a>LVD_IRQHandler</STRONG> (Thumb, 0 bytes, Stack size 0 bytes, startup_gd32f30x_cl.o(.text))
<BR>[Address Reference Count : 1]<UL><LI> startup_gd32f30x_cl.o(RESET)
</UL>
<P><STRONG><a name="[19]"></a>RCU_CTC_IRQHandler</STRONG> (Thumb, 0 bytes, Stack size 0 bytes, startup_gd32f30x_cl.o(.text))
<BR>[Address Reference Count : 1]<UL><LI> startup_gd32f30x_cl.o(RESET)
</UL>
<P><STRONG><a name="[3d]"></a>RTC_Alarm_IRQHandler</STRONG> (Thumb, 0 bytes, Stack size 0 bytes, startup_gd32f30x_cl.o(.text))
<BR>[Address Reference Count : 1]<UL><LI> startup_gd32f30x_cl.o(RESET)
</UL>
<P><STRONG><a name="[17]"></a>RTC_IRQHandler</STRONG> (Thumb, 0 bytes, Stack size 0 bytes, startup_gd32f30x_cl.o(.text))
<BR>[Address Reference Count : 1]<UL><LI> startup_gd32f30x_cl.o(RESET)
</UL>
<P><STRONG><a name="[37]"></a>SPI0_IRQHandler</STRONG> (Thumb, 0 bytes, Stack size 0 bytes, startup_gd32f30x_cl.o(.text))
<BR>[Address Reference Count : 1]<UL><LI> startup_gd32f30x_cl.o(RESET)
</UL>
<P><STRONG><a name="[38]"></a>SPI1_IRQHandler</STRONG> (Thumb, 0 bytes, Stack size 0 bytes, startup_gd32f30x_cl.o(.text))
<BR>[Address Reference Count : 1]<UL><LI> startup_gd32f30x_cl.o(RESET)
</UL>
<P><STRONG><a name="[16]"></a>TAMPER_IRQHandler</STRONG> (Thumb, 0 bytes, Stack size 0 bytes, startup_gd32f30x_cl.o(.text))
<BR>[Address Reference Count : 1]<UL><LI> startup_gd32f30x_cl.o(RESET)
</UL>
<P><STRONG><a name="[2c]"></a>TIMER0_BRK_TIMER8_IRQHandler</STRONG> (Thumb, 0 bytes, Stack size 0 bytes, startup_gd32f30x_cl.o(.text))
<BR>[Address Reference Count : 1]<UL><LI> startup_gd32f30x_cl.o(RESET)
</UL>
<P><STRONG><a name="[2f]"></a>TIMER0_Channel_IRQHandler</STRONG> (Thumb, 0 bytes, Stack size 0 bytes, startup_gd32f30x_cl.o(.text))
<BR>[Address Reference Count : 1]<UL><LI> startup_gd32f30x_cl.o(RESET)
</UL>
<P><STRONG><a name="[2e]"></a>TIMER0_TRG_CMT_TIMER10_IRQHandler</STRONG> (Thumb, 0 bytes, Stack size 0 bytes, startup_gd32f30x_cl.o(.text))
<BR>[Address Reference Count : 1]<UL><LI> startup_gd32f30x_cl.o(RESET)
</UL>
<P><STRONG><a name="[2d]"></a>TIMER0_UP_TIMER9_IRQHandler</STRONG> (Thumb, 0 bytes, Stack size 0 bytes, startup_gd32f30x_cl.o(.text))
<BR>[Address Reference Count : 1]<UL><LI> startup_gd32f30x_cl.o(RESET)
</UL>
<P><STRONG><a name="[30]"></a>TIMER1_IRQHandler</STRONG> (Thumb, 0 bytes, Stack size 0 bytes, startup_gd32f30x_cl.o(.text))
<BR>[Address Reference Count : 1]<UL><LI> startup_gd32f30x_cl.o(RESET)
</UL>
<P><STRONG><a name="[31]"></a>TIMER2_IRQHandler</STRONG> (Thumb, 0 bytes, Stack size 0 bytes, startup_gd32f30x_cl.o(.text))
<BR>[Address Reference Count : 1]<UL><LI> startup_gd32f30x_cl.o(RESET)
</UL>
<P><STRONG><a name="[32]"></a>TIMER3_IRQHandler</STRONG> (Thumb, 0 bytes, Stack size 0 bytes, startup_gd32f30x_cl.o(.text))
<BR>[Address Reference Count : 1]<UL><LI> startup_gd32f30x_cl.o(RESET)
</UL>
<P><STRONG><a name="[44]"></a>TIMER4_IRQHandler</STRONG> (Thumb, 0 bytes, Stack size 0 bytes, startup_gd32f30x_cl.o(.text))
<BR>[Address Reference Count : 1]<UL><LI> startup_gd32f30x_cl.o(RESET)
</UL>
<P><STRONG><a name="[48]"></a>TIMER5_IRQHandler</STRONG> (Thumb, 0 bytes, Stack size 0 bytes, startup_gd32f30x_cl.o(.text))
<BR>[Address Reference Count : 1]<UL><LI> startup_gd32f30x_cl.o(RESET)
</UL>
<P><STRONG><a name="[49]"></a>TIMER6_IRQHandler</STRONG> (Thumb, 0 bytes, Stack size 0 bytes, startup_gd32f30x_cl.o(.text))
<BR>[Address Reference Count : 1]<UL><LI> startup_gd32f30x_cl.o(RESET)
</UL>
<P><STRONG><a name="[3f]"></a>TIMER7_BRK_TIMER11_IRQHandler</STRONG> (Thumb, 0 bytes, Stack size 0 bytes, startup_gd32f30x_cl.o(.text))
<BR>[Address Reference Count : 1]<UL><LI> startup_gd32f30x_cl.o(RESET)
</UL>
<P><STRONG><a name="[42]"></a>TIMER7_Channel_IRQHandler</STRONG> (Thumb, 0 bytes, Stack size 0 bytes, startup_gd32f30x_cl.o(.text))
<BR>[Address Reference Count : 1]<UL><LI> startup_gd32f30x_cl.o(RESET)
</UL>
<P><STRONG><a name="[41]"></a>TIMER7_TRG_CMT_TIMER13_IRQHandler</STRONG> (Thumb, 0 bytes, Stack size 0 bytes, startup_gd32f30x_cl.o(.text))
<BR>[Address Reference Count : 1]<UL><LI> startup_gd32f30x_cl.o(RESET)
</UL>
<P><STRONG><a name="[40]"></a>TIMER7_UP_TIMER12_IRQHandler</STRONG> (Thumb, 0 bytes, Stack size 0 bytes, startup_gd32f30x_cl.o(.text))
<BR>[Address Reference Count : 1]<UL><LI> startup_gd32f30x_cl.o(RESET)
</UL>
<P><STRONG><a name="[3b]"></a>USART2_IRQHandler</STRONG> (Thumb, 0 bytes, Stack size 0 bytes, startup_gd32f30x_cl.o(.text))
<BR>[Address Reference Count : 1]<UL><LI> startup_gd32f30x_cl.o(RESET)
</UL>
<P><STRONG><a name="[55]"></a>USBFS_IRQHandler</STRONG> (Thumb, 0 bytes, Stack size 0 bytes, startup_gd32f30x_cl.o(.text))
<BR>[Address Reference Count : 1]<UL><LI> startup_gd32f30x_cl.o(RESET)
</UL>
<P><STRONG><a name="[3e]"></a>USBFS_WKUP_IRQHandler</STRONG> (Thumb, 0 bytes, Stack size 0 bytes, startup_gd32f30x_cl.o(.text))
<BR>[Address Reference Count : 1]<UL><LI> startup_gd32f30x_cl.o(RESET)
</UL>
<P><STRONG><a name="[14]"></a>WWDGT_IRQHandler</STRONG> (Thumb, 0 bytes, Stack size 0 bytes, startup_gd32f30x_cl.o(.text))
<BR>[Address Reference Count : 1]<UL><LI> startup_gd32f30x_cl.o(RESET)
</UL>
<P><STRONG><a name="[8d]"></a>__aeabi_uldivmod</STRONG> (Thumb, 98 bytes, Stack size 40 bytes, uldiv.o(.text), UNUSED)
<BR><BR>[Calls]<UL><LI><a href="#[8e]">&gt;&gt;</a>&nbsp;&nbsp;&nbsp;__aeabi_llsr
<LI><a href="#[8f]">&gt;&gt;</a>&nbsp;&nbsp;&nbsp;__aeabi_llsl
</UL>
<BR>[Called By]<UL><LI><a href="#[b8]">&gt;&gt;</a>&nbsp;&nbsp;&nbsp;_printf_core
</UL>

<P><STRONG><a name="[171]"></a>__aeabi_memcpy</STRONG> (Thumb, 36 bytes, Stack size 0 bytes, memcpya.o(.text))
<BR><BR>[Called By]<UL><LI><a href="#[1d2]">&gt;&gt;</a>&nbsp;&nbsp;&nbsp;lwip_recvfrom
<LI><a href="#[21e]">&gt;&gt;</a>&nbsp;&nbsp;&nbsp;usart_send
<LI><a href="#[221]">&gt;&gt;</a>&nbsp;&nbsp;&nbsp;usart_recv
<LI><a href="#[80]">&gt;&gt;</a>&nbsp;&nbsp;&nbsp;rs485net_task
<LI><a href="#[1bc]">&gt;&gt;</a>&nbsp;&nbsp;&nbsp;lwip_accept
<LI><a href="#[26c]">&gt;&gt;</a>&nbsp;&nbsp;&nbsp;telnet_recv
<LI><a href="#[168]">&gt;&gt;</a>&nbsp;&nbsp;&nbsp;pbuf_copy
<LI><a href="#[115]">&gt;&gt;</a>&nbsp;&nbsp;&nbsp;pbuf_copy_partial
<LI><a href="#[19c]">&gt;&gt;</a>&nbsp;&nbsp;&nbsp;icmp_send_response
<LI><a href="#[142]">&gt;&gt;</a>&nbsp;&nbsp;&nbsp;tcp_write
<LI><a href="#[6e]">&gt;&gt;</a>&nbsp;&nbsp;&nbsp;ethernetif_input
<LI><a href="#[6b]">&gt;&gt;</a>&nbsp;&nbsp;&nbsp;low_level_output
<LI><a href="#[20a]">&gt;&gt;</a>&nbsp;&nbsp;&nbsp;prvCopyDataToQueue
<LI><a href="#[209]">&gt;&gt;</a>&nbsp;&nbsp;&nbsp;prvCopyDataFromQueue
</UL>

<P><STRONG><a name="[ea]"></a>__aeabi_memcpy4</STRONG> (Thumb, 0 bytes, Stack size 0 bytes, memcpya.o(.text))
<BR><BR>[Called By]<UL><LI><a href="#[0]">&gt;&gt;</a>&nbsp;&nbsp;&nbsp;cmd_help
<LI><a href="#[270]">&gt;&gt;</a>&nbsp;&nbsp;&nbsp;time_display
<LI><a href="#[26f]">&gt;&gt;</a>&nbsp;&nbsp;&nbsp;time_caculate
</UL>

<P><STRONG><a name="[28c]"></a>__aeabi_memcpy8</STRONG> (Thumb, 0 bytes, Stack size 0 bytes, memcpya.o(.text), UNUSED)

<P><STRONG><a name="[91]"></a>__aeabi_memset</STRONG> (Thumb, 14 bytes, Stack size 0 bytes, memseta.o(.text))
<BR><BR>[Called By]<UL><LI><a href="#[83]">&gt;&gt;</a>&nbsp;&nbsp;&nbsp;tcp_client_task
<LI><a href="#[1b2]">&gt;&gt;</a>&nbsp;&nbsp;&nbsp;xTaskGenericCreate
<LI><a href="#[92]">&gt;&gt;</a>&nbsp;&nbsp;&nbsp;_memset$wrapper
<LI><a href="#[90]">&gt;&gt;</a>&nbsp;&nbsp;&nbsp;__aeabi_memclr
</UL>

<P><STRONG><a name="[28d]"></a>__aeabi_memset4</STRONG> (Thumb, 0 bytes, Stack size 0 bytes, memseta.o(.text), UNUSED)

<P><STRONG><a name="[28e]"></a>__aeabi_memset8</STRONG> (Thumb, 0 bytes, Stack size 0 bytes, memseta.o(.text), UNUSED)

<P><STRONG><a name="[90]"></a>__aeabi_memclr</STRONG> (Thumb, 4 bytes, Stack size 0 bytes, memseta.o(.text))
<BR><BR>[Calls]<UL><LI><a href="#[91]">&gt;&gt;</a>&nbsp;&nbsp;&nbsp;__aeabi_memset
</UL>
<BR>[Called By]<UL><LI><a href="#[18b]">&gt;&gt;</a>&nbsp;&nbsp;&nbsp;handle_otadata
<LI><a href="#[18a]">&gt;&gt;</a>&nbsp;&nbsp;&nbsp;write_data_to_flash
<LI><a href="#[188]">&gt;&gt;</a>&nbsp;&nbsp;&nbsp;read_data_and_set_ack
</UL>

<P><STRONG><a name="[f1]"></a>__aeabi_memclr4</STRONG> (Thumb, 0 bytes, Stack size 0 bytes, memseta.o(.text))
<BR><BR>[Called By]<UL><LI><a href="#[e8]">&gt;&gt;</a>&nbsp;&nbsp;&nbsp;read_data_and_analyze
<LI><a href="#[f0]">&gt;&gt;</a>&nbsp;&nbsp;&nbsp;data_analyze
<LI><a href="#[11a]">&gt;&gt;</a>&nbsp;&nbsp;&nbsp;dhcp_start
<LI><a href="#[26c]">&gt;&gt;</a>&nbsp;&nbsp;&nbsp;telnet_recv
<LI><a href="#[1fa]">&gt;&gt;</a>&nbsp;&nbsp;&nbsp;raw_new
<LI><a href="#[11c]">&gt;&gt;</a>&nbsp;&nbsp;&nbsp;udp_new
<LI><a href="#[114]">&gt;&gt;</a>&nbsp;&nbsp;&nbsp;dhcp_parse_reply
<LI><a href="#[24c]">&gt;&gt;</a>&nbsp;&nbsp;&nbsp;tcp_alloc
</UL>

<P><STRONG><a name="[28f]"></a>__aeabi_memclr8</STRONG> (Thumb, 0 bytes, Stack size 0 bytes, memseta.o(.text), UNUSED)

<P><STRONG><a name="[92]"></a>_memset$wrapper</STRONG> (Thumb, 18 bytes, Stack size 8 bytes, memseta.o(.text), UNUSED)
<BR><BR>[Calls]<UL><LI><a href="#[91]">&gt;&gt;</a>&nbsp;&nbsp;&nbsp;__aeabi_memset
</UL>

<P><STRONG><a name="[26d]"></a>strlen</STRONG> (Thumb, 14 bytes, Stack size 0 bytes, strlen.o(.text))
<BR><BR>[Called By]<UL><LI><a href="#[26c]">&gt;&gt;</a>&nbsp;&nbsp;&nbsp;telnet_recv
</UL>

<P><STRONG><a name="[226]"></a>strcmp</STRONG> (Thumb, 28 bytes, Stack size 8 bytes, strcmp.o(.text))
<BR><BR>[Stack]<UL><LI>Max Depth = 8<LI>Call Chain = strcmp
</UL>
<BR>[Called By]<UL><LI><a href="#[80]">&gt;&gt;</a>&nbsp;&nbsp;&nbsp;rs485net_task
</UL>

<P><STRONG><a name="[16c]"></a>memcmp</STRONG> (Thumb, 26 bytes, Stack size 12 bytes, memcmp.o(.text))
<BR><BR>[Stack]<UL><LI>Max Depth = 12<LI>Call Chain = memcmp
</UL>
<BR>[Called By]<UL><LI><a href="#[16b]">&gt;&gt;</a>&nbsp;&nbsp;&nbsp;ethernet_input
</UL>

<P><STRONG><a name="[93]"></a>strcasecmp</STRONG> (Thumb, 42 bytes, Stack size 24 bytes, strcasecmp.o(.text))
<BR><BR>[Stack]<UL><LI>Max Depth = 24<LI>Call Chain = strcasecmp
</UL>
<BR>[Calls]<UL><LI><a href="#[94]">&gt;&gt;</a>&nbsp;&nbsp;&nbsp;tolower
</UL>
<BR>[Called By]<UL><LI><a href="#[6c]">&gt;&gt;</a>&nbsp;&nbsp;&nbsp;handle_command
</UL>

<P><STRONG><a name="[95]"></a>__0sscanf</STRONG> (Thumb, 48 bytes, Stack size 72 bytes, __0sscanf.o(.text))
<BR><BR>[Stack]<UL><LI>Max Depth = 216<LI>Call Chain = __0sscanf &rArr; __vfscanf_char &rArr; __vfscanf &rArr; _scanf_int
</UL>
<BR>[Calls]<UL><LI><a href="#[96]">&gt;&gt;</a>&nbsp;&nbsp;&nbsp;__vfscanf_char
</UL>
<BR>[Called By]<UL><LI><a href="#[6]">&gt;&gt;</a>&nbsp;&nbsp;&nbsp;cmd_timeset
<LI><a href="#[2]">&gt;&gt;</a>&nbsp;&nbsp;&nbsp;cmd_ledctrl
<LI><a href="#[4]">&gt;&gt;</a>&nbsp;&nbsp;&nbsp;cmd_displayctrl
<LI><a href="#[5]">&gt;&gt;</a>&nbsp;&nbsp;&nbsp;cmd_audioctrl
</UL>

<P><STRONG><a name="[97]"></a>_scanf_int</STRONG> (Thumb, 332 bytes, Stack size 56 bytes, _scanf_int.o(.text))
<BR><BR>[Stack]<UL><LI>Max Depth = 56<LI>Call Chain = _scanf_int
</UL>
<BR>[Calls]<UL><LI><a href="#[98]">&gt;&gt;</a>&nbsp;&nbsp;&nbsp;_chval
</UL>
<BR>[Called By]<UL><LI><a href="#[99]">&gt;&gt;</a>&nbsp;&nbsp;&nbsp;__vfscanf
</UL>

<P><STRONG><a name="[8f]"></a>__aeabi_llsl</STRONG> (Thumb, 30 bytes, Stack size 0 bytes, llshl.o(.text), UNUSED)
<BR><BR>[Called By]<UL><LI><a href="#[8d]">&gt;&gt;</a>&nbsp;&nbsp;&nbsp;__aeabi_uldivmod
</UL>

<P><STRONG><a name="[290]"></a>_ll_shift_l</STRONG> (Thumb, 0 bytes, Stack size 0 bytes, llshl.o(.text), UNUSED)

<P><STRONG><a name="[8e]"></a>__aeabi_llsr</STRONG> (Thumb, 32 bytes, Stack size 0 bytes, llushr.o(.text), UNUSED)
<BR><BR>[Called By]<UL><LI><a href="#[8d]">&gt;&gt;</a>&nbsp;&nbsp;&nbsp;__aeabi_uldivmod
</UL>

<P><STRONG><a name="[291]"></a>_ll_ushift_r</STRONG> (Thumb, 0 bytes, Stack size 0 bytes, llushr.o(.text), UNUSED)

<P><STRONG><a name="[94]"></a>tolower</STRONG> (Thumb, 12 bytes, Stack size 0 bytes, tolower.o(.text))
<BR><BR>[Called By]<UL><LI><a href="#[93]">&gt;&gt;</a>&nbsp;&nbsp;&nbsp;strcasecmp
</UL>

<P><STRONG><a name="[98]"></a>_chval</STRONG> (Thumb, 28 bytes, Stack size 0 bytes, _chval.o(.text))
<BR><BR>[Called By]<UL><LI><a href="#[97]">&gt;&gt;</a>&nbsp;&nbsp;&nbsp;_scanf_int
</UL>

<P><STRONG><a name="[96]"></a>__vfscanf_char</STRONG> (Thumb, 20 bytes, Stack size 0 bytes, scanf_char.o(.text))
<BR><BR>[Stack]<UL><LI>Max Depth = 144<LI>Call Chain = __vfscanf_char &rArr; __vfscanf &rArr; _scanf_int
</UL>
<BR>[Calls]<UL><LI><a href="#[99]">&gt;&gt;</a>&nbsp;&nbsp;&nbsp;__vfscanf
</UL>
<BR>[Called By]<UL><LI><a href="#[95]">&gt;&gt;</a>&nbsp;&nbsp;&nbsp;__0sscanf
</UL>

<P><STRONG><a name="[59]"></a>_sgetc</STRONG> (Thumb, 30 bytes, Stack size 0 bytes, _sgetc.o(.text))
<BR>[Address Reference Count : 1]<UL><LI> __0sscanf.o(.text)
</UL>
<P><STRONG><a name="[5a]"></a>_sbackspace</STRONG> (Thumb, 34 bytes, Stack size 0 bytes, _sgetc.o(.text))
<BR>[Address Reference Count : 1]<UL><LI> __0sscanf.o(.text)
</UL>
<P><STRONG><a name="[8b]"></a>__scatterload</STRONG> (Thumb, 28 bytes, Stack size 0 bytes, init.o(.text))
<BR><BR>[Calls]<UL><LI><a href="#[9a]">&gt;&gt;</a>&nbsp;&nbsp;&nbsp;__main_after_scatterload
</UL>
<BR>[Called By]<UL><LI><a href="#[8a]">&gt;&gt;</a>&nbsp;&nbsp;&nbsp;_main_scatterload
</UL>

<P><STRONG><a name="[292]"></a>__scatterload_rt2</STRONG> (Thumb, 0 bytes, Stack size 0 bytes, init.o(.text), UNUSED)

<P><STRONG><a name="[9b]"></a>__rt_ctype_table</STRONG> (Thumb, 4 bytes, Stack size 0 bytes, ctype_o.o(.text))
<BR><BR>[Called By]<UL><LI><a href="#[5c]">&gt;&gt;</a>&nbsp;&nbsp;&nbsp;isspace
</UL>

<P><STRONG><a name="[5c]"></a>isspace</STRONG> (Thumb, 18 bytes, Stack size 8 bytes, isspace_o.o(.text))
<BR><BR>[Stack]<UL><LI>Max Depth = 8<LI>Call Chain = isspace
</UL>
<BR>[Calls]<UL><LI><a href="#[9b]">&gt;&gt;</a>&nbsp;&nbsp;&nbsp;__rt_ctype_table
</UL>
<BR>[Address Reference Count : 1]<UL><LI> scanf_char.o(.text)
</UL>
<P><STRONG><a name="[99]"></a>__vfscanf</STRONG> (Thumb, 808 bytes, Stack size 88 bytes, _scanf.o(.text))
<BR><BR>[Stack]<UL><LI>Max Depth = 144<LI>Call Chain = __vfscanf &rArr; _scanf_int
</UL>
<BR>[Calls]<UL><LI><a href="#[97]">&gt;&gt;</a>&nbsp;&nbsp;&nbsp;_scanf_int
</UL>
<BR>[Called By]<UL><LI><a href="#[96]">&gt;&gt;</a>&nbsp;&nbsp;&nbsp;__vfscanf_char
</UL>

<P><STRONG><a name="[293]"></a>__decompress</STRONG> (Thumb, 0 bytes, Stack size unknown bytes, __dczerorl2.o(.text), UNUSED)

<P><STRONG><a name="[294]"></a>__decompress1</STRONG> (Thumb, 86 bytes, Stack size unknown bytes, __dczerorl2.o(.text), UNUSED)

<P><STRONG><a name="[e]"></a>BusFault_Handler</STRONG> (Thumb, 2 bytes, Stack size 0 bytes, gd32f30x_it.o(i.BusFault_Handler))
<BR><BR>[Calls]<UL><LI><a href="#[e]">&gt;&gt;</a>&nbsp;&nbsp;&nbsp;BusFault_Handler
</UL>
<BR>[Called By]<UL><LI><a href="#[e]">&gt;&gt;</a>&nbsp;&nbsp;&nbsp;BusFault_Handler
</UL>
<BR>[Address Reference Count : 1]<UL><LI> startup_gd32f30x_cl.o(RESET)
</UL>
<P><STRONG><a name="[f4]"></a>CRC8_check</STRONG> (Thumb, 52 bytes, Stack size 20 bytes, app_configure.o(i.CRC8_check))
<BR><BR>[Stack]<UL><LI>Max Depth = 20<LI>Call Chain = CRC8_check
</UL>
<BR>[Called By]<UL><LI><a href="#[f3]">&gt;&gt;</a>&nbsp;&nbsp;&nbsp;data_check
</UL>

<P><STRONG><a name="[4f]"></a>ENET_IRQHandler</STRONG> (Thumb, 58 bytes, Stack size 16 bytes, gd32f30x_it.o(i.ENET_IRQHandler))
<BR><BR>[Stack]<UL><LI>Max Depth = 56<LI>Call Chain = ENET_IRQHandler &rArr; xQueueGiveFromISR &rArr; xTaskRemoveFromEventList
</UL>
<BR>[Calls]<UL><LI><a href="#[9d]">&gt;&gt;</a>&nbsp;&nbsp;&nbsp;xQueueGiveFromISR
<LI><a href="#[9c]">&gt;&gt;</a>&nbsp;&nbsp;&nbsp;enet_interrupt_flag_get
<LI><a href="#[9e]">&gt;&gt;</a>&nbsp;&nbsp;&nbsp;enet_interrupt_flag_clear
</UL>
<BR>[Address Reference Count : 1]<UL><LI> startup_gd32f30x_cl.o(RESET)
</UL>
<P><STRONG><a name="[3c]"></a>EXTI10_15_IRQHandler</STRONG> (Thumb, 102 bytes, Stack size 16 bytes, gd32f30x_it.o(i.EXTI10_15_IRQHandler))
<BR><BR>[Stack]<UL><LI>Max Depth = 16<LI>Call Chain = EXTI10_15_IRQHandler
</UL>
<BR>[Calls]<UL><LI><a href="#[a0]">&gt;&gt;</a>&nbsp;&nbsp;&nbsp;gpio_input_bit_get
<LI><a href="#[9f]">&gt;&gt;</a>&nbsp;&nbsp;&nbsp;exti_interrupt_flag_get
<LI><a href="#[a1]">&gt;&gt;</a>&nbsp;&nbsp;&nbsp;exti_interrupt_flag_clear
</UL>
<BR>[Address Reference Count : 1]<UL><LI> startup_gd32f30x_cl.o(RESET)
</UL>
<P><STRONG><a name="[2b]"></a>EXTI5_9_IRQHandler</STRONG> (Thumb, 198 bytes, Stack size 24 bytes, gd32f30x_it.o(i.EXTI5_9_IRQHandler))
<BR><BR>[Stack]<UL><LI>Max Depth = 144<LI>Call Chain = EXTI5_9_IRQHandler &rArr; audio_process_cmd &rArr; read_data_from_flash &rArr; vTaskDelay &rArr; xTaskResumeAll &rArr; xTaskIncrementTick
</UL>
<BR>[Calls]<UL><LI><a href="#[a0]">&gt;&gt;</a>&nbsp;&nbsp;&nbsp;gpio_input_bit_get
<LI><a href="#[9f]">&gt;&gt;</a>&nbsp;&nbsp;&nbsp;exti_interrupt_flag_get
<LI><a href="#[a1]">&gt;&gt;</a>&nbsp;&nbsp;&nbsp;exti_interrupt_flag_clear
<LI><a href="#[a2]">&gt;&gt;</a>&nbsp;&nbsp;&nbsp;audio_process_cmd
</UL>
<BR>[Address Reference Count : 1]<UL><LI> startup_gd32f30x_cl.o(RESET)
</UL>
<P><STRONG><a name="[a3]"></a>FLASH_Program</STRONG> (Thumb, 70 bytes, Stack size 32 bytes, app_ota.o(i.FLASH_Program))
<BR><BR>[Stack]<UL><LI>Max Depth = 56<LI>Call Chain = FLASH_Program &rArr; fmc_word_program &rArr; fmc_bank1_ready_wait
</UL>
<BR>[Calls]<UL><LI><a href="#[a6]">&gt;&gt;</a>&nbsp;&nbsp;&nbsp;fmc_word_program
<LI><a href="#[a4]">&gt;&gt;</a>&nbsp;&nbsp;&nbsp;fmc_unlock
<LI><a href="#[a7]">&gt;&gt;</a>&nbsp;&nbsp;&nbsp;fmc_lock
<LI><a href="#[a5]">&gt;&gt;</a>&nbsp;&nbsp;&nbsp;fmc_flag_clear
</UL>
<BR>[Called By]<UL><LI><a href="#[18b]">&gt;&gt;</a>&nbsp;&nbsp;&nbsp;handle_otadata
</UL>

<P><STRONG><a name="[c]"></a>HardFault_Handler</STRONG> (Thumb, 2 bytes, Stack size 0 bytes, gd32f30x_it.o(i.HardFault_Handler))
<BR><BR>[Calls]<UL><LI><a href="#[c]">&gt;&gt;</a>&nbsp;&nbsp;&nbsp;HardFault_Handler
</UL>
<BR>[Called By]<UL><LI><a href="#[c]">&gt;&gt;</a>&nbsp;&nbsp;&nbsp;HardFault_Handler
</UL>
<BR>[Address Reference Count : 1]<UL><LI> startup_gd32f30x_cl.o(RESET)
</UL>
<P><STRONG><a name="[d]"></a>MemManage_Handler</STRONG> (Thumb, 2 bytes, Stack size 0 bytes, gd32f30x_it.o(i.MemManage_Handler))
<BR><BR>[Calls]<UL><LI><a href="#[d]">&gt;&gt;</a>&nbsp;&nbsp;&nbsp;MemManage_Handler
</UL>
<BR>[Called By]<UL><LI><a href="#[d]">&gt;&gt;</a>&nbsp;&nbsp;&nbsp;MemManage_Handler
</UL>
<BR>[Address Reference Count : 1]<UL><LI> startup_gd32f30x_cl.o(RESET)
</UL>
<P><STRONG><a name="[b]"></a>NMI_Handler</STRONG> (Thumb, 2 bytes, Stack size 0 bytes, gd32f30x_it.o(i.NMI_Handler))
<BR>[Address Reference Count : 1]<UL><LI> startup_gd32f30x_cl.o(RESET)
</UL>
<P><STRONG><a name="[45]"></a>SPI2_IRQHandler</STRONG> (Thumb, 78 bytes, Stack size 24 bytes, gd32f30x_it.o(i.SPI2_IRQHandler))
<BR><BR>[Stack]<UL><LI>Max Depth = 24<LI>Call Chain = SPI2_IRQHandler
</UL>
<BR>[Calls]<UL><LI><a href="#[aa]">&gt;&gt;</a>&nbsp;&nbsp;&nbsp;spi_i2s_interrupt_flag_get
<LI><a href="#[ab]">&gt;&gt;</a>&nbsp;&nbsp;&nbsp;spi_i2s_data_transmit
</UL>
<BR>[Address Reference Count : 1]<UL><LI> startup_gd32f30x_cl.o(RESET)
</UL>
<P><STRONG><a name="[13]"></a>SysTick_Handler</STRONG> (Thumb, 30 bytes, Stack size 8 bytes, port.o(i.SysTick_Handler))
<BR><BR>[Stack]<UL><LI>Max Depth = 32<LI>Call Chain = SysTick_Handler &rArr; xTaskIncrementTick
</UL>
<BR>[Calls]<UL><LI><a href="#[ae]">&gt;&gt;</a>&nbsp;&nbsp;&nbsp;vPortClearInterruptMask
<LI><a href="#[ac]">&gt;&gt;</a>&nbsp;&nbsp;&nbsp;ulPortSetInterruptMask
<LI><a href="#[ad]">&gt;&gt;</a>&nbsp;&nbsp;&nbsp;xTaskIncrementTick
</UL>
<BR>[Address Reference Count : 1]<UL><LI> startup_gd32f30x_cl.o(RESET)
</UL>
<P><STRONG><a name="[57]"></a>SystemInit</STRONG> (Thumb, 52 bytes, Stack size 0 bytes, system_gd32f30x.o(i.SystemInit))
<BR><BR>[Calls]<UL><LI><a href="#[af]">&gt;&gt;</a>&nbsp;&nbsp;&nbsp;system_clock_120m_hxtal
</UL>
<BR>[Address Reference Count : 1]<UL><LI> startup_gd32f30x_cl.o(.text)
</UL>
<P><STRONG><a name="[46]"></a>UART3_IRQHandler</STRONG> (Thumb, 120 bytes, Stack size 16 bytes, gd32f30x_it.o(i.UART3_IRQHandler))
<BR><BR>[Stack]<UL><LI>Max Depth = 24<LI>Call Chain = UART3_IRQHandler &rArr; usart_interrupt_flag_get
</UL>
<BR>[Calls]<UL><LI><a href="#[b3]">&gt;&gt;</a>&nbsp;&nbsp;&nbsp;usart_data_transmit
<LI><a href="#[b0]">&gt;&gt;</a>&nbsp;&nbsp;&nbsp;usart_interrupt_flag_get
<LI><a href="#[b2]">&gt;&gt;</a>&nbsp;&nbsp;&nbsp;usart_interrupt_disable
<LI><a href="#[b1]">&gt;&gt;</a>&nbsp;&nbsp;&nbsp;usart_data_receive
</UL>
<BR>[Address Reference Count : 1]<UL><LI> startup_gd32f30x_cl.o(RESET)
</UL>
<P><STRONG><a name="[47]"></a>UART4_IRQHandler</STRONG> (Thumb, 120 bytes, Stack size 16 bytes, gd32f30x_it.o(i.UART4_IRQHandler))
<BR><BR>[Stack]<UL><LI>Max Depth = 24<LI>Call Chain = UART4_IRQHandler &rArr; usart_interrupt_flag_get
</UL>
<BR>[Calls]<UL><LI><a href="#[b3]">&gt;&gt;</a>&nbsp;&nbsp;&nbsp;usart_data_transmit
<LI><a href="#[b0]">&gt;&gt;</a>&nbsp;&nbsp;&nbsp;usart_interrupt_flag_get
<LI><a href="#[b2]">&gt;&gt;</a>&nbsp;&nbsp;&nbsp;usart_interrupt_disable
<LI><a href="#[b1]">&gt;&gt;</a>&nbsp;&nbsp;&nbsp;usart_data_receive
</UL>
<BR>[Address Reference Count : 1]<UL><LI> startup_gd32f30x_cl.o(RESET)
</UL>
<P><STRONG><a name="[39]"></a>USART0_IRQHandler</STRONG> (Thumb, 122 bytes, Stack size 16 bytes, gd32f30x_it.o(i.USART0_IRQHandler))
<BR><BR>[Stack]<UL><LI>Max Depth = 24<LI>Call Chain = USART0_IRQHandler &rArr; usart_interrupt_flag_get
</UL>
<BR>[Calls]<UL><LI><a href="#[b3]">&gt;&gt;</a>&nbsp;&nbsp;&nbsp;usart_data_transmit
<LI><a href="#[b0]">&gt;&gt;</a>&nbsp;&nbsp;&nbsp;usart_interrupt_flag_get
<LI><a href="#[b2]">&gt;&gt;</a>&nbsp;&nbsp;&nbsp;usart_interrupt_disable
<LI><a href="#[b1]">&gt;&gt;</a>&nbsp;&nbsp;&nbsp;usart_data_receive
</UL>
<BR>[Address Reference Count : 1]<UL><LI> startup_gd32f30x_cl.o(RESET)
</UL>
<P><STRONG><a name="[3a]"></a>USART1_IRQHandler</STRONG> (Thumb, 120 bytes, Stack size 16 bytes, gd32f30x_it.o(i.USART1_IRQHandler))
<BR><BR>[Stack]<UL><LI>Max Depth = 24<LI>Call Chain = USART1_IRQHandler &rArr; usart_interrupt_flag_get
</UL>
<BR>[Calls]<UL><LI><a href="#[b3]">&gt;&gt;</a>&nbsp;&nbsp;&nbsp;usart_data_transmit
<LI><a href="#[b0]">&gt;&gt;</a>&nbsp;&nbsp;&nbsp;usart_interrupt_flag_get
<LI><a href="#[b2]">&gt;&gt;</a>&nbsp;&nbsp;&nbsp;usart_interrupt_disable
<LI><a href="#[b1]">&gt;&gt;</a>&nbsp;&nbsp;&nbsp;usart_data_receive
</UL>
<BR>[Address Reference Count : 1]<UL><LI> startup_gd32f30x_cl.o(RESET)
</UL>
<P><STRONG><a name="[f]"></a>UsageFault_Handler</STRONG> (Thumb, 2 bytes, Stack size 0 bytes, gd32f30x_it.o(i.UsageFault_Handler))
<BR><BR>[Calls]<UL><LI><a href="#[f]">&gt;&gt;</a>&nbsp;&nbsp;&nbsp;UsageFault_Handler
</UL>
<BR>[Called By]<UL><LI><a href="#[f]">&gt;&gt;</a>&nbsp;&nbsp;&nbsp;UsageFault_Handler
</UL>
<BR>[Address Reference Count : 1]<UL><LI> startup_gd32f30x_cl.o(RESET)
</UL>
<P><STRONG><a name="[b7]"></a>__0printf$8</STRONG> (Thumb, 22 bytes, Stack size 24 bytes, printf8.o(i.__0printf$8), UNUSED)
<BR><BR>[Calls]<UL><LI><a href="#[b8]">&gt;&gt;</a>&nbsp;&nbsp;&nbsp;_printf_core
</UL>

<P><STRONG><a name="[295]"></a>__1printf$8</STRONG> (Thumb, 0 bytes, Stack size 24 bytes, printf8.o(i.__0printf$8), UNUSED)

<P><STRONG><a name="[e7]"></a>__2printf</STRONG> (Thumb, 0 bytes, Stack size 24 bytes, printf8.o(i.__0printf$8))
<BR><BR>[Stack]<UL><LI>Max Depth = 24<LI>Call Chain = __2printf
</UL>
<BR>[Called By]<UL><LI><a href="#[1d7]">&gt;&gt;</a>&nbsp;&nbsp;&nbsp;lwip_sendto
<LI><a href="#[1d2]">&gt;&gt;</a>&nbsp;&nbsp;&nbsp;lwip_recvfrom
<LI><a href="#[1c4]">&gt;&gt;</a>&nbsp;&nbsp;&nbsp;lwip_connect
<LI><a href="#[1c2]">&gt;&gt;</a>&nbsp;&nbsp;&nbsp;lwip_close
<LI><a href="#[1c0]">&gt;&gt;</a>&nbsp;&nbsp;&nbsp;lwip_bind
<LI><a href="#[18b]">&gt;&gt;</a>&nbsp;&nbsp;&nbsp;handle_otadata
<LI><a href="#[1f7]">&gt;&gt;</a>&nbsp;&nbsp;&nbsp;parse_modbus_rtu_frame
<LI><a href="#[1de]">&gt;&gt;</a>&nbsp;&nbsp;&nbsp;tcpip_init
<LI><a href="#[1df]">&gt;&gt;</a>&nbsp;&nbsp;&nbsp;netif_add
<LI><a href="#[71]">&gt;&gt;</a>&nbsp;&nbsp;&nbsp;ethernetif_init
<LI><a href="#[120]">&gt;&gt;</a>&nbsp;&nbsp;&nbsp;dhcp_stop
<LI><a href="#[11a]">&gt;&gt;</a>&nbsp;&nbsp;&nbsp;dhcp_start
<LI><a href="#[6]">&gt;&gt;</a>&nbsp;&nbsp;&nbsp;cmd_timeset
<LI><a href="#[2]">&gt;&gt;</a>&nbsp;&nbsp;&nbsp;cmd_ledctrl
<LI><a href="#[0]">&gt;&gt;</a>&nbsp;&nbsp;&nbsp;cmd_help
<LI><a href="#[4]">&gt;&gt;</a>&nbsp;&nbsp;&nbsp;cmd_displayctrl
<LI><a href="#[5]">&gt;&gt;</a>&nbsp;&nbsp;&nbsp;cmd_audioctrl
<LI><a href="#[1bc]">&gt;&gt;</a>&nbsp;&nbsp;&nbsp;lwip_accept
<LI><a href="#[ed]">&gt;&gt;</a>&nbsp;&nbsp;&nbsp;time_show
<LI><a href="#[270]">&gt;&gt;</a>&nbsp;&nbsp;&nbsp;time_display
<LI><a href="#[19f]">&gt;&gt;</a>&nbsp;&nbsp;&nbsp;ip_output_if
<LI><a href="#[13e]">&gt;&gt;</a>&nbsp;&nbsp;&nbsp;raw_sendto
<LI><a href="#[163]">&gt;&gt;</a>&nbsp;&nbsp;&nbsp;pbuf_header
<LI><a href="#[168]">&gt;&gt;</a>&nbsp;&nbsp;&nbsp;pbuf_copy
<LI><a href="#[1f8]">&gt;&gt;</a>&nbsp;&nbsp;&nbsp;pbuf_cat
<LI><a href="#[1eb]">&gt;&gt;</a>&nbsp;&nbsp;&nbsp;mem_trim
<LI><a href="#[1e9]">&gt;&gt;</a>&nbsp;&nbsp;&nbsp;plug_holes
<LI><a href="#[1ed]">&gt;&gt;</a>&nbsp;&nbsp;&nbsp;memp_malloc
<LI><a href="#[1ec]">&gt;&gt;</a>&nbsp;&nbsp;&nbsp;memp_free
<LI><a href="#[d1]">&gt;&gt;</a>&nbsp;&nbsp;&nbsp;sys_timeout
<LI><a href="#[1c8]">&gt;&gt;</a>&nbsp;&nbsp;&nbsp;mem_init
<LI><a href="#[127]">&gt;&gt;</a>&nbsp;&nbsp;&nbsp;dns_send
<LI><a href="#[126]">&gt;&gt;</a>&nbsp;&nbsp;&nbsp;dns_check_entry
<LI><a href="#[10b]">&gt;&gt;</a>&nbsp;&nbsp;&nbsp;udp_sendto_if
<LI><a href="#[11d]">&gt;&gt;</a>&nbsp;&nbsp;&nbsp;udp_bind
<LI><a href="#[10a]">&gt;&gt;</a>&nbsp;&nbsp;&nbsp;pbuf_realloc
<LI><a href="#[10d]">&gt;&gt;</a>&nbsp;&nbsp;&nbsp;pbuf_free
<LI><a href="#[115]">&gt;&gt;</a>&nbsp;&nbsp;&nbsp;pbuf_copy_partial
<LI><a href="#[103]">&gt;&gt;</a>&nbsp;&nbsp;&nbsp;pbuf_alloc
<LI><a href="#[121]">&gt;&gt;</a>&nbsp;&nbsp;&nbsp;mem_malloc
<LI><a href="#[1e7]">&gt;&gt;</a>&nbsp;&nbsp;&nbsp;mem_free
<LI><a href="#[fe]">&gt;&gt;</a>&nbsp;&nbsp;&nbsp;etharp_query
<LI><a href="#[f5]">&gt;&gt;</a>&nbsp;&nbsp;&nbsp;dhcp_arp_reply
<LI><a href="#[60]">&gt;&gt;</a>&nbsp;&nbsp;&nbsp;dhcp_recv
<LI><a href="#[114]">&gt;&gt;</a>&nbsp;&nbsp;&nbsp;dhcp_parse_reply
<LI><a href="#[109]">&gt;&gt;</a>&nbsp;&nbsp;&nbsp;dhcp_option_trailer
<LI><a href="#[10f]">&gt;&gt;</a>&nbsp;&nbsp;&nbsp;dhcp_option_short
<LI><a href="#[108]">&gt;&gt;</a>&nbsp;&nbsp;&nbsp;dhcp_option_long
<LI><a href="#[106]">&gt;&gt;</a>&nbsp;&nbsp;&nbsp;dhcp_option_byte
<LI><a href="#[105]">&gt;&gt;</a>&nbsp;&nbsp;&nbsp;dhcp_option
<LI><a href="#[10c]">&gt;&gt;</a>&nbsp;&nbsp;&nbsp;dhcp_delete_msg
<LI><a href="#[102]">&gt;&gt;</a>&nbsp;&nbsp;&nbsp;dhcp_create_msg
<LI><a href="#[f7]">&gt;&gt;</a>&nbsp;&nbsp;&nbsp;dhcp_bind
<LI><a href="#[65]">&gt;&gt;</a>&nbsp;&nbsp;&nbsp;sent_tcp
<LI><a href="#[7e]">&gt;&gt;</a>&nbsp;&nbsp;&nbsp;recv_udp
<LI><a href="#[81]">&gt;&gt;</a>&nbsp;&nbsp;&nbsp;recv_tcp
<LI><a href="#[66]">&gt;&gt;</a>&nbsp;&nbsp;&nbsp;poll_tcp
<LI><a href="#[13c]">&gt;&gt;</a>&nbsp;&nbsp;&nbsp;pcb_new
<LI><a href="#[137]">&gt;&gt;</a>&nbsp;&nbsp;&nbsp;netconn_drain
<LI><a href="#[67]">&gt;&gt;</a>&nbsp;&nbsp;&nbsp;err_tcp
<LI><a href="#[141]">&gt;&gt;</a>&nbsp;&nbsp;&nbsp;do_writemore
<LI><a href="#[68]">&gt;&gt;</a>&nbsp;&nbsp;&nbsp;do_connected
<LI><a href="#[131]">&gt;&gt;</a>&nbsp;&nbsp;&nbsp;do_close_internal
<LI><a href="#[c7]">&gt;&gt;</a>&nbsp;&nbsp;&nbsp;netconn_free
<LI><a href="#[7c]">&gt;&gt;</a>&nbsp;&nbsp;&nbsp;do_write
<LI><a href="#[77]">&gt;&gt;</a>&nbsp;&nbsp;&nbsp;do_getaddr
<LI><a href="#[76]">&gt;&gt;</a>&nbsp;&nbsp;&nbsp;do_delconn
<LI><a href="#[75]">&gt;&gt;</a>&nbsp;&nbsp;&nbsp;do_connect
<LI><a href="#[1d8]">&gt;&gt;</a>&nbsp;&nbsp;&nbsp;netconn_write_partly
<LI><a href="#[1da]">&gt;&gt;</a>&nbsp;&nbsp;&nbsp;netconn_send
<LI><a href="#[1d5]">&gt;&gt;</a>&nbsp;&nbsp;&nbsp;netconn_recv_tcp_pbuf
<LI><a href="#[1d4]">&gt;&gt;</a>&nbsp;&nbsp;&nbsp;netconn_recv
<LI><a href="#[1dd]">&gt;&gt;</a>&nbsp;&nbsp;&nbsp;netconn_new_with_proto_and_callback
<LI><a href="#[1d0]">&gt;&gt;</a>&nbsp;&nbsp;&nbsp;netconn_listen_with_backlog
<LI><a href="#[1be]">&gt;&gt;</a>&nbsp;&nbsp;&nbsp;netconn_getaddr
<LI><a href="#[1c5]">&gt;&gt;</a>&nbsp;&nbsp;&nbsp;netconn_connect
<LI><a href="#[1c1]">&gt;&gt;</a>&nbsp;&nbsp;&nbsp;netconn_bind
<LI><a href="#[1bd]">&gt;&gt;</a>&nbsp;&nbsp;&nbsp;netconn_accept
<LI><a href="#[1f4]">&gt;&gt;</a>&nbsp;&nbsp;&nbsp;netconn_recv_data
<LI><a href="#[1ad]">&gt;&gt;</a>&nbsp;&nbsp;&nbsp;ipaddr_aton
<LI><a href="#[19d]">&gt;&gt;</a>&nbsp;&nbsp;&nbsp;icmp_input
<LI><a href="#[19c]">&gt;&gt;</a>&nbsp;&nbsp;&nbsp;icmp_send_response
<LI><a href="#[1aa]">&gt;&gt;</a>&nbsp;&nbsp;&nbsp;udp_input
<LI><a href="#[1a1]">&gt;&gt;</a>&nbsp;&nbsp;&nbsp;ip_output
<LI><a href="#[142]">&gt;&gt;</a>&nbsp;&nbsp;&nbsp;tcp_write
<LI><a href="#[26b]">&gt;&gt;</a>&nbsp;&nbsp;&nbsp;tcp_write_checks
<LI><a href="#[262]">&gt;&gt;</a>&nbsp;&nbsp;&nbsp;tcp_pbuf_prealloc
<LI><a href="#[25e]">&gt;&gt;</a>&nbsp;&nbsp;&nbsp;tcp_output_alloc_header
<LI><a href="#[1ab]">&gt;&gt;</a>&nbsp;&nbsp;&nbsp;tcp_input
<LI><a href="#[263]">&gt;&gt;</a>&nbsp;&nbsp;&nbsp;tcp_receive
<LI><a href="#[25c]">&gt;&gt;</a>&nbsp;&nbsp;&nbsp;tcp_process
<LI><a href="#[24b]">&gt;&gt;</a>&nbsp;&nbsp;&nbsp;tcp_rst
<LI><a href="#[143]">&gt;&gt;</a>&nbsp;&nbsp;&nbsp;tcp_output
<LI><a href="#[254]">&gt;&gt;</a>&nbsp;&nbsp;&nbsp;tcp_enqueue_flags
<LI><a href="#[266]">&gt;&gt;</a>&nbsp;&nbsp;&nbsp;tcp_update_rcv_ann_wnd
<LI><a href="#[268]">&gt;&gt;</a>&nbsp;&nbsp;&nbsp;tcp_slowtmr
<LI><a href="#[c2]">&gt;&gt;</a>&nbsp;&nbsp;&nbsp;tcp_sent
<LI><a href="#[13d]">&gt;&gt;</a>&nbsp;&nbsp;&nbsp;tcp_recved
<LI><a href="#[c1]">&gt;&gt;</a>&nbsp;&nbsp;&nbsp;tcp_recv
<LI><a href="#[c3]">&gt;&gt;</a>&nbsp;&nbsp;&nbsp;tcp_poll
<LI><a href="#[249]">&gt;&gt;</a>&nbsp;&nbsp;&nbsp;tcp_pcb_remove
<LI><a href="#[13a]">&gt;&gt;</a>&nbsp;&nbsp;&nbsp;tcp_listen_with_backlog
<LI><a href="#[c4]">&gt;&gt;</a>&nbsp;&nbsp;&nbsp;tcp_err
<LI><a href="#[136]">&gt;&gt;</a>&nbsp;&nbsp;&nbsp;tcp_connect
<LI><a href="#[12f]">&gt;&gt;</a>&nbsp;&nbsp;&nbsp;tcp_bind
<LI><a href="#[248]">&gt;&gt;</a>&nbsp;&nbsp;&nbsp;tcp_abandon
<LI><a href="#[250]">&gt;&gt;</a>&nbsp;&nbsp;&nbsp;tcp_close_shutdown
<LI><a href="#[6a]">&gt;&gt;</a>&nbsp;&nbsp;&nbsp;etharp_output
<LI><a href="#[15f]">&gt;&gt;</a>&nbsp;&nbsp;&nbsp;etharp_update_arp_entry
<LI><a href="#[165]">&gt;&gt;</a>&nbsp;&nbsp;&nbsp;etharp_send_ip
<LI><a href="#[16a]">&gt;&gt;</a>&nbsp;&nbsp;&nbsp;etharp_raw
<LI><a href="#[166]">&gt;&gt;</a>&nbsp;&nbsp;&nbsp;etharp_output_to_arp_index
<LI><a href="#[162]">&gt;&gt;</a>&nbsp;&nbsp;&nbsp;etharp_find_entry
<LI><a href="#[15e]">&gt;&gt;</a>&nbsp;&nbsp;&nbsp;etharp_arp_input
<LI><a href="#[16b]">&gt;&gt;</a>&nbsp;&nbsp;&nbsp;ethernet_input
<LI><a href="#[86]">&gt;&gt;</a>&nbsp;&nbsp;&nbsp;tcpip_thread
<LI><a href="#[6f]">&gt;&gt;</a>&nbsp;&nbsp;&nbsp;event_callback
<LI><a href="#[1d9]">&gt;&gt;</a>&nbsp;&nbsp;&nbsp;netbuf_ref
<LI><a href="#[1db]">&gt;&gt;</a>&nbsp;&nbsp;&nbsp;netbuf_free
</UL>

<P><STRONG><a name="[b9]"></a>__0sprintf$8</STRONG> (Thumb, 34 bytes, Stack size 24 bytes, printf8.o(i.__0sprintf$8), UNUSED)
<BR><BR>[Calls]<UL><LI><a href="#[5e]">&gt;&gt;</a>&nbsp;&nbsp;&nbsp;_sputc
<LI><a href="#[b8]">&gt;&gt;</a>&nbsp;&nbsp;&nbsp;_printf_core
</UL>

<P><STRONG><a name="[296]"></a>__1sprintf$8</STRONG> (Thumb, 0 bytes, Stack size 24 bytes, printf8.o(i.__0sprintf$8), UNUSED)

<P><STRONG><a name="[e6]"></a>__2sprintf</STRONG> (Thumb, 0 bytes, Stack size 24 bytes, printf8.o(i.__0sprintf$8))
<BR><BR>[Stack]<UL><LI>Max Depth = 24<LI>Call Chain = __2sprintf
</UL>
<BR>[Called By]<UL><LI><a href="#[80]">&gt;&gt;</a>&nbsp;&nbsp;&nbsp;rs485net_task
<LI><a href="#[1]">&gt;&gt;</a>&nbsp;&nbsp;&nbsp;cmd_version
<LI><a href="#[3]">&gt;&gt;</a>&nbsp;&nbsp;&nbsp;cmd_key_flag
<LI><a href="#[8]">&gt;&gt;</a>&nbsp;&nbsp;&nbsp;cmd_adcread
</UL>

<P><STRONG><a name="[297]"></a>__scatterload_copy</STRONG> (Thumb, 14 bytes, Stack size unknown bytes, handlers.o(i.__scatterload_copy), UNUSED)

<P><STRONG><a name="[298]"></a>__scatterload_null</STRONG> (Thumb, 2 bytes, Stack size unknown bytes, handlers.o(i.__scatterload_null), UNUSED)

<P><STRONG><a name="[299]"></a>__scatterload_zeroinit</STRONG> (Thumb, 14 bytes, Stack size unknown bytes, handlers.o(i.__scatterload_zeroinit), UNUSED)

<P><STRONG><a name="[c8]"></a>adc_process_cmd</STRONG> (Thumb, 62 bytes, Stack size 24 bytes, module_adc.o(i.adc_process_cmd))
<BR><BR>[Stack]<UL><LI>Max Depth = 64<LI>Call Chain = adc_process_cmd &rArr; i2c_read_adc_data
</UL>
<BR>[Calls]<UL><LI><a href="#[c9]">&gt;&gt;</a>&nbsp;&nbsp;&nbsp;i2c_read_adc_data
</UL>
<BR>[Called By]<UL><LI><a href="#[80]">&gt;&gt;</a>&nbsp;&nbsp;&nbsp;rs485net_task
<LI><a href="#[8]">&gt;&gt;</a>&nbsp;&nbsp;&nbsp;cmd_adcread
</UL>

<P><STRONG><a name="[ca]"></a>alarm_action</STRONG> (Thumb, 62 bytes, Stack size 8 bytes, app_rs485net.o(i.alarm_action))
<BR><BR>[Stack]<UL><LI>Max Depth = 128<LI>Call Chain = alarm_action &rArr; audio_process_cmd &rArr; read_data_from_flash &rArr; vTaskDelay &rArr; xTaskResumeAll &rArr; xTaskIncrementTick
</UL>
<BR>[Calls]<UL><LI><a href="#[b6]">&gt;&gt;</a>&nbsp;&nbsp;&nbsp;vTaskDelay
<LI><a href="#[cc]">&gt;&gt;</a>&nbsp;&nbsp;&nbsp;set_num
<LI><a href="#[cb]">&gt;&gt;</a>&nbsp;&nbsp;&nbsp;led_process_cmd
<LI><a href="#[a2]">&gt;&gt;</a>&nbsp;&nbsp;&nbsp;audio_process_cmd
</UL>
<BR>[Called By]<UL><LI><a href="#[80]">&gt;&gt;</a>&nbsp;&nbsp;&nbsp;rs485net_task
</UL>

<P><STRONG><a name="[d2]"></a>audio_init</STRONG> (Thumb, 92 bytes, Stack size 16 bytes, module_audio.o(i.audio_init))
<BR><BR>[Stack]<UL><LI>Max Depth = 112<LI>Call Chain = audio_init &rArr; spi_i2s_config &rArr; i2s_psc_config &rArr; rcu_clock_freq_get
</UL>
<BR>[Calls]<UL><LI><a href="#[d3]">&gt;&gt;</a>&nbsp;&nbsp;&nbsp;rcu_periph_clock_enable
<LI><a href="#[d5]">&gt;&gt;</a>&nbsp;&nbsp;&nbsp;nvic_irq_enable
<LI><a href="#[d4]">&gt;&gt;</a>&nbsp;&nbsp;&nbsp;gpio_init
<LI><a href="#[d6]">&gt;&gt;</a>&nbsp;&nbsp;&nbsp;spi_i2s_gpio_config
<LI><a href="#[d7]">&gt;&gt;</a>&nbsp;&nbsp;&nbsp;spi_i2s_config
<LI><a href="#[d8]">&gt;&gt;</a>&nbsp;&nbsp;&nbsp;es8311_codec
<LI><a href="#[a9]">&gt;&gt;</a>&nbsp;&nbsp;&nbsp;gpio_bit_write
</UL>
<BR>[Called By]<UL><LI><a href="#[73]">&gt;&gt;</a>&nbsp;&nbsp;&nbsp;init_task
</UL>

<P><STRONG><a name="[a2]"></a>audio_process_cmd</STRONG> (Thumb, 128 bytes, Stack size 16 bytes, module_audio.o(i.audio_process_cmd))
<BR><BR>[Stack]<UL><LI>Max Depth = 120<LI>Call Chain = audio_process_cmd &rArr; read_data_from_flash &rArr; vTaskDelay &rArr; xTaskResumeAll &rArr; xTaskIncrementTick
</UL>
<BR>[Calls]<UL><LI><a href="#[de]">&gt;&gt;</a>&nbsp;&nbsp;&nbsp;spi_i2s_interrupt_enable
<LI><a href="#[db]">&gt;&gt;</a>&nbsp;&nbsp;&nbsp;spi_i2s_interrupt_disable
<LI><a href="#[dc]">&gt;&gt;</a>&nbsp;&nbsp;&nbsp;spi_flash_buffer_read
<LI><a href="#[df]">&gt;&gt;</a>&nbsp;&nbsp;&nbsp;read_data_from_flash
<LI><a href="#[d9]">&gt;&gt;</a>&nbsp;&nbsp;&nbsp;spk_mute_set
<LI><a href="#[e0]">&gt;&gt;</a>&nbsp;&nbsp;&nbsp;es8311_standby
<LI><a href="#[dd]">&gt;&gt;</a>&nbsp;&nbsp;&nbsp;es8311_resume
<LI><a href="#[da]">&gt;&gt;</a>&nbsp;&nbsp;&nbsp;es8311_powerdown
<LI><a href="#[e1]">&gt;&gt;</a>&nbsp;&nbsp;&nbsp;beep_set
</UL>
<BR>[Called By]<UL><LI><a href="#[2b]">&gt;&gt;</a>&nbsp;&nbsp;&nbsp;EXTI5_9_IRQHandler
<LI><a href="#[e5]">&gt;&gt;</a>&nbsp;&nbsp;&nbsp;cancel_alarm
<LI><a href="#[ca]">&gt;&gt;</a>&nbsp;&nbsp;&nbsp;alarm_action
<LI><a href="#[5]">&gt;&gt;</a>&nbsp;&nbsp;&nbsp;cmd_audioctrl
</UL>

<P><STRONG><a name="[e2]"></a>bkp_deinit</STRONG> (Thumb, 14 bytes, Stack size 8 bytes, gd32f30x_bkp.o(i.bkp_deinit))
<BR><BR>[Stack]<UL><LI>Max Depth = 8<LI>Call Chain = bkp_deinit
</UL>
<BR>[Calls]<UL><LI><a href="#[e3]">&gt;&gt;</a>&nbsp;&nbsp;&nbsp;rcu_bkp_reset_enable
<LI><a href="#[e4]">&gt;&gt;</a>&nbsp;&nbsp;&nbsp;rcu_bkp_reset_disable
</UL>
<BR>[Called By]<UL><LI><a href="#[228]">&gt;&gt;</a>&nbsp;&nbsp;&nbsp;rtc_configuration
</UL>

<P><STRONG><a name="[227]"></a>bkp_read_data</STRONG> (Thumb, 38 bytes, Stack size 8 bytes, gd32f30x_bkp.o(i.bkp_read_data))
<BR><BR>[Stack]<UL><LI>Max Depth = 8<LI>Call Chain = bkp_read_data
</UL>
<BR>[Called By]<UL><LI><a href="#[1e3]">&gt;&gt;</a>&nbsp;&nbsp;&nbsp;rtc_calendar_init
</UL>

<P><STRONG><a name="[22a]"></a>bkp_write_data</STRONG> (Thumb, 34 bytes, Stack size 8 bytes, gd32f30x_bkp.o(i.bkp_write_data))
<BR><BR>[Stack]<UL><LI>Max Depth = 8<LI>Call Chain = bkp_write_data
</UL>
<BR>[Called By]<UL><LI><a href="#[1e3]">&gt;&gt;</a>&nbsp;&nbsp;&nbsp;rtc_calendar_init
</UL>

<P><STRONG><a name="[e5]"></a>cancel_alarm</STRONG> (Thumb, 46 bytes, Stack size 8 bytes, app_rs485net.o(i.cancel_alarm))
<BR><BR>[Stack]<UL><LI>Max Depth = 128<LI>Call Chain = cancel_alarm &rArr; audio_process_cmd &rArr; read_data_from_flash &rArr; vTaskDelay &rArr; xTaskResumeAll &rArr; xTaskIncrementTick
</UL>
<BR>[Calls]<UL><LI><a href="#[cb]">&gt;&gt;</a>&nbsp;&nbsp;&nbsp;led_process_cmd
<LI><a href="#[a2]">&gt;&gt;</a>&nbsp;&nbsp;&nbsp;audio_process_cmd
</UL>
<BR>[Called By]<UL><LI><a href="#[80]">&gt;&gt;</a>&nbsp;&nbsp;&nbsp;rs485net_task
</UL>

<P><STRONG><a name="[21d]"></a>clearalarm</STRONG> (Thumb, 8 bytes, Stack size 0 bytes, app_format.o(i.clearalarm))
<BR><BR>[Called By]<UL><LI><a href="#[80]">&gt;&gt;</a>&nbsp;&nbsp;&nbsp;rs485net_task
</UL>

<P><STRONG><a name="[21c]"></a>clearwarn</STRONG> (Thumb, 8 bytes, Stack size 0 bytes, app_format.o(i.clearwarn))
<BR><BR>[Called By]<UL><LI><a href="#[80]">&gt;&gt;</a>&nbsp;&nbsp;&nbsp;rs485net_task
</UL>

<P><STRONG><a name="[1f6]"></a>crc16_modbus</STRONG> (Thumb, 50 bytes, Stack size 16 bytes, protocol_modbus.o(i.crc16_modbus))
<BR><BR>[Stack]<UL><LI>Max Depth = 16<LI>Call Chain = crc16_modbus
</UL>
<BR>[Called By]<UL><LI><a href="#[1f7]">&gt;&gt;</a>&nbsp;&nbsp;&nbsp;parse_modbus_rtu_frame
<LI><a href="#[1f5]">&gt;&gt;</a>&nbsp;&nbsp;&nbsp;packed_modbus_rtu_frame
</UL>

<P><STRONG><a name="[f0]"></a>data_analyze</STRONG> (Thumb, 774 bytes, Stack size 24 bytes, app_configure.o(i.data_analyze))
<BR><BR>[Stack]<UL><LI>Max Depth = 36<LI>Call Chain = data_analyze &rArr; one_byte_to_eight_bool
</UL>
<BR>[Calls]<UL><LI><a href="#[f2]">&gt;&gt;</a>&nbsp;&nbsp;&nbsp;one_byte_to_eight_bool
<LI><a href="#[f1]">&gt;&gt;</a>&nbsp;&nbsp;&nbsp;__aeabi_memclr4
</UL>
<BR>[Called By]<UL><LI><a href="#[e8]">&gt;&gt;</a>&nbsp;&nbsp;&nbsp;read_data_and_analyze
</UL>

<P><STRONG><a name="[f3]"></a>data_check</STRONG> (Thumb, 56 bytes, Stack size 8 bytes, app_configure.o(i.data_check))
<BR><BR>[Stack]<UL><LI>Max Depth = 28<LI>Call Chain = data_check &rArr; CRC8_check
</UL>
<BR>[Calls]<UL><LI><a href="#[f4]">&gt;&gt;</a>&nbsp;&nbsp;&nbsp;CRC8_check
</UL>
<BR>[Called By]<UL><LI><a href="#[e8]">&gt;&gt;</a>&nbsp;&nbsp;&nbsp;read_data_and_analyze
<LI><a href="#[18a]">&gt;&gt;</a>&nbsp;&nbsp;&nbsp;write_data_to_flash
</UL>

<P><STRONG><a name="[f5]"></a>dhcp_arp_reply</STRONG> (Thumb, 42 bytes, Stack size 0 bytes, dhcp.o(i.dhcp_arp_reply))
<BR><BR>[Stack]<UL><LI>Max Depth = 280<LI>Call Chain = dhcp_arp_reply &rArr; dhcp_decline &rArr; udp_sendto_if &rArr; pbuf_alloc &rArr; pbuf_free &rArr; mem_free &rArr; sys_arch_sem_wait &rArr; xQueueGenericReceive &rArr; xTaskResumeAll &rArr; xTaskIncrementTick
</UL>
<BR>[Calls]<UL><LI><a href="#[f6]">&gt;&gt;</a>&nbsp;&nbsp;&nbsp;dhcp_decline
<LI><a href="#[e7]">&gt;&gt;</a>&nbsp;&nbsp;&nbsp;__2printf
</UL>
<BR>[Called By]<UL><LI><a href="#[15e]">&gt;&gt;</a>&nbsp;&nbsp;&nbsp;etharp_arp_input
</UL>

<P><STRONG><a name="[ff]"></a>dhcp_coarse_tmr</STRONG> (Thumb, 90 bytes, Stack size 8 bytes, dhcp.o(i.dhcp_coarse_tmr))
<BR><BR>[Stack]<UL><LI>Max Depth = 288<LI>Call Chain = dhcp_coarse_tmr &rArr; dhcp_renew &rArr; udp_sendto_if &rArr; pbuf_alloc &rArr; pbuf_free &rArr; mem_free &rArr; sys_arch_sem_wait &rArr; xQueueGenericReceive &rArr; xTaskResumeAll &rArr; xTaskIncrementTick
</UL>
<BR>[Calls]<UL><LI><a href="#[101]">&gt;&gt;</a>&nbsp;&nbsp;&nbsp;dhcp_renew
<LI><a href="#[100]">&gt;&gt;</a>&nbsp;&nbsp;&nbsp;dhcp_rebind
</UL>
<BR>[Called By]<UL><LI><a href="#[61]">&gt;&gt;</a>&nbsp;&nbsp;&nbsp;dhcp_timer_coarse
</UL>

<P><STRONG><a name="[110]"></a>dhcp_fine_tmr</STRONG> (Thumb, 46 bytes, Stack size 16 bytes, dhcp.o(i.dhcp_fine_tmr))
<BR><BR>[Stack]<UL><LI>Max Depth = 416<LI>Call Chain = dhcp_fine_tmr &rArr; dhcp_timeout &rArr; dhcp_bind &rArr; netif_set_ipaddr &rArr; tcp_abort &rArr; tcp_abandon &rArr; tcp_pcb_remove &rArr; tcp_output &rArr; tcp_send_empty_ack &rArr; tcp_output_alloc_header &rArr; pbuf_alloc &rArr; pbuf_free &rArr; mem_free &rArr; sys_arch_sem_wait &rArr; xQueueGenericReceive &rArr; xTaskResumeAll &rArr; xTaskIncrementTick
</UL>
<BR>[Calls]<UL><LI><a href="#[111]">&gt;&gt;</a>&nbsp;&nbsp;&nbsp;dhcp_timeout
</UL>
<BR>[Called By]<UL><LI><a href="#[62]">&gt;&gt;</a>&nbsp;&nbsp;&nbsp;dhcp_timer_fine
</UL>

<P><STRONG><a name="[119]"></a>dhcp_release</STRONG> (Thumb, 160 bytes, Stack size 24 bytes, dhcp.o(i.dhcp_release))
<BR><BR>[Stack]<UL><LI>Max Depth = 384<LI>Call Chain = dhcp_release &rArr; netif_set_ipaddr &rArr; tcp_abort &rArr; tcp_abandon &rArr; tcp_pcb_remove &rArr; tcp_output &rArr; tcp_send_empty_ack &rArr; tcp_output_alloc_header &rArr; pbuf_alloc &rArr; pbuf_free &rArr; mem_free &rArr; sys_arch_sem_wait &rArr; xQueueGenericReceive &rArr; xTaskResumeAll &rArr; xTaskIncrementTick
</UL>
<BR>[Calls]<UL><LI><a href="#[10b]">&gt;&gt;</a>&nbsp;&nbsp;&nbsp;udp_sendto_if
<LI><a href="#[10a]">&gt;&gt;</a>&nbsp;&nbsp;&nbsp;pbuf_realloc
<LI><a href="#[f9]">&gt;&gt;</a>&nbsp;&nbsp;&nbsp;netif_set_netmask
<LI><a href="#[f8]">&gt;&gt;</a>&nbsp;&nbsp;&nbsp;netif_set_ipaddr
<LI><a href="#[fa]">&gt;&gt;</a>&nbsp;&nbsp;&nbsp;netif_set_gw
<LI><a href="#[117]">&gt;&gt;</a>&nbsp;&nbsp;&nbsp;netif_set_down
<LI><a href="#[fc]">&gt;&gt;</a>&nbsp;&nbsp;&nbsp;dhcp_set_state
<LI><a href="#[109]">&gt;&gt;</a>&nbsp;&nbsp;&nbsp;dhcp_option_trailer
<LI><a href="#[10c]">&gt;&gt;</a>&nbsp;&nbsp;&nbsp;dhcp_delete_msg
<LI><a href="#[102]">&gt;&gt;</a>&nbsp;&nbsp;&nbsp;dhcp_create_msg
</UL>
<BR>[Called By]<UL><LI><a href="#[111]">&gt;&gt;</a>&nbsp;&nbsp;&nbsp;dhcp_timeout
</UL>

<P><STRONG><a name="[101]"></a>dhcp_renew</STRONG> (Thumb, 132 bytes, Stack size 24 bytes, dhcp.o(i.dhcp_renew))
<BR><BR>[Stack]<UL><LI>Max Depth = 280<LI>Call Chain = dhcp_renew &rArr; udp_sendto_if &rArr; pbuf_alloc &rArr; pbuf_free &rArr; mem_free &rArr; sys_arch_sem_wait &rArr; xQueueGenericReceive &rArr; xTaskResumeAll &rArr; xTaskIncrementTick
</UL>
<BR>[Calls]<UL><LI><a href="#[10b]">&gt;&gt;</a>&nbsp;&nbsp;&nbsp;udp_sendto_if
<LI><a href="#[10a]">&gt;&gt;</a>&nbsp;&nbsp;&nbsp;pbuf_realloc
<LI><a href="#[fc]">&gt;&gt;</a>&nbsp;&nbsp;&nbsp;dhcp_set_state
<LI><a href="#[109]">&gt;&gt;</a>&nbsp;&nbsp;&nbsp;dhcp_option_trailer
<LI><a href="#[10f]">&gt;&gt;</a>&nbsp;&nbsp;&nbsp;dhcp_option_short
<LI><a href="#[105]">&gt;&gt;</a>&nbsp;&nbsp;&nbsp;dhcp_option
<LI><a href="#[10c]">&gt;&gt;</a>&nbsp;&nbsp;&nbsp;dhcp_delete_msg
<LI><a href="#[102]">&gt;&gt;</a>&nbsp;&nbsp;&nbsp;dhcp_create_msg
</UL>
<BR>[Called By]<UL><LI><a href="#[ff]">&gt;&gt;</a>&nbsp;&nbsp;&nbsp;dhcp_coarse_tmr
<LI><a href="#[111]">&gt;&gt;</a>&nbsp;&nbsp;&nbsp;dhcp_timeout
</UL>

<P><STRONG><a name="[11a]"></a>dhcp_start</STRONG> (Thumb, 204 bytes, Stack size 16 bytes, dhcp.o(i.dhcp_start))
<BR><BR>[Stack]<UL><LI>Max Depth = 296<LI>Call Chain = dhcp_start &rArr; dhcp_discover &rArr; udp_sendto_if &rArr; pbuf_alloc &rArr; pbuf_free &rArr; mem_free &rArr; sys_arch_sem_wait &rArr; xQueueGenericReceive &rArr; xTaskResumeAll &rArr; xTaskIncrementTick
</UL>
<BR>[Calls]<UL><LI><a href="#[120]">&gt;&gt;</a>&nbsp;&nbsp;&nbsp;dhcp_stop
<LI><a href="#[11b]">&gt;&gt;</a>&nbsp;&nbsp;&nbsp;udp_remove
<LI><a href="#[11f]">&gt;&gt;</a>&nbsp;&nbsp;&nbsp;udp_recv
<LI><a href="#[11c]">&gt;&gt;</a>&nbsp;&nbsp;&nbsp;udp_new
<LI><a href="#[11e]">&gt;&gt;</a>&nbsp;&nbsp;&nbsp;udp_connect
<LI><a href="#[11d]">&gt;&gt;</a>&nbsp;&nbsp;&nbsp;udp_bind
<LI><a href="#[121]">&gt;&gt;</a>&nbsp;&nbsp;&nbsp;mem_malloc
<LI><a href="#[10e]">&gt;&gt;</a>&nbsp;&nbsp;&nbsp;dhcp_discover
<LI><a href="#[f1]">&gt;&gt;</a>&nbsp;&nbsp;&nbsp;__aeabi_memclr4
<LI><a href="#[e7]">&gt;&gt;</a>&nbsp;&nbsp;&nbsp;__2printf
</UL>
<BR>[Called By]<UL><LI><a href="#[72]">&gt;&gt;</a>&nbsp;&nbsp;&nbsp;dhcp_task
</UL>

<P><STRONG><a name="[120]"></a>dhcp_stop</STRONG> (Thumb, 84 bytes, Stack size 8 bytes, dhcp.o(i.dhcp_stop))
<BR><BR>[Stack]<UL><LI>Max Depth = 48<LI>Call Chain = dhcp_stop &rArr; udp_remove &rArr; memp_free &rArr; __2printf
</UL>
<BR>[Calls]<UL><LI><a href="#[11b]">&gt;&gt;</a>&nbsp;&nbsp;&nbsp;udp_remove
<LI><a href="#[fc]">&gt;&gt;</a>&nbsp;&nbsp;&nbsp;dhcp_set_state
<LI><a href="#[e7]">&gt;&gt;</a>&nbsp;&nbsp;&nbsp;__2printf
</UL>
<BR>[Called By]<UL><LI><a href="#[11a]">&gt;&gt;</a>&nbsp;&nbsp;&nbsp;dhcp_start
<LI><a href="#[72]">&gt;&gt;</a>&nbsp;&nbsp;&nbsp;dhcp_task
</UL>

<P><STRONG><a name="[72]"></a>dhcp_task</STRONG> (Thumb, 102 bytes, Stack size 16 bytes, app_netconf.o(i.dhcp_task))
<BR><BR>[Stack]<UL><LI>Max Depth = 392<LI>Call Chain = dhcp_task &rArr; netif_set_addr &rArr; netif_set_ipaddr &rArr; tcp_abort &rArr; tcp_abandon &rArr; tcp_pcb_remove &rArr; tcp_output &rArr; tcp_send_empty_ack &rArr; tcp_output_alloc_header &rArr; pbuf_alloc &rArr; pbuf_free &rArr; mem_free &rArr; sys_arch_sem_wait &rArr; xQueueGenericReceive &rArr; xTaskResumeAll &rArr; xTaskIncrementTick
</UL>
<BR>[Calls]<UL><LI><a href="#[b6]">&gt;&gt;</a>&nbsp;&nbsp;&nbsp;vTaskDelay
<LI><a href="#[122]">&gt;&gt;</a>&nbsp;&nbsp;&nbsp;netif_set_addr
<LI><a href="#[120]">&gt;&gt;</a>&nbsp;&nbsp;&nbsp;dhcp_stop
<LI><a href="#[11a]">&gt;&gt;</a>&nbsp;&nbsp;&nbsp;dhcp_start
</UL>
<BR>[Address Reference Count : 1]<UL><LI> app_netconf.o(i.lwip_stack_init)
</UL>
<P><STRONG><a name="[123]"></a>display_init</STRONG> (Thumb, 110 bytes, Stack size 8 bytes, module_display.o(i.display_init))
<BR><BR>[Stack]<UL><LI>Max Depth = 128<LI>Call Chain = display_init &rArr; lcd_display &rArr; Write_Command &rArr; vTaskDelay &rArr; xTaskResumeAll &rArr; xTaskIncrementTick
</UL>
<BR>[Calls]<UL><LI><a href="#[125]">&gt;&gt;</a>&nbsp;&nbsp;&nbsp;lcd_display
<LI><a href="#[124]">&gt;&gt;</a>&nbsp;&nbsp;&nbsp;st7920_init
<LI><a href="#[b4]">&gt;&gt;</a>&nbsp;&nbsp;&nbsp;Write_Command
</UL>
<BR>[Called By]<UL><LI><a href="#[73]">&gt;&gt;</a>&nbsp;&nbsp;&nbsp;init_task
</UL>

<P><STRONG><a name="[e9]"></a>display_process_cmd</STRONG> (Thumb, 34 bytes, Stack size 8 bytes, module_display.o(i.display_process_cmd))
<BR><BR>[Stack]<UL><LI>Max Depth = 128<LI>Call Chain = display_process_cmd &rArr; lcd_display &rArr; Write_Command &rArr; vTaskDelay &rArr; xTaskResumeAll &rArr; xTaskIncrementTick
</UL>
<BR>[Calls]<UL><LI><a href="#[125]">&gt;&gt;</a>&nbsp;&nbsp;&nbsp;lcd_display
<LI><a href="#[b4]">&gt;&gt;</a>&nbsp;&nbsp;&nbsp;Write_Command
</UL>
<BR>[Called By]<UL><LI><a href="#[4]">&gt;&gt;</a>&nbsp;&nbsp;&nbsp;cmd_displayctrl
</UL>

<P><STRONG><a name="[128]"></a>dns_init</STRONG> (Thumb, 64 bytes, Stack size 16 bytes, dns.o(i.dns_init))
<BR><BR>[Stack]<UL><LI>Max Depth = 88<LI>Call Chain = dns_init &rArr; ipaddr_addr &rArr; ipaddr_aton &rArr; __2printf
</UL>
<BR>[Calls]<UL><LI><a href="#[129]">&gt;&gt;</a>&nbsp;&nbsp;&nbsp;ipaddr_addr
<LI><a href="#[11f]">&gt;&gt;</a>&nbsp;&nbsp;&nbsp;udp_recv
<LI><a href="#[11c]">&gt;&gt;</a>&nbsp;&nbsp;&nbsp;udp_new
<LI><a href="#[11d]">&gt;&gt;</a>&nbsp;&nbsp;&nbsp;udp_bind
<LI><a href="#[113]">&gt;&gt;</a>&nbsp;&nbsp;&nbsp;dns_setserver
</UL>
<BR>[Called By]<UL><LI><a href="#[1c6]">&gt;&gt;</a>&nbsp;&nbsp;&nbsp;lwip_init
</UL>

[...]
<LI><a href="#[1d6]">&gt;&gt;</a>&nbsp;&nbsp;&nbsp;lwip_send
<LI><a href="#[1c4]">&gt;&gt;</a>&nbsp;&nbsp;&nbsp;lwip_connect
<LI><a href="#[1c2]">&gt;&gt;</a>&nbsp;&nbsp;&nbsp;lwip_close
<LI><a href="#[1c0]">&gt;&gt;</a>&nbsp;&nbsp;&nbsp;lwip_bind
<LI><a href="#[1cf]">&gt;&gt;</a>&nbsp;&nbsp;&nbsp;lwip_listen
<LI><a href="#[1bc]">&gt;&gt;</a>&nbsp;&nbsp;&nbsp;lwip_accept
<LI><a href="#[6f]">&gt;&gt;</a>&nbsp;&nbsp;&nbsp;event_callback
</UL>

<P><STRONG><a name="[86]"></a>tcpip_thread</STRONG> (Thumb, 136 bytes, Stack size 8 bytes, tcpip.o(i.tcpip_thread))
<BR><BR>[Stack]<UL><LI>Max Depth = 496<LI>Call Chain = tcpip_thread &rArr; ethernet_input &rArr; ip_input &rArr; tcp_input &rArr; tcp_process &rArr; tcp_abort &rArr; tcp_abandon &rArr; tcp_pcb_remove &rArr; tcp_output &rArr; tcp_send_empty_ack &rArr; tcp_output_alloc_header &rArr; pbuf_alloc &rArr; pbuf_free &rArr; mem_free &rArr; sys_arch_sem_wait &rArr; xQueueGenericReceive &rArr; xTaskResumeAll &rArr; xTaskIncrementTick
</UL>
<BR>[Calls]<UL><LI><a href="#[1ec]">&gt;&gt;</a>&nbsp;&nbsp;&nbsp;memp_free
<LI><a href="#[247]">&gt;&gt;</a>&nbsp;&nbsp;&nbsp;sys_untimeout
<LI><a href="#[246]">&gt;&gt;</a>&nbsp;&nbsp;&nbsp;sys_timeouts_mbox_fetch
<LI><a href="#[d1]">&gt;&gt;</a>&nbsp;&nbsp;&nbsp;sys_timeout
<LI><a href="#[16d]">&gt;&gt;</a>&nbsp;&nbsp;&nbsp;ip_input
<LI><a href="#[16b]">&gt;&gt;</a>&nbsp;&nbsp;&nbsp;ethernet_input
<LI><a href="#[e7]">&gt;&gt;</a>&nbsp;&nbsp;&nbsp;__2printf
</UL>
<BR>[Address Reference Count : 1]<UL><LI> tcpip.o(i.tcpip_init)
</UL>
<P><STRONG><a name="[15e]"></a>etharp_arp_input</STRONG> (Thumb, 248 bytes, Stack size 40 bytes, etharp.o(i.etharp_arp_input))
<BR><BR>[Stack]<UL><LI>Max Depth = 320<LI>Call Chain = etharp_arp_input &rArr; dhcp_arp_reply &rArr; dhcp_decline &rArr; udp_sendto_if &rArr; pbuf_alloc &rArr; pbuf_free &rArr; mem_free &rArr; sys_arch_sem_wait &rArr; xQueueGenericReceive &rArr; xTaskResumeAll &rArr; xTaskIncrementTick
</UL>
<BR>[Calls]<UL><LI><a href="#[12a]">&gt;&gt;</a>&nbsp;&nbsp;&nbsp;lwip_htons
<LI><a href="#[10d]">&gt;&gt;</a>&nbsp;&nbsp;&nbsp;pbuf_free
<LI><a href="#[f5]">&gt;&gt;</a>&nbsp;&nbsp;&nbsp;dhcp_arp_reply
<LI><a href="#[15f]">&gt;&gt;</a>&nbsp;&nbsp;&nbsp;etharp_update_arp_entry
<LI><a href="#[e7]">&gt;&gt;</a>&nbsp;&nbsp;&nbsp;__2printf
</UL>
<BR>[Called By]<UL><LI><a href="#[16b]">&gt;&gt;</a>&nbsp;&nbsp;&nbsp;ethernet_input
</UL>

<P><STRONG><a name="[162]"></a>etharp_find_entry</STRONG> (Thumb, 346 bytes, Stack size 64 bytes, etharp.o(i.etharp_find_entry))
<BR><BR>[Stack]<UL><LI>Max Depth = 248<LI>Call Chain = etharp_find_entry &rArr; etharp_free_entry &rArr; pbuf_free &rArr; mem_free &rArr; sys_arch_sem_wait &rArr; xQueueGenericReceive &rArr; xTaskResumeAll &rArr; xTaskIncrementTick
</UL>
<BR>[Calls]<UL><LI><a href="#[161]">&gt;&gt;</a>&nbsp;&nbsp;&nbsp;etharp_free_entry
<LI><a href="#[e7]">&gt;&gt;</a>&nbsp;&nbsp;&nbsp;__2printf
</UL>
<BR>[Called By]<UL><LI><a href="#[fe]">&gt;&gt;</a>&nbsp;&nbsp;&nbsp;etharp_query
<LI><a href="#[15f]">&gt;&gt;</a>&nbsp;&nbsp;&nbsp;etharp_update_arp_entry
</UL>

<P><STRONG><a name="[161]"></a>etharp_free_entry</STRONG> (Thumb, 50 bytes, Stack size 16 bytes, etharp.o(i.etharp_free_entry))
<BR><BR>[Stack]<UL><LI>Max Depth = 184<LI>Call Chain = etharp_free_entry &rArr; pbuf_free &rArr; mem_free &rArr; sys_arch_sem_wait &rArr; xQueueGenericReceive &rArr; xTaskResumeAll &rArr; xTaskIncrementTick
</UL>
<BR>[Calls]<UL><LI><a href="#[10d]">&gt;&gt;</a>&nbsp;&nbsp;&nbsp;pbuf_free
</UL>
<BR>[Called By]<UL><LI><a href="#[160]">&gt;&gt;</a>&nbsp;&nbsp;&nbsp;etharp_cleanup_netif
<LI><a href="#[d0]">&gt;&gt;</a>&nbsp;&nbsp;&nbsp;etharp_tmr
<LI><a href="#[162]">&gt;&gt;</a>&nbsp;&nbsp;&nbsp;etharp_find_entry
</UL>

<P><STRONG><a name="[166]"></a>etharp_output_to_arp_index</STRONG> (Thumb, 82 bytes, Stack size 16 bytes, etharp.o(i.etharp_output_to_arp_index))
<BR><BR>[Stack]<UL><LI>Max Depth = 288<LI>Call Chain = etharp_output_to_arp_index &rArr; etharp_request &rArr; etharp_raw &rArr; pbuf_alloc &rArr; pbuf_free &rArr; mem_free &rArr; sys_arch_sem_wait &rArr; xQueueGenericReceive &rArr; xTaskResumeAll &rArr; xTaskIncrementTick
</UL>
<BR>[Calls]<UL><LI><a href="#[167]">&gt;&gt;</a>&nbsp;&nbsp;&nbsp;etharp_request
<LI><a href="#[165]">&gt;&gt;</a>&nbsp;&nbsp;&nbsp;etharp_send_ip
<LI><a href="#[e7]">&gt;&gt;</a>&nbsp;&nbsp;&nbsp;__2printf
</UL>
<BR>[Called By]<UL><LI><a href="#[6a]">&gt;&gt;</a>&nbsp;&nbsp;&nbsp;etharp_output
</UL>

<P><STRONG><a name="[16a]"></a>etharp_raw</STRONG> (Thumb, 220 bytes, Stack size 40 bytes, etharp.o(i.etharp_raw))
<BR><BR>[Stack]<UL><LI>Max Depth = 248<LI>Call Chain = etharp_raw &rArr; pbuf_alloc &rArr; pbuf_free &rArr; mem_free &rArr; sys_arch_sem_wait &rArr; xQueueGenericReceive &rArr; xTaskResumeAll &rArr; xTaskIncrementTick
</UL>
<BR>[Calls]<UL><LI><a href="#[12a]">&gt;&gt;</a>&nbsp;&nbsp;&nbsp;lwip_htons
<LI><a href="#[10d]">&gt;&gt;</a>&nbsp;&nbsp;&nbsp;pbuf_free
<LI><a href="#[103]">&gt;&gt;</a>&nbsp;&nbsp;&nbsp;pbuf_alloc
<LI><a href="#[e7]">&gt;&gt;</a>&nbsp;&nbsp;&nbsp;__2printf
</UL>
<BR>[Called By]<UL><LI><a href="#[167]">&gt;&gt;</a>&nbsp;&nbsp;&nbsp;etharp_request
</UL>

<P><STRONG><a name="[165]"></a>etharp_send_ip</STRONG> (Thumb, 70 bytes, Stack size 24 bytes, etharp.o(i.etharp_send_ip))
<BR><BR>[Stack]<UL><LI>Max Depth = 48<LI>Call Chain = etharp_send_ip &rArr; __2printf
</UL>
<BR>[Calls]<UL><LI><a href="#[e7]">&gt;&gt;</a>&nbsp;&nbsp;&nbsp;__2printf
</UL>
<BR>[Called By]<UL><LI><a href="#[fe]">&gt;&gt;</a>&nbsp;&nbsp;&nbsp;etharp_query
<LI><a href="#[6a]">&gt;&gt;</a>&nbsp;&nbsp;&nbsp;etharp_output
<LI><a href="#[15f]">&gt;&gt;</a>&nbsp;&nbsp;&nbsp;etharp_update_arp_entry
<LI><a href="#[166]">&gt;&gt;</a>&nbsp;&nbsp;&nbsp;etharp_output_to_arp_index
</UL>

<P><STRONG><a name="[15f]"></a>etharp_update_arp_entry</STRONG> (Thumb, 142 bytes, Stack size 24 bytes, etharp.o(i.etharp_update_arp_entry))
<BR><BR>[Stack]<UL><LI>Max Depth = 272<LI>Call Chain = etharp_update_arp_entry &rArr; etharp_find_entry &rArr; etharp_free_entry &rArr; pbuf_free &rArr; mem_free &rArr; sys_arch_sem_wait &rArr; xQueueGenericReceive &rArr; xTaskResumeAll &rArr; xTaskIncrementTick
</UL>
<BR>[Calls]<UL><LI><a href="#[10d]">&gt;&gt;</a>&nbsp;&nbsp;&nbsp;pbuf_free
<LI><a href="#[164]">&gt;&gt;</a>&nbsp;&nbsp;&nbsp;ip4_addr_isbroadcast
<LI><a href="#[165]">&gt;&gt;</a>&nbsp;&nbsp;&nbsp;etharp_send_ip
<LI><a href="#[162]">&gt;&gt;</a>&nbsp;&nbsp;&nbsp;etharp_find_entry
<LI><a href="#[e7]">&gt;&gt;</a>&nbsp;&nbsp;&nbsp;__2printf
</UL>
<BR>[Called By]<UL><LI><a href="#[15e]">&gt;&gt;</a>&nbsp;&nbsp;&nbsp;etharp_arp_input
</UL>

<P><STRONG><a name="[16e]"></a>low_level_init</STRONG> (Thumb, 206 bytes, Stack size 32 bytes, ethernetif.o(i.low_level_init))
<BR><BR>[Stack]<UL><LI>Max Depth = 168<LI>Call Chain = low_level_init &rArr; xTaskGenericCreate &rArr; pvPortMalloc &rArr; xTaskResumeAll &rArr; xTaskIncrementTick
</UL>
<BR>[Calls]<UL><LI><a href="#[1b2]">&gt;&gt;</a>&nbsp;&nbsp;&nbsp;xTaskGenericCreate
<LI><a href="#[1ba]">&gt;&gt;</a>&nbsp;&nbsp;&nbsp;enet_transmit_checksum_config
<LI><a href="#[1b9]">&gt;&gt;</a>&nbsp;&nbsp;&nbsp;enet_rx_desc_immediate_receive_complete_interrupt
<LI><a href="#[1b7]">&gt;&gt;</a>&nbsp;&nbsp;&nbsp;enet_mac_address_set
<LI><a href="#[148]">&gt;&gt;</a>&nbsp;&nbsp;&nbsp;enet_enable
<LI><a href="#[1b8]">&gt;&gt;</a>&nbsp;&nbsp;&nbsp;enet_descriptors_chain_init
<LI><a href="#[1b6]">&gt;&gt;</a>&nbsp;&nbsp;&nbsp;xQueueGenericSend
<LI><a href="#[16f]">&gt;&gt;</a>&nbsp;&nbsp;&nbsp;xQueueGenericReceive
<LI><a href="#[1b5]">&gt;&gt;</a>&nbsp;&nbsp;&nbsp;xQueueGenericCreate
</UL>
<BR>[Called By]<UL><LI><a href="#[71]">&gt;&gt;</a>&nbsp;&nbsp;&nbsp;ethernetif_init
</UL>

<P><STRONG><a name="[6b]"></a>low_level_output</STRONG> (Thumb, 140 bytes, Stack size 24 bytes, ethernetif.o(i.low_level_output))
<BR><BR>[Stack]<UL><LI>Max Depth = 128<LI>Call Chain = low_level_output &rArr; xQueueGenericSend &rArr; xTaskResumeAll &rArr; xTaskIncrementTick
</UL>
<BR>[Calls]<UL><LI><a href="#[1bb]">&gt;&gt;</a>&nbsp;&nbsp;&nbsp;enet_frame_transmit
<LI><a href="#[170]">&gt;&gt;</a>&nbsp;&nbsp;&nbsp;enet_desc_information_get
<LI><a href="#[cf]">&gt;&gt;</a>&nbsp;&nbsp;&nbsp;sys_arch_unprotect
<LI><a href="#[ce]">&gt;&gt;</a>&nbsp;&nbsp;&nbsp;sys_arch_protect
<LI><a href="#[1b6]">&gt;&gt;</a>&nbsp;&nbsp;&nbsp;xQueueGenericSend
<LI><a href="#[16f]">&gt;&gt;</a>&nbsp;&nbsp;&nbsp;xQueueGenericReceive
<LI><a href="#[1b5]">&gt;&gt;</a>&nbsp;&nbsp;&nbsp;xQueueGenericCreate
<LI><a href="#[171]">&gt;&gt;</a>&nbsp;&nbsp;&nbsp;__aeabi_memcpy
</UL>
<BR>[Address Reference Count : 1]<UL><LI> ethernetif.o(i.ethernetif_init)
</UL>
<P><STRONG><a name="[209]"></a>prvCopyDataFromQueue</STRONG> (Thumb, 38 bytes, Stack size 8 bytes, queue.o(i.prvCopyDataFromQueue))
<BR><BR>[Stack]<UL><LI>Max Depth = 8<LI>Call Chain = prvCopyDataFromQueue
</UL>
<BR>[Calls]<UL><LI><a href="#[171]">&gt;&gt;</a>&nbsp;&nbsp;&nbsp;__aeabi_memcpy
</UL>
<BR>[Called By]<UL><LI><a href="#[16f]">&gt;&gt;</a>&nbsp;&nbsp;&nbsp;xQueueGenericReceive
</UL>

<P><STRONG><a name="[20a]"></a>prvCopyDataToQueue</STRONG> (Thumb, 110 bytes, Stack size 16 bytes, queue.o(i.prvCopyDataToQueue))
<BR><BR>[Stack]<UL><LI>Max Depth = 32<LI>Call Chain = prvCopyDataToQueue &rArr; xTaskPriorityDisinherit
</UL>
<BR>[Calls]<UL><LI><a href="#[171]">&gt;&gt;</a>&nbsp;&nbsp;&nbsp;__aeabi_memcpy
<LI><a href="#[20b]">&gt;&gt;</a>&nbsp;&nbsp;&nbsp;xTaskPriorityDisinherit
</UL>
<BR>[Called By]<UL><LI><a href="#[1b6]">&gt;&gt;</a>&nbsp;&nbsp;&nbsp;xQueueGenericSend
<LI><a href="#[283]">&gt;&gt;</a>&nbsp;&nbsp;&nbsp;xQueueGenericSendFromISR
</UL>

<P><STRONG><a name="[215]"></a>prvUnlockQueue</STRONG> (Thumb, 100 bytes, Stack size 16 bytes, queue.o(i.prvUnlockQueue))
<BR><BR>[Stack]<UL><LI>Max Depth = 40<LI>Call Chain = prvUnlockQueue &rArr; xTaskRemoveFromEventList
</UL>
<BR>[Calls]<UL><LI><a href="#[203]">&gt;&gt;</a>&nbsp;&nbsp;&nbsp;vPortExitCritical
<LI><a href="#[200]">&gt;&gt;</a>&nbsp;&nbsp;&nbsp;vPortEnterCritical
<LI><a href="#[216]">&gt;&gt;</a>&nbsp;&nbsp;&nbsp;xTaskRemoveFromEventList
<LI><a href="#[217]">&gt;&gt;</a>&nbsp;&nbsp;&nbsp;vTaskMissedYield
</UL>
<BR>[Called By]<UL><LI><a href="#[1b6]">&gt;&gt;</a>&nbsp;&nbsp;&nbsp;xQueueGenericSend
<LI><a href="#[16f]">&gt;&gt;</a>&nbsp;&nbsp;&nbsp;xQueueGenericReceive
<LI><a href="#[212]">&gt;&gt;</a>&nbsp;&nbsp;&nbsp;vQueueWaitForMessageRestricted
</UL>

<P><STRONG><a name="[1fd]"></a>prvAddCurrentTaskToDelayedList</STRONG> (Thumb, 48 bytes, Stack size 16 bytes, tasks.o(i.prvAddCurrentTaskToDelayedList))
<BR><BR>[Stack]<UL><LI>Max Depth = 28<LI>Call Chain = prvAddCurrentTaskToDelayedList &rArr; vListInsert
</UL>
<BR>[Calls]<UL><LI><a href="#[1fe]">&gt;&gt;</a>&nbsp;&nbsp;&nbsp;vListInsert
</UL>
<BR>[Called By]<UL><LI><a href="#[b6]">&gt;&gt;</a>&nbsp;&nbsp;&nbsp;vTaskDelay
<LI><a href="#[275]">&gt;&gt;</a>&nbsp;&nbsp;&nbsp;vTaskPlaceOnEventListRestricted
<LI><a href="#[278]">&gt;&gt;</a>&nbsp;&nbsp;&nbsp;vTaskPlaceOnEventList
</UL>

<P><STRONG><a name="[204]"></a>prvCheckTasksWaitingTermination</STRONG> (Thumb, 76 bytes, Stack size 16 bytes, tasks.o(i.prvCheckTasksWaitingTermination))
<BR><BR>[Stack]<UL><LI>Max Depth = 80<LI>Call Chain = prvCheckTasksWaitingTermination &rArr; vPortFree &rArr; xTaskResumeAll &rArr; xTaskIncrementTick
</UL>
<BR>[Calls]<UL><LI><a href="#[207]">&gt;&gt;</a>&nbsp;&nbsp;&nbsp;uxListRemove
<LI><a href="#[206]">&gt;&gt;</a>&nbsp;&nbsp;&nbsp;xTaskResumeAll
<LI><a href="#[205]">&gt;&gt;</a>&nbsp;&nbsp;&nbsp;vTaskSuspendAll
<LI><a href="#[208]">&gt;&gt;</a>&nbsp;&nbsp;&nbsp;vPortFree
<LI><a href="#[203]">&gt;&gt;</a>&nbsp;&nbsp;&nbsp;vPortExitCritical
<LI><a href="#[200]">&gt;&gt;</a>&nbsp;&nbsp;&nbsp;vPortEnterCritical
</UL>
<BR>[Called By]<UL><LI><a href="#[88]">&gt;&gt;</a>&nbsp;&nbsp;&nbsp;prvIdleTask
</UL>

<P><STRONG><a name="[88]"></a>prvIdleTask</STRONG> (Thumb, 20 bytes, Stack size 0 bytes, tasks.o(i.prvIdleTask))
<BR><BR>[Stack]<UL><LI>Max Depth = 80<LI>Call Chain = prvIdleTask &rArr; prvCheckTasksWaitingTermination &rArr; vPortFree &rArr; xTaskResumeAll &rArr; xTaskIncrementTick
</UL>
<BR>[Calls]<UL><LI><a href="#[20c]">&gt;&gt;</a>&nbsp;&nbsp;&nbsp;vPortYield
<LI><a href="#[204]">&gt;&gt;</a>&nbsp;&nbsp;&nbsp;prvCheckTasksWaitingTermination
</UL>
<BR>[Address Reference Count : 1]<UL><LI> tasks.o(i.vTaskStartScheduler)
</UL>
<P><STRONG><a name="[277]"></a>prvResetNextTaskUnblockTime</STRONG> (Thumb, 26 bytes, Stack size 0 bytes, tasks.o(i.prvResetNextTaskUnblockTime))
<BR><BR>[Called By]<UL><LI><a href="#[1a7]">&gt;&gt;</a>&nbsp;&nbsp;&nbsp;vTaskDelete
<LI><a href="#[ad]">&gt;&gt;</a>&nbsp;&nbsp;&nbsp;xTaskIncrementTick
</UL>

<P><STRONG><a name="[1ff]"></a>prvCheckForValidListAndQueue</STRONG> (Thumb, 68 bytes, Stack size 8 bytes, timers.o(i.prvCheckForValidListAndQueue))
<BR><BR>[Stack]<UL><LI>Max Depth = 112<LI>Call Chain = prvCheckForValidListAndQueue &rArr; xQueueGenericCreate &rArr; pvPortMalloc &rArr; xTaskResumeAll &rArr; xTaskIncrementTick
</UL>
<BR>[Calls]<UL><LI><a href="#[201]">&gt;&gt;</a>&nbsp;&nbsp;&nbsp;vListInitialise
<LI><a href="#[ac]">&gt;&gt;</a>&nbsp;&nbsp;&nbsp;ulPortSetInterruptMask
<LI><a href="#[203]">&gt;&gt;</a>&nbsp;&nbsp;&nbsp;vPortExitCritical
<LI><a href="#[200]">&gt;&gt;</a>&nbsp;&nbsp;&nbsp;vPortEnterCritical
<LI><a href="#[1b5]">&gt;&gt;</a>&nbsp;&nbsp;&nbsp;xQueueGenericCreate
<LI><a href="#[202]">&gt;&gt;</a>&nbsp;&nbsp;&nbsp;vQueueAddToRegistry
</UL>
<BR>[Called By]<UL><LI><a href="#[27b]">&gt;&gt;</a>&nbsp;&nbsp;&nbsp;xTimerCreateTimerTask
</UL>

<P><STRONG><a name="[20d]"></a>prvInsertTimerInActiveList</STRONG> (Thumb, 52 bytes, Stack size 16 bytes, timers.o(i.prvInsertTimerInActiveList))
<BR><BR>[Stack]<UL><LI>Max Depth = 28<LI>Call Chain = prvInsertTimerInActiveList &rArr; vListInsert
</UL>
<BR>[Calls]<UL><LI><a href="#[1fe]">&gt;&gt;</a>&nbsp;&nbsp;&nbsp;vListInsert
</UL>
<BR>[Called By]<UL><LI><a href="#[211]">&gt;&gt;</a>&nbsp;&nbsp;&nbsp;prvProcessTimerOrBlockTask
<LI><a href="#[20e]">&gt;&gt;</a>&nbsp;&nbsp;&nbsp;prvProcessReceivedCommands
</UL>

<P><STRONG><a name="[20e]"></a>prvProcessReceivedCommands</STRONG> (Thumb, 162 bytes, Stack size 40 bytes, timers.o(i.prvProcessReceivedCommands))
<BR><BR>[Stack]<UL><LI>Max Depth = 216<LI>Call Chain = prvProcessReceivedCommands &rArr; prvSampleTimeNow &rArr; prvSwitchTimerLists &rArr; xTimerGenericCommand &rArr; xQueueGenericSend &rArr; xTaskResumeAll &rArr; xTaskIncrementTick
</UL>
<BR>[Calls]<UL><LI><a href="#[207]">&gt;&gt;</a>&nbsp;&nbsp;&nbsp;uxListRemove
<LI><a href="#[208]">&gt;&gt;</a>&nbsp;&nbsp;&nbsp;vPortFree
<LI><a href="#[ac]">&gt;&gt;</a>&nbsp;&nbsp;&nbsp;ulPortSetInterruptMask
<LI><a href="#[16f]">&gt;&gt;</a>&nbsp;&nbsp;&nbsp;xQueueGenericReceive
<LI><a href="#[210]">&gt;&gt;</a>&nbsp;&nbsp;&nbsp;xTimerGenericCommand
<LI><a href="#[20f]">&gt;&gt;</a>&nbsp;&nbsp;&nbsp;prvSampleTimeNow
<LI><a href="#[20d]">&gt;&gt;</a>&nbsp;&nbsp;&nbsp;prvInsertTimerInActiveList
</UL>
<BR>[Called By]<UL><LI><a href="#[89]">&gt;&gt;</a>&nbsp;&nbsp;&nbsp;prvTimerTask
</UL>

<P><STRONG><a name="[211]"></a>prvProcessTimerOrBlockTask</STRONG> (Thumb, 152 bytes, Stack size 32 bytes, timers.o(i.prvProcessTimerOrBlockTask))
<BR><BR>[Stack]<UL><LI>Max Depth = 208<LI>Call Chain = prvProcessTimerOrBlockTask &rArr; prvSampleTimeNow &rArr; prvSwitchTimerLists &rArr; xTimerGenericCommand &rArr; xQueueGenericSend &rArr; xTaskResumeAll &rArr; xTaskIncrementTick
</UL>
<BR>[Calls]<UL><LI><a href="#[207]">&gt;&gt;</a>&nbsp;&nbsp;&nbsp;uxListRemove
<LI><a href="#[206]">&gt;&gt;</a>&nbsp;&nbsp;&nbsp;xTaskResumeAll
<LI><a href="#[205]">&gt;&gt;</a>&nbsp;&nbsp;&nbsp;vTaskSuspendAll
<LI><a href="#[20c]">&gt;&gt;</a>&nbsp;&nbsp;&nbsp;vPortYield
<LI><a href="#[ac]">&gt;&gt;</a>&nbsp;&nbsp;&nbsp;ulPortSetInterruptMask
<LI><a href="#[210]">&gt;&gt;</a>&nbsp;&nbsp;&nbsp;xTimerGenericCommand
<LI><a href="#[20f]">&gt;&gt;</a>&nbsp;&nbsp;&nbsp;prvSampleTimeNow
<LI><a href="#[20d]">&gt;&gt;</a>&nbsp;&nbsp;&nbsp;prvInsertTimerInActiveList
<LI><a href="#[212]">&gt;&gt;</a>&nbsp;&nbsp;&nbsp;vQueueWaitForMessageRestricted
</UL>
<BR>[Called By]<UL><LI><a href="#[89]">&gt;&gt;</a>&nbsp;&nbsp;&nbsp;prvTimerTask
</UL>

<P><STRONG><a name="[20f]"></a>prvSampleTimeNow</STRONG> (Thumb, 36 bytes, Stack size 16 bytes, timers.o(i.prvSampleTimeNow))
<BR><BR>[Stack]<UL><LI>Max Depth = 176<LI>Call Chain = prvSampleTimeNow &rArr; prvSwitchTimerLists &rArr; xTimerGenericCommand &rArr; xQueueGenericSend &rArr; xTaskResumeAll &rArr; xTaskIncrementTick
</UL>
<BR>[Calls]<UL><LI><a href="#[213]">&gt;&gt;</a>&nbsp;&nbsp;&nbsp;xTaskGetTickCount
<LI><a href="#[214]">&gt;&gt;</a>&nbsp;&nbsp;&nbsp;prvSwitchTimerLists
</UL>
<BR>[Called By]<UL><LI><a href="#[211]">&gt;&gt;</a>&nbsp;&nbsp;&nbsp;prvProcessTimerOrBlockTask
<LI><a href="#[20e]">&gt;&gt;</a>&nbsp;&nbsp;&nbsp;prvProcessReceivedCommands
</UL>

<P><STRONG><a name="[214]"></a>prvSwitchTimerLists</STRONG> (Thumb, 92 bytes, Stack size 24 bytes, timers.o(i.prvSwitchTimerLists))
<BR><BR>[Stack]<UL><LI>Max Depth = 160<LI>Call Chain = prvSwitchTimerLists &rArr; xTimerGenericCommand &rArr; xQueueGenericSend &rArr; xTaskResumeAll &rArr; xTaskIncrementTick
</UL>
<BR>[Calls]<UL><LI><a href="#[1fe]">&gt;&gt;</a>&nbsp;&nbsp;&nbsp;vListInsert
<LI><a href="#[207]">&gt;&gt;</a>&nbsp;&nbsp;&nbsp;uxListRemove
<LI><a href="#[ac]">&gt;&gt;</a>&nbsp;&nbsp;&nbsp;ulPortSetInterruptMask
<LI><a href="#[210]">&gt;&gt;</a>&nbsp;&nbsp;&nbsp;xTimerGenericCommand
</UL>
<BR>[Called By]<UL><LI><a href="#[20f]">&gt;&gt;</a>&nbsp;&nbsp;&nbsp;prvSampleTimeNow
</UL>

<P><STRONG><a name="[89]"></a>prvTimerTask</STRONG> (Thumb, 32 bytes, Stack size 0 bytes, timers.o(i.prvTimerTask))
<BR><BR>[Stack]<UL><LI>Max Depth = 216<LI>Call Chain = prvTimerTask &rArr; prvProcessReceivedCommands &rArr; prvSampleTimeNow &rArr; prvSwitchTimerLists &rArr; xTimerGenericCommand &rArr; xQueueGenericSend &rArr; xTaskResumeAll &rArr; xTaskIncrementTick
</UL>
<BR>[Calls]<UL><LI><a href="#[211]">&gt;&gt;</a>&nbsp;&nbsp;&nbsp;prvProcessTimerOrBlockTask
<LI><a href="#[20e]">&gt;&gt;</a>&nbsp;&nbsp;&nbsp;prvProcessReceivedCommands
</UL>
<BR>[Address Reference Count : 1]<UL><LI> timers.o(i.xTimerCreateTimerTask)
</UL>
<P><STRONG><a name="[7f]"></a>prvTaskExitError</STRONG> (Thumb, 20 bytes, Stack size 0 bytes, port.o(i.prvTaskExitError))
<BR><BR>[Calls]<UL><LI><a href="#[ac]">&gt;&gt;</a>&nbsp;&nbsp;&nbsp;ulPortSetInterruptMask
</UL>
<BR>[Address Reference Count : 1]<UL><LI> port.o(i.pxPortInitialiseStack)
</UL>
<P><STRONG><a name="[b8]"></a>_printf_core</STRONG> (Thumb, 996 bytes, Stack size 104 bytes, printf8.o(i._printf_core), UNUSED)
<BR><BR>[Calls]<UL><LI><a href="#[8d]">&gt;&gt;</a>&nbsp;&nbsp;&nbsp;__aeabi_uldivmod
<LI><a href="#[ba]">&gt;&gt;</a>&nbsp;&nbsp;&nbsp;_printf_pre_padding
<LI><a href="#[bb]">&gt;&gt;</a>&nbsp;&nbsp;&nbsp;_printf_post_padding
</UL>
<BR>[Called By]<UL><LI><a href="#[b9]">&gt;&gt;</a>&nbsp;&nbsp;&nbsp;__0sprintf$8
<LI><a href="#[b7]">&gt;&gt;</a>&nbsp;&nbsp;&nbsp;__0printf$8
</UL>

<P><STRONG><a name="[bb]"></a>_printf_post_padding</STRONG> (Thumb, 36 bytes, Stack size 24 bytes, printf8.o(i._printf_post_padding), UNUSED)
<BR><BR>[Called By]<UL><LI><a href="#[b8]">&gt;&gt;</a>&nbsp;&nbsp;&nbsp;_printf_core
</UL>

<P><STRONG><a name="[ba]"></a>_printf_pre_padding</STRONG> (Thumb, 46 bytes, Stack size 24 bytes, printf8.o(i._printf_pre_padding), UNUSED)
<BR><BR>[Called By]<UL><LI><a href="#[b8]">&gt;&gt;</a>&nbsp;&nbsp;&nbsp;_printf_core
</UL>

<P><STRONG><a name="[5e]"></a>_sputc</STRONG> (Thumb, 10 bytes, Stack size 0 bytes, printf8.o(i._sputc))
<BR><BR>[Called By]<UL><LI><a href="#[b9]">&gt;&gt;</a>&nbsp;&nbsp;&nbsp;__0sprintf$8
</UL>
<BR>[Address Reference Count : 1]<UL><LI> printf8.o(i.__0sprintf$8)
</UL>
<P><STRONG><a name="[5b]"></a>_scanf_char_input</STRONG> (Thumb, 12 bytes, Stack size 0 bytes, scanf_char.o(.text))
<BR>[Address Reference Count : 1]<UL><LI> scanf_char.o(.text)
</UL><P>
<H3>
Undefined Global Symbols
</H3><HR></body></html>
