Component: ARM Compiler 5.06 update 6 (build 750) Tool: armlink [4d35ed]

==============================================================================

Section Cross References

    main.o(i.fputc) refers to gd32f30x_usart.o(i.usart_data_transmit) for usart_data_transmit
    main.o(i.fputc) refers to gd32f30x_usart.o(i.usart_flag_get) for usart_flag_get
    main.o(i.init_task) refers to printf8.o(i.__0printf$8) for __2printf
    main.o(i.init_task) refers to app_ota.o(i.erase_page) for erase_page
    main.o(i.init_task) refers to module_display.o(i.display_init) for display_init
    main.o(i.init_task) refers to module_audio.o(i.audio_init) for audio_init
    main.o(i.init_task) refers to gd32f30x_enet_eval.o(i.enet_system_setup) for enet_system_setup
    main.o(i.init_task) refers to app_netconf.o(i.lwip_stack_init) for lwip_stack_init
    main.o(i.init_task) refers to tasks.o(i.vTaskDelay) for vTaskDelay
    main.o(i.init_task) refers to tcp_client.o(i.tcp_client_init) for tcp_client_init
    main.o(i.init_task) refers to tcp_client.o(i.check_net) for check_net
    main.o(i.init_task) refers to app_mqtt.o(i.mqtt_task_init) for mqtt_task_init
    main.o(i.init_task) refers to app_mqtt.o(i.mqtt_task_start) for mqtt_task_start
    main.o(i.init_task) refers to tcp_server.o(i.tcp_server_init) for tcp_server_init
    main.o(i.init_task) refers to tasks.o(i.vTaskDelete) for vTaskDelete
    main.o(i.init_task) refers to app_configure.o(.data) for p_configuration_data
    main.o(i.main) refers to gd32f30x_misc.o(i.nvic_vector_table_set) for nvic_vector_table_set
    main.o(i.main) refers to gd32f30x_misc.o(i.nvic_priority_group_set) for nvic_priority_group_set
    main.o(i.main) refers to module_gd25qxx.o(i.spi_flash_init) for spi_flash_init
    main.o(i.main) refers to app_configure.o(i.read_data_and_analyze) for read_data_and_analyze
    main.o(i.main) refers to module_rtc.o(i.rtc_calendar_init) for rtc_calendar_init
    main.o(i.main) refers to protocol_i2c.o(i.i2c_config) for i2c_config
    main.o(i.main) refers to module_key.o(i.key_group_init) for key_group_init
    main.o(i.main) refers to protocol_usart.o(i.usart_init) for usart_init
    main.o(i.main) refers to app_rs485net.o(i.rs485net_task_init) for rs485net_task_init
    main.o(i.main) refers to app_rs485net.o(i.rs485net_task_start) for rs485net_task_start
    main.o(i.main) refers to module_led.o(i.led_group_init) for led_group_init
    main.o(i.main) refers to tasks.o(i.xTaskGenericCreate) for xTaskGenericCreate
    main.o(i.main) refers to tasks.o(i.vTaskStartScheduler) for vTaskStartScheduler
    main.o(i.main) refers to main.o(i.init_task) for init_task
    tcp_client.o(i.check_net) refers to sockets.o(i.lwip_socket) for lwip_socket
    tcp_client.o(i.check_net) refers to def.o(i.lwip_htons) for lwip_htons
    tcp_client.o(i.check_net) refers to ip_addr.o(i.ipaddr_addr) for ipaddr_addr
    tcp_client.o(i.check_net) refers to sockets.o(i.lwip_connect) for lwip_connect
    tcp_client.o(i.check_net) refers to sockets.o(i.lwip_close) for lwip_close
    tcp_client.o(i.tcp_client_init) refers to tasks.o(i.xTaskGenericCreate) for xTaskGenericCreate
    tcp_client.o(i.tcp_client_init) refers to tcp_client.o(i.tcp_client_task) for tcp_client_task
    tcp_client.o(i.tcp_client_task) refers to def.o(i.lwip_htons) for lwip_htons
    tcp_client.o(i.tcp_client_task) refers to sockets.o(i.lwip_socket) for lwip_socket
    tcp_client.o(i.tcp_client_task) refers to sockets.o(i.lwip_bind) for lwip_bind
    tcp_client.o(i.tcp_client_task) refers to sockets.o(i.lwip_connect) for lwip_connect
    tcp_client.o(i.tcp_client_task) refers to memseta.o(.text) for __aeabi_memset
    tcp_client.o(i.tcp_client_task) refers to sockets.o(i.lwip_recv) for lwip_recv
    tcp_client.o(i.tcp_client_task) refers to sockets.o(i.lwip_close) for lwip_close
    tcp_client.o(i.tcp_client_task) refers to app_ota.o(i.version_ack) for version_ack
    tcp_client.o(i.tcp_client_task) refers to sockets.o(i.lwip_send) for lwip_send
    tcp_client.o(i.tcp_client_task) refers to app_ota.o(i.handle_otadata) for handle_otadata
    tcp_client.o(i.tcp_client_task) refers to app_configure.o(i.handle_configuration_read) for handle_configuration_read
    tcp_client.o(i.tcp_client_task) refers to app_configure.o(i.handle_configuration_write) for handle_configuration_write
    tcp_client.o(i.tcp_client_task) refers to app_configure.o(i.handle_configuration_downloaded_wav) for handle_configuration_downloaded_wav
    tcp_client.o(i.tcp_client_task) refers to tcp_client.o(.data) for .data
    tcp_client.o(i.tcp_client_task) refers to tcp_client.o(.bss) for .bss
    udp_echo.o(i.udp_echo_init) refers to tasks.o(i.xTaskGenericCreate) for xTaskGenericCreate
    udp_echo.o(i.udp_echo_init) refers to udp_echo.o(i.udp_task) for udp_task
    udp_echo.o(i.udp_task) refers to def.o(i.lwip_htons) for lwip_htons
    udp_echo.o(i.udp_task) refers to sockets.o(i.lwip_socket) for lwip_socket
[...]
    temp_warn_ltimestamp                     0x200000b4   Data           4  app_rs485net.o(.data)
    temp_alarm_ltimestamp                    0x200000b8   Data           4  app_rs485net.o(.data)
    dhlr_warn_ltimestamp                     0x200000bc   Data           4  app_rs485net.o(.data)
    pir_status                               0x200000c0   Data           4  app_rs485net.o(.data)
    camera_status                            0x200000c4   Data           4  app_rs485net.o(.data)
    led_status                               0x200000c8   Data           4  app_rs485net.o(.data)
    start_record                             0x200000cc   Data           4  app_rs485net.o(.data)
    stop_record                              0x200000d0   Data           4  app_rs485net.o(.data)
    lr_status                                0x200000d4   Data           4  app_rs485net.o(.data)
    dh_status                                0x200000d8   Data           4  app_rs485net.o(.data)
    dhlr_status                              0x200000dc   Data           4  app_rs485net.o(.data)
    smoke_status                             0x200000e0   Data           8  app_rs485net.o(.data)
    gas_status                               0x200000e8   Data           8  app_rs485net.o(.data)
    temp_status                              0x200000f0   Data           8  app_rs485net.o(.data)
    p_configuration_data                     0x20000108   Data           4  app_configure.o(.data)
    SystemCoreClock                          0x20000114   Data           4  system_gd32f30x.o(.data)
    dma_current_ptp_txdesc                   0x20000118   Data           4  gd32f30x_enet.o(.data)
    dma_current_ptp_rxdesc                   0x2000011c   Data           4  gd32f30x_enet.o(.data)
    dma_current_txdesc                       0x20000124   Data           4  gd32f30x_enet.o(.data)
    dma_current_rxdesc                       0x20000128   Data           4  gd32f30x_enet.o(.data)
    netif_list                               0x20000220   Data           4  netif.o(.data)
    netif_default                            0x20000224   Data           4  netif.o(.data)
    tcp_active_pcbs_changed                  0x2000022c   Data           1  tcp.o(.data)
    tcp_ticks                                0x20000238   Data           4  tcp.o(.data)
    tcp_bound_pcbs                           0x2000023c   Data           4  tcp.o(.data)
    tcp_listen_pcbs                          0x20000240   Data           4  tcp.o(.data)
    tcp_active_pcbs                          0x20000244   Data           4  tcp.o(.data)
    tcp_tw_pcbs                              0x20000248   Data           4  tcp.o(.data)
    tcp_tmp_pcb                              0x2000024c   Data           4  tcp.o(.data)
    tcp_input_pcb                            0x20000268   Data           4  tcp_in.o(.data)
    udp_pcbs                                 0x20000270   Data           4  udp.o(.data)
    current_netif                            0x20000278   Data           4  ip.o(.data)
    current_header                           0x2000027c   Data           4  ip.o(.data)
    current_iphdr_src                        0x20000280   Data           4  ip.o(.data)
    current_iphdr_dest                       0x20000284   Data           4  ip.o(.data)
    h_errno                                  0x20000290   Data           4  netdb.o(.data)
    g_rx_semaphore                           0x200002b8   Data           4  ethernetif.o(.data)
    pxCurrentTCB                             0x200002c4   Data           4  tasks.o(.data)
    __stdout                                 0x20000330   Data           4  stdout.o(.data)
    __stderr                                 0x20000334   Data           4  stderr.o(.data)
    svr_addr                                 0x2000033c   Data          16  tcp_client.o(.bss)
    clt_addr                                 0x2000034c   Data          16  tcp_client.o(.bss)
    buf                                      0x2000035c   Data         800  tcp_client.o(.bss)
    usart0                                   0x2000067c   Data          66  protocol_usart.o(.bss)
    usart1                                   0x200006be   Data          66  protocol_usart.o(.bss)
    uart3                                    0x20000700   Data          66  protocol_usart.o(.bss)
    uart4                                    0x20000742   Data          66  protocol_usart.o(.bss)
    buf1                                     0x20000784   Data        1024  module_audio.o(.bss)
    buf2                                     0x20000b84   Data        1024  module_audio.o(.bss)
    g_mynetif                                0x20000f84   Data          52  app_netconf.o(.bss)
    deviceList                               0x200013b8   Data         256  app_rs485net.o(.bss)
    configuration_data                       0x200014b8   Data         492  app_configure.o(.bss)
    heartbeat_reportdata                     0x200016a4   Data         472  app_format.o(.bss)
    alarmdata_report                         0x2000187c   Data         164  app_format.o(.bss)
    rxdesc_tab                               0x20001d5c   Data          80  gd32f30x_enet.o(.bss)
    txdesc_tab                               0x20001dac   Data          80  gd32f30x_enet.o(.bss)
    rx_buff                                  0x20001dfc   Data        7620  gd32f30x_enet.o(.bss)
    tx_buff                                  0x20003bc0   Data        7620  gd32f30x_enet.o(.bss)
    dhcp_rx_options_val                      0x20005984   Data          40  dhcp.o(.bss)
    dhcp_rx_options_given                    0x200059ac   Data          10  dhcp.o(.bss)
    ram_heap                                 0x2000601b   Data        5140  mem.o(.bss)
    xQueueRegistry                           0x2000b1b0   Data          64  queue.o(.bss)
    __initial_sp                             0x20012f20   Data           0  startup_gd32f30x_cl.o(STACK)



==============================================================================

Memory Map of the image

  Image Entry point : 0x08002151

  Load Region LR_IROM1 (Base: 0x08002000, Size: 0x00017f64, Max: 0x0001f000, ABSOLUTE, COMPRESSED[0x00017cec])

    Execution Region ER_IROM1 (Exec base: 0x08002000, Load base: 0x08002000, Size: 0x00017c28, Max: 0x0001f000, ABSOLUTE)

    Exec Addr    Load Addr    Size         Type   Attr      Idx    E Section Name        Object

    0x08002000   0x08002000   0x00000150   Data   RO         6824    RESET               startup_gd32f30x_cl.o
    0x08002150   0x08002150   0x00000000   Code   RO         9964  * .ARM.Collect$$$$00000000  mc_w.l(entry.o)
    0x08002150   0x08002150   0x00000004   Code   RO        10262    .ARM.Collect$$$$00000001  mc_w.l(entry2.o)
    0x08002154   0x08002154   0x00000004   Code   RO        10265    .ARM.Collect$$$$00000004  mc_w.l(entry5.o)
    0x08002158   0x08002158   0x00000000   Code   RO        10267    .ARM.Collect$$$$00000008  mc_w.l(entry7b.o)
    0x08002158   0x08002158   0x00000000   Code   RO        10269    .ARM.Collect$$$$0000000A  mc_w.l(entry8b.o)
    0x08002158   0x08002158   0x00000008   Code   RO        10270    .ARM.Collect$$$$0000000B  mc_w.l(entry9a.o)
    0x08002160   0x08002160   0x00000000   Code   RO        10272    .ARM.Collect$$$$0000000D  mc_w.l(entry10a.o)
    0x08002160   0x08002160   0x00000000   Code   RO        10274    .ARM.Collect$$$$0000000F  mc_w.l(entry11a.o)
    0x08002160   0x08002160   0x00000004   Code   RO        10263    .ARM.Collect$$$$00002712  mc_w.l(entry2.o)
    0x08002164   0x08002164   0x000000a2   Code   RO         9893    .emb_text           port.o
    0x08002206   0x08002206   0x00000002   PAD
    0x08002208   0x08002208   0x00000024   Code   RO         6825    .text               startup_gd32f30x_cl.o
    0x0800222c   0x0800222c   0x00000062   Code   RO         9969    .text               mc_w.l(uldiv.o)
    0x0800228e   0x0800228e   0x00000024   Code   RO         9971    .text               mc_w.l(memcpya.o)
    0x080022b2   0x080022b2   0x00000024   Code   RO         9973    .text               mc_w.l(memseta.o)
    0x080022d6   0x080022d6   0x00000024   Code   RO         9975    .text               mc_w.l(strstr.o)
    0x080022fa   0x080022fa   0x00000018   Code   RO         9977    .text               mc_w.l(strncpy.o)
    0x08002312   0x08002312   0x00000014   Code   RO         9979    .text               mc_w.l(strchr.o)
    0x08002326   0x08002326   0x0000000e   Code   RO         9981    .text               mc_w.l(strlen.o)
    0x08002334   0x08002334   0x0000001c   Code   RO         9983    .text               mc_w.l(strcmp.o)
    0x08002350   0x08002350   0x0000001a   Code   RO         9985    .text               mc_w.l(memcmp.o)
    0x0800236a   0x0800236a   0x00000020   Code   RO         9989    .text               mc_w.l(strrchr.o)
    0x0800238a   0x0800238a   0x00000002   PAD
    0x0800238c   0x0800238c   0x00000038   Code   RO        10256    .text               mc_w.l(__0sscanf.o)
    0x080023c4   0x080023c4   0x0000014c   Code   RO        10258    .text               mc_w.l(_scanf_int.o)
    0x08002510   0x08002510   0x0000001e   Code   RO        10284    .text               mc_w.l(llshl.o)
    0x0800252e   0x0800252e   0x00000020   Code   RO        10286    .text               mc_w.l(llushr.o)
    0x0800254e   0x0800254e   0x00000002   PAD
    0x08002550   0x08002550   0x000000e4   Code   RO        10290    .text               mc_w.l(strerror.o)
    0x08002634   0x08002634   0x0000001c   Code   RO        10299    .text               mc_w.l(_chval.o)
    0x08002650   0x08002650   0x00000028   Code   RO        10301    .text               mc_w.l(scanf_char.o)
    0x08002678   0x08002678   0x00000040   Code   RO        10303    .text               mc_w.l(_sgetc.o)
    0x080026b8   0x080026b8   0x00000024   Code   RO        10318    .text               mc_w.l(init.o)
    0x080026dc   0x080026dc   0x00000008   Code   RO        10324    .text               mc_w.l(ctype_o.o)
    0x080026e4   0x080026e4   0x00000012   Code   RO        10346    .text               mc_w.l(isspace_o.o)
    0x080026f6   0x080026f6   0x00000002   PAD
    0x080026f8   0x080026f8   0x0000032c   Code   RO        10352    .text               mc_w.l(_scanf.o)
    0x08002a24   0x08002a24   0x00000056   Code   RO        10369    .text               mc_w.l(__dczerorl2.o)
    0x08002a7a   0x08002a7a   0x00000002   Code   RO          458    i.BusFault_Handler  gd32f30x_it.o
    0x08002a7c   0x08002a7c   0x0000004c   Code   RO         1647    i.CRC8_check        app_configure.o
    0x08002ac8   0x08002ac8   0x00000048   Code   RO          459    i.ENET_IRQHandler   gd32f30x_it.o
    0x08002b10   0x08002b10   0x00000070   Code   RO          460    i.EXTI10_15_IRQHandler  gd32f30x_it.o
    0x08002b80   0x08002b80   0x000000a8   Code   RO          461    i.EXTI5_9_IRQHandler  gd32f30x_it.o
    0x08002c28   0x08002c28   0x00000046   Code   RO         1402    i.FLASH_Program     app_ota.o
    0x08002c6e   0x08002c6e   0x00000002   Code   RO          462    i.HardFault_Handler  gd32f30x_it.o
    0x08002c70   0x08002c70   0x00000078   Code   RO          714    i.LCD_Data_Bus_Out  module_display.o
    0x08002ce8   0x08002ce8   0x0000005c   Code   RO         1828    i.MQTTDeserialize_connack  mqttconnectclient.o
    0x08002d44   0x08002d44   0x0000008c   Code   RO         1916    i.MQTTDeserialize_publish  mqttdeserializepublish.o
    0x08002dd0   0x08002dd0   0x0000007c   Code   RO         2141    i.MQTTDeserialize_suback  mqttsubscribeclient.o
    0x08002e4c   0x08002e4c   0x00000036   Code   RO         1991    i.MQTTPacket_decode  mqttpacket.o
    0x08002e82   0x08002e82   0x00000002   PAD
    0x08002e84   0x08002e84   0x00000014   Code   RO         1992    i.MQTTPacket_decodeBuf  mqttpacket.o
    0x08002e98   0x08002e98   0x0000002a   Code   RO         1993    i.MQTTPacket_encode  mqttpacket.o
    0x08002ec2   0x08002ec2   0x00000002   PAD
    0x08002ec4   0x08002ec4   0x00000028   Code   RO         1995    i.MQTTPacket_len    mqttpacket.o
    0x08002eec   0x08002eec   0x0000004e   Code   RO         1996    i.MQTTPacket_read   mqttpacket.o
    0x08002f3a   0x08002f3a   0x00000002   PAD
    0x08002f3c   0x08002f3c   0x00000118   Code   RO         1829    i.MQTTSerialize_connect  mqttconnectclient.o
    0x08003054   0x08003054   0x00000076   Code   RO         1830    i.MQTTSerialize_connectLength  mqttconnectclient.o
    0x080030ca   0x080030ca   0x00000006   Code   RO         1831    i.MQTTSerialize_disconnect  mqttconnectclient.o
    0x080030d0   0x080030d0   0x00000086   Code   RO         2102    i.MQTTSerialize_publish  mqttserializepublish.o
    0x08003156   0x08003156   0x0000001e   Code   RO         2103    i.MQTTSerialize_publishLength  mqttserializepublish.o
    0x08003174   0x08003174   0x0000008c   Code   RO         2142    i.MQTTSerialize_subscribe  mqttsubscribeclient.o
    0x08003200   0x08003200   0x0000002e   Code   RO         2143    i.MQTTSerialize_subscribeLength  mqttsubscribeclient.o
    0x0800322e   0x0800322e   0x00000032   Code   RO         1833    i.MQTTSerialize_zero  mqttconnectclient.o
    0x08003260   0x08003260   0x0000000e   Code   RO         1998    i.MQTTstrlen        mqttpacket.o
    0x0800326e   0x0800326e   0x00000002   Code   RO          463    i.MemManage_Handler  gd32f30x_it.o
    0x08003270   0x08003270   0x00000002   Code   RO          464    i.NMI_Handler       gd32f30x_it.o
    0x08003272   0x08003272   0x00000002   PAD
    0x08003274   0x08003274   0x00000074   Code   RO          465    i.SPI2_IRQHandler   gd32f30x_it.o
    0x080032e8   0x080032e8   0x00000024   Code   RO         9894    i.SysTick_Handler   port.o
    0x0800330c   0x0800330c   0x00000040   Code   RO         2335    i.SystemInit        system_gd32f30x.o
    0x0800334c   0x0800334c   0x00000090   Code   RO          466    i.UART3_IRQHandler  gd32f30x_it.o
    0x080033dc   0x080033dc   0x00000090   Code   RO          467    i.UART4_IRQHandler  gd32f30x_it.o
    0x0800346c   0x0800346c   0x00000098   Code   RO          468    i.USART0_IRQHandler  gd32f30x_it.o
    0x08003504   0x08003504   0x00000090   Code   RO          469    i.USART1_IRQHandler  gd32f30x_it.o
    0x08003594   0x08003594   0x00000002   Code   RO          470    i.UsageFault_Handler  gd32f30x_it.o
    0x08003596   0x08003596   0x00000002   PAD
    0x08003598   0x08003598   0x00000050   Code   RO          715    i.Write_Command     module_display.o
    0x080035e8   0x080035e8   0x00000020   Code   RO        10202    i.__0printf$8       mc_w.l(printf8.o)
    0x08003608   0x08003608   0x00000028   Code   RO        10204    i.__0sprintf$8      mc_w.l(printf8.o)
    0x08003630   0x08003630   0x00000008   Code   RO        10292    i.__aeabi_errno_addr  mc_w.l(errno.o)
    0x08003638   0x08003638   0x0000000e   Code   RO        10363    i.__scatterload_copy  mc_w.l(handlers.o)
    0x08003646   0x08003646   0x00000002   Code   RO        10364    i.__scatterload_null  mc_w.l(handlers.o)
    0x08003648   0x08003648   0x0000000e   Code   RO        10365    i.__scatterload_zeroinit  mc_w.l(handlers.o)
    0x08003656   0x08003656   0x00000002   PAD
    0x08003658   0x08003658   0x00000410   Code   RO        10209    i._printf_core      mc_w.l(printf8.o)
    0x08003a68   0x08003a68   0x00000024   Code   RO        10210    i._printf_post_padding  mc_w.l(printf8.o)
    0x08003a8c   0x08003a8c   0x0000002e   Code   RO        10211    i._printf_pre_padding  mc_w.l(printf8.o)
    0x08003aba   0x08003aba   0x0000000a   Code   RO        10213    i._sputc            mc_w.l(printf8.o)
    0x08003ac4   0x08003ac4   0x0000009e   Code   RO         8361    i.accept_function   api_msg.o
    0x08003b62   0x08003b62   0x00000002   PAD
    0x08003b64   0x08003b64   0x00000090   Code   RO         1060    i.adc_process_cmd   module_adc.o
    0x08003bf4   0x08003bf4   0x00000040   Code   RO         1538    i.alarm_action      app_rs485net.o
    0x08003c34   0x08003c34   0x00000064   Code   RO         8648    i.alloc_socket      sockets.o
    0x08003c98   0x08003c98   0x0000001c   Code   RO         7145    i.arp_timer         lwip_timers.o
    0x08003cb4   0x08003cb4   0x00000068   Code   RO          818    i.audio_init        module_audio.o
    0x08003d1c   0x08003d1c   0x00000094   Code   RO          819    i.audio_process_cmd  module_audio.o
    0x08003db0   0x08003db0   0x00000024   Code   RO          820    i.beep_set          module_audio.o
    0x08003dd4   0x08003dd4   0x0000000e   Code   RO         2606    i.bkp_deinit        gd32f30x_bkp.o
    0x08003de2   0x08003de2   0x00000002   PAD
    0x08003de4   0x08003de4   0x0000002c   Code   RO         2611    i.bkp_read_data     gd32f30x_bkp.o
    0x08003e10   0x08003e10   0x00000028   Code   RO         2625    i.bkp_write_data    gd32f30x_bkp.o
    0x08003e38   0x08003e38   0x00000024   Code   RO         1999    i.bufchar           mqttpacket.o
    0x08003e5c   0x08003e5c   0x000001b0   Code   RO         1760    i.build_alarm_json_string  app_format.o
    0x0800400c   0x0800400c   0x00000460   Code   RO         1761    i.build_json_string  app_format.o
    0x0800446c   0x0800446c   0x0000005c   Code   RO         1539    i.cancel_alarm      app_rs485net.o
    0x080044c8   0x080044c8   0x00000064   Code   RO          318    i.check_net         tcp_client.o
    0x0800452c   0x0800452c   0x0000000c   Code   RO         1762    i.clearalarm        app_format.o
    0x08004538   0x08004538   0x00000008   Code   RO          821    i.codec_register_write_byte  module_audio.o
    0x08004540   0x08004540   0x00000032   Code   RO          638    i.crc16_modbus      protocol_modbus.o
    0x08004572   0x08004572   0x00000028   Code   RO         2289    i.create_ack_packet  tcp_server.o
    0x0800459a   0x0800459a   0x0000001e   Code   RO         2290    i.create_heart_ack_packet  tcp_server.o
    0x080045b8   0x080045b8   0x0000003e   Code   RO         2291    i.create_record_request_packet  tcp_server.o
    0x080045f6   0x080045f6   0x00000002   PAD
    0x080045f8   0x080045f8   0x000003fc   Code   RO         1648    i.data_analyze      app_configure.o
    0x080049f4   0x080049f4   0x00000038   Code   RO         1649    i.data_check        app_configure.o
    0x08004a2c   0x08004a2c   0x00000098   Code   RO         6859    i.dhcp_arp_reply    dhcp.o
    0x08004ac4   0x08004ac4   0x0000016c   Code   RO         6860    i.dhcp_bind         dhcp.o
    0x08004c30   0x08004c30   0x00000030   Code   RO         6861    i.dhcp_check        dhcp.o
    0x08004c60   0x08004c60   0x00000060   Code   RO         6863    i.dhcp_coarse_tmr   dhcp.o
    0x08004cc0   0x08004cc0   0x000002b0   Code   RO         6864    i.dhcp_create_msg   dhcp.o
    0x08004f70   0x08004f70   0x00000078   Code   RO         6865    i.dhcp_decline      dhcp.o
    0x08004fe8   0x08004fe8   0x00000120   Code   RO         6866    i.dhcp_delete_msg   dhcp.o
    0x08005108   0x08005108   0x000000bc   Code   RO         6867    i.dhcp_discover     dhcp.o
    0x080051c4   0x080051c4   0x00000034   Code   RO         6868    i.dhcp_fine_tmr     dhcp.o
    0x080051f8   0x080051f8   0x00000084   Code   RO         6869    i.dhcp_handle_ack   dhcp.o
    0x0800527c   0x0800527c   0x000000a0   Code   RO         6872    i.dhcp_option       dhcp.o
    0x0800531c   0x0800531c   0x000000c4   Code   RO         6873    i.dhcp_option_byte  dhcp.o
    0x080053e0   0x080053e0   0x000000f8   Code   RO         6874    i.dhcp_option_long  dhcp.o
    0x080054d8   0x080054d8   0x0000009c   Code   RO         6875    i.dhcp_option_short  dhcp.o
    0x08005574   0x08005574   0x00000158   Code   RO         6876    i.dhcp_option_trailer  dhcp.o
    0x080056cc   0x080056cc   0x00000374   Code   RO         6877    i.dhcp_parse_reply  dhcp.o
    0x08005a40   0x08005a40   0x00000088   Code   RO         6878    i.dhcp_rebind       dhcp.o
    0x08005ac8   0x08005ac8   0x000000a0   Code   RO         6879    i.dhcp_reboot       dhcp.o
    0x08005b68   0x08005b68   0x00000194   Code   RO         6880    i.dhcp_recv         dhcp.o
    0x08005cfc   0x08005cfc   0x000000a4   Code   RO         6881    i.dhcp_release      dhcp.o
    0x08005da0   0x08005da0   0x00000084   Code   RO         6882    i.dhcp_renew        dhcp.o
    0x08005e24   0x08005e24   0x000000e8   Code   RO         6883    i.dhcp_select       dhcp.o
    0x08005f0c   0x08005f0c   0x00000010   Code   RO         6884    i.dhcp_set_state    dhcp.o
    0x08005f1c   0x08005f1c   0x0000016c   Code   RO         6886    i.dhcp_start        dhcp.o
    0x08006088   0x08006088   0x000000e0   Code   RO         6887    i.dhcp_stop         dhcp.o
    0x08006168   0x08006168   0x00000078   Code   RO         1337    i.dhcp_task         app_netconf.o
    0x080061e0   0x080061e0   0x00000088   Code   RO         6888    i.dhcp_timeout      dhcp.o
    0x08006268   0x08006268   0x0000001c   Code   RO         7146    i.dhcp_timer_coarse  lwip_timers.o
    0x08006284   0x08006284   0x0000001c   Code   RO         7147    i.dhcp_timer_fine   lwip_timers.o
    0x080062a0   0x080062a0   0x00000074   Code   RO          716    i.display_init      module_display.o
    0x08006314   0x08006314   0x00000174   Code   RO         7044    i.dns_check_entry   dns.o
    0x08006488   0x08006488   0x000000bc   Code   RO         7045    i.dns_enqueue       dns.o
    0x08006544   0x08006544   0x00000094   Code   RO         7046    i.dns_gethostbyname  dns.o
    0x080065d8   0x080065d8   0x00000060   Code   RO         7048    i.dns_init          dns.o
    0x08006638   0x08006638   0x00000024   Code   RO         7049    i.dns_parse_name    dns.o
    0x0800665c   0x0800665c   0x00000170   Code   RO         7050    i.dns_recv          dns.o
    0x080067cc   0x080067cc   0x000001b0   Code   RO         7051    i.dns_send          dns.o
    0x0800697c   0x0800697c   0x00000024   Code   RO         7052    i.dns_setserver     dns.o
    0x080069a0   0x080069a0   0x0000001c   Code   RO         7148    i.dns_timer         lwip_timers.o
    0x080069bc   0x080069bc   0x00000020   Code   RO         7053    i.dns_tmr           dns.o
    0x080069dc   0x080069dc   0x0000005c   Code   RO         8362    i.do_bind           api_msg.o
    0x08006a38   0x08006a38   0x00000124   Code   RO         8363    i.do_close          api_msg.o
    0x08006b5c   0x08006b5c   0x00000268   Code   RO         8364    i.do_close_internal  api_msg.o
    0x08006dc4   0x08006dc4   0x00000120   Code   RO         8365    i.do_connect        api_msg.o
    0x08006ee4   0x08006ee4   0x0000015c   Code   RO         8366    i.do_connected      api_msg.o
    0x08007040   0x08007040   0x00000198   Code   RO         8367    i.do_delconn        api_msg.o
    0x080071d8   0x080071d8   0x000000c8   Code   RO         8369    i.do_dns_found      api_msg.o
    0x080072a0   0x080072a0   0x00000100   Code   RO         8370    i.do_getaddr        api_msg.o
    0x080073a0   0x080073a0   0x0000002c   Code   RO         8371    i.do_gethostbyname  api_msg.o
    0x080073cc   0x080073cc   0x000000b0   Code   RO         8372    i.do_listen         api_msg.o
    0x0800747c   0x0800747c   0x00000020   Code   RO         8373    i.do_newconn        api_msg.o
    0x0800749c   0x0800749c   0x00000042   Code   RO         8374    i.do_recv           api_msg.o
    0x080074de   0x080074de   0x00000080   Code   RO         8375    i.do_send           api_msg.o
    0x0800755e   0x0800755e   0x00000002   PAD
    0x08007560   0x08007560   0x00000108   Code   RO         8376    i.do_write          api_msg.o
    0x08007668   0x08007668   0x000002a0   Code   RO         8377    i.do_writemore      api_msg.o
    0x08007908   0x08007908   0x0000001a   Code   RO         3375    i.enet_deinit       gd32f30x_enet.o
    0x08007922   0x08007922   0x0000000e   Code   RO         3376    i.enet_delay        gd32f30x_enet.o
    0x08007930   0x08007930   0x00000054   Code   RO         3380    i.enet_desc_information_get  gd32f30x_enet.o
    0x08007984   0x08007984   0x0000008c   Code   RO         3382    i.enet_descriptors_chain_init  gd32f30x_enet.o
    0x08007a10   0x08007a10   0x0000000e   Code   RO         3389    i.enet_enable       gd32f30x_enet.o
    0x08007a1e   0x08007a1e   0x00000002   PAD
    0x08007a20   0x08007a20   0x0000008c   Code   RO         3399    i.enet_frame_receive  gd32f30x_enet.o
    0x08007aac   0x08007aac   0x00000078   Code   RO         3400    i.enet_frame_transmit  gd32f30x_enet.o
    0x08007b24   0x08007b24   0x0000012c   Code   RO          427    i.enet_gpio_config  gd32f30x_enet_eval.o
    0x08007c50   0x08007c50   0x000002c0   Code   RO         3401    i.enet_init         gd32f30x_enet.o
    0x08007f10   0x08007f10   0x00000028   Code   RO         3403    i.enet_initpara_reset  gd32f30x_enet.o
    0x08007f38   0x08007f38   0x0000002c   Code   RO         3405    i.enet_interrupt_enable  gd32f30x_enet.o
    0x08007f64   0x08007f64   0x00000018   Code   RO         3406    i.enet_interrupt_flag_clear  gd32f30x_enet.o
    0x08007f7c   0x08007f7c   0x00000020   Code   RO         3407    i.enet_interrupt_flag_get  gd32f30x_enet.o
    0x08007f9c   0x08007f9c   0x0000001c   Code   RO         3409    i.enet_mac_address_set  gd32f30x_enet.o
    0x08007fb8   0x08007fb8   0x000000b8   Code   RO         3419    i.enet_phy_config   gd32f30x_enet.o
    0x08008070   0x08008070   0x00000064   Code   RO         3420    i.enet_phy_write_read  gd32f30x_enet.o
    0x080080d4   0x080080d4   0x0000000a   Code   RO         3445    i.enet_rx_desc_immediate_receive_complete_interrupt  gd32f30x_enet.o
    0x080080de   0x080080de   0x00000002   PAD
    0x080080e0   0x080080e0   0x00000020   Code   RO         3447    i.enet_rx_enable    gd32f30x_enet.o
    0x08008100   0x08008100   0x00000034   Code   RO         3451    i.enet_software_reset  gd32f30x_enet.o
    0x08008134   0x08008134   0x0000006c   Code   RO          428    i.enet_system_setup  gd32f30x_enet_eval.o
    0x080081a0   0x080081a0   0x00000012   Code   RO         3452    i.enet_transmit_checksum_config  gd32f30x_enet.o
    0x080081b2   0x080081b2   0x00000002   PAD
    0x080081b4   0x080081b4   0x00000024   Code   RO         3454    i.enet_tx_enable    gd32f30x_enet.o
    0x080081d8   0x080081d8   0x00000030   Code   RO         3455    i.enet_txfifo_flush  gd32f30x_enet.o
    0x08008208   0x08008208   0x0000003c   Code   RO         1403    i.erase_page        app_ota.o
    0x08008244   0x08008244   0x00000180   Code   RO         8378    i.err_tcp           api_msg.o
    0x080083c4   0x080083c4   0x000000fc   Code   RO          822    i.es8311_codec      module_audio.o
    0x080084c0   0x080084c0   0x00000086   Code   RO          823    i.es8311_powerdown  module_audio.o
    0x08008546   0x08008546   0x00000002   PAD
    0x08008548   0x08008548   0x00000064   Code   RO          824    i.es8311_resume     module_audio.o
    0x080085ac   0x080085ac   0x00000076   Code   RO          825    i.es8311_standby    module_audio.o
    0x08008622   0x08008622   0x00000002   PAD
    0x08008624   0x08008624   0x0000016c   Code   RO         8917    i.etharp_arp_input  etharp.o
    0x08008790   0x08008790   0x00000030   Code   RO         8918    i.etharp_cleanup_netif  etharp.o
    0x080087c0   0x080087c0   0x00000258   Code   RO         8920    i.etharp_find_entry  etharp.o
    0x08008a18   0x08008a18   0x0000003c   Code   RO         8921    i.etharp_free_entry  etharp.o
    0x08008a54   0x08008a54   0x000001c0   Code   RO         8922    i.etharp_output     etharp.o
    0x08008c14   0x08008c14   0x000000e8   Code   RO         8923    i.etharp_output_to_arp_index  etharp.o
    0x08008cfc   0x08008cfc   0x000001cc   Code   RO         8924    i.etharp_query      etharp.o
    0x08008ec8   0x08008ec8   0x00000184   Code   RO         8925    i.etharp_raw        etharp.o
    0x0800904c   0x0800904c   0x00000024   Code   RO         8926    i.etharp_request    etharp.o
    0x08009070   0x08009070   0x000000ac   Code   RO         8927    i.etharp_send_ip    etharp.o
    0x0800911c   0x0800911c   0x00000048   Code   RO         8928    i.etharp_tmr        etharp.o
    0x08009164   0x08009164   0x0000011c   Code   RO         8929    i.etharp_update_arp_entry  etharp.o
    0x08009280   0x08009280   0x00000124   Code   RO         8930    i.ethernet_input    etharp.o
    0x080093a4   0x080093a4   0x0000007c   Code   RO         9012    i.ethernetif_init   ethernetif.o
    0x08009420   0x08009420   0x00000098   Code   RO         9013    i.ethernetif_input  ethernetif.o
    0x080094b8   0x080094b8   0x000001a4   Code   RO         8649    i.event_callback    sockets.o
    0x0800965c   0x0800965c   0x00000068   Code   RO         4089    i.exti_init         gd32f30x_exti.o
    0x080096c4   0x080096c4   0x0000000c   Code   RO         4092    i.exti_interrupt_flag_clear  gd32f30x_exti.o
    0x080096d0   0x080096d0   0x00000014   Code   RO         4093    i.exti_interrupt_flag_get  gd32f30x_exti.o
    0x080096e4   0x080096e4   0x00000016   Code   RO         4176    i.fmc_bank0_ready_wait  gd32f30x_fmc.o
    0x080096fa   0x080096fa   0x00000002   PAD
    0x080096fc   0x080096fc   0x00000028   Code   RO         4177    i.fmc_bank0_state_get  gd32f30x_fmc.o
    0x08009724   0x08009724   0x00000016   Code   RO         4181    i.fmc_bank1_ready_wait  gd32f30x_fmc.o
    0x0800973a   0x0800973a   0x00000002   PAD
    0x0800973c   0x0800973c   0x00000028   Code   RO         4182    i.fmc_bank1_state_get  gd32f30x_fmc.o
    0x08009764   0x08009764   0x0000001c   Code   RO         4184    i.fmc_flag_clear    gd32f30x_fmc.o
    0x08009780   0x08009780   0x00000028   Code   RO         4191    i.fmc_lock          gd32f30x_fmc.o
    0x080097a8   0x080097a8   0x00000088   Code   RO         4193    i.fmc_page_erase    gd32f30x_fmc.o
    0x08009830   0x08009830   0x00000038   Code   RO         4194    i.fmc_unlock        gd32f30x_fmc.o
    0x08009868   0x08009868   0x00000074   Code   RO         4195    i.fmc_word_program  gd32f30x_fmc.o
    0x080098dc   0x080098dc   0x00000024   Code   RO            4    i.fputc             main.o
    0x08009900   0x08009900   0x00000018   Code   RO        10276    i.fputs             mc_w.l(fputs.o)
    0x08009918   0x08009918   0x0000006c   Code   RO         1404    i.gd_check_sum      app_ota.o
    0x08009984   0x08009984   0x00000108   Code   RO         6763    i.gd_eval_com_init  gd32f307c_eval.o
    0x08009a8c   0x08009a8c   0x00000070   Code   RO         6764    i.gd_eval_key_init  gd32f307c_eval.o
    0x08009afc   0x08009afc   0x00000038   Code   RO         6766    i.gd_eval_led_init  gd32f307c_eval.o
    0x08009b34   0x08009b34   0x00000018   Code   RO         6767    i.gd_eval_led_off   gd32f307c_eval.o
    0x08009b4c   0x08009b4c   0x00000018   Code   RO         6768    i.gd_eval_led_on    gd32f307c_eval.o
    0x08009b64   0x08009b64   0x00000030   Code   RO         6769    i.gd_eval_led_toggle  gd32f307c_eval.o
    0x08009b94   0x08009b94   0x0000000c   Code   RO          917    i.get_key_value     module_key.o
    0x08009ba0   0x08009ba0   0x0000001c   Code   RO         8650    i.get_socket        sockets.o
    0x08009bbc   0x08009bbc   0x00000004   Code   RO         4467    i.gpio_bit_reset    gd32f30x_gpio.o
    0x08009bc0   0x08009bc0   0x00000004   Code   RO         4468    i.gpio_bit_set      gd32f30x_gpio.o
    0x08009bc4   0x08009bc4   0x0000000a   Code   RO         4469    i.gpio_bit_write    gd32f30x_gpio.o
    0x08009bce   0x08009bce   0x00000002   PAD
    0x08009bd0   0x08009bd0   0x00000018   Code   RO         4473    i.gpio_ethernet_phy_select  gd32f30x_gpio.o
    0x08009be8   0x08009be8   0x00000058   Code   RO         4477    i.gpio_exti_source_select  gd32f30x_gpio.o
    0x08009c40   0x08009c40   0x000000a6   Code   RO         4478    i.gpio_init         gd32f30x_gpio.o
    0x08009ce6   0x08009ce6   0x0000000a   Code   RO         4479    i.gpio_input_bit_get  gd32f30x_gpio.o
    0x08009cf0   0x08009cf0   0x0000000a   Code   RO         4481    i.gpio_output_bit_get  gd32f30x_gpio.o
    0x08009cfa   0x08009cfa   0x00000002   PAD
    0x08009cfc   0x08009cfc   0x00000058   Code   RO         4484    i.gpio_pin_remap_config  gd32f30x_gpio.o
    0x08009d54   0x08009d54   0x0000012c   Code   RO         1650    i.handle_configuration_downloaded_wav  app_configure.o
    0x08009e80   0x08009e80   0x0000001e   Code   RO         1651    i.handle_configuration_read  app_configure.o
    0x08009e9e   0x08009e9e   0x0000001e   Code   RO         1652    i.handle_configuration_write  app_configure.o
    0x08009ebc   0x08009ebc   0x00000280   Code   RO         1405    i.handle_otadata    app_ota.o
    0x0800a13c   0x0800a13c   0x0000000c   Code   RO         4604    i.i2c_ack_config    gd32f30x_i2c.o
    0x0800a148   0x0800a148   0x0000000c   Code   RO         4605    i.i2c_ackpos_config  gd32f30x_i2c.o
    0x0800a154   0x0800a154   0x00000100   Code   RO         4606    i.i2c_clock_config  gd32f30x_i2c.o
    0x0800a254   0x0800a254   0x00000054   Code   RO          678    i.i2c_config        protocol_i2c.o
    0x0800a2a8   0x0800a2a8   0x00000006   Code   RO         4607    i.i2c_data_receive  gd32f30x_i2c.o
    0x0800a2ae   0x0800a2ae   0x00000004   Code   RO         4608    i.i2c_data_transmit  gd32f30x_i2c.o
    0x0800a2b2   0x0800a2b2   0x0000000a   Code   RO         4615    i.i2c_enable        gd32f30x_i2c.o
    0x0800a2bc   0x0800a2bc   0x00000022   Code   RO         4616    i.i2c_flag_clear    gd32f30x_i2c.o
    0x0800a2de   0x0800a2de   0x00000016   Code   RO         4617    i.i2c_flag_get      gd32f30x_i2c.o
    0x0800a2f4   0x0800a2f4   0x00000012   Code   RO         4622    i.i2c_master_addressing  gd32f30x_i2c.o
    0x0800a306   0x0800a306   0x00000016   Code   RO         4623    i.i2c_mode_addr_config  gd32f30x_i2c.o
    0x0800a31c   0x0800a31c   0x00000110   Code   RO         1061    i.i2c_read_adc_data  module_adc.o
    0x0800a42c   0x0800a42c   0x000000f0   Code   RO          680    i.i2c_register_write_byte  protocol_i2c.o
    0x0800a51c   0x0800a51c   0x0000000a   Code   RO         4632    i.i2c_start_on_bus  gd32f30x_i2c.o
    0x0800a526   0x0800a526   0x0000000a   Code   RO         4633    i.i2c_stop_on_bus   gd32f30x_i2c.o
    0x0800a530   0x0800a530   0x0000000a   Code   RO         5679    i.i2s_enable        gd32f30x_spi.o
    0x0800a53a   0x0800a53a   0x00000018   Code   RO         5680    i.i2s_init          gd32f30x_spi.o
    0x0800a552   0x0800a552   0x00000002   PAD
    0x0800a554   0x0800a554   0x000000d4   Code   RO         5681    i.i2s_psc_config    gd32f30x_spi.o
    0x0800a628   0x0800a628   0x00000008   Code   RO         8058    i.icmp_dest_unreach  icmp.o
    0x0800a630   0x0800a630   0x00000290   Code   RO         8059    i.icmp_input        icmp.o
    0x0800a8c0   0x0800a8c0   0x00000108   Code   RO         8060    i.icmp_send_response  icmp.o
    0x0800a9c8   0x0800a9c8   0x0000000c   Code   RO         8093    i.inet_chksum       inet_chksum.o
    0x0800a9d4   0x0800a9d4   0x00000048   Code   RO         8094    i.inet_chksum_pbuf  inet_chksum.o
    0x0800aa1c   0x0800aa1c   0x000000a4   Code   RO            5    i.init_task         main.o
    0x0800aac0   0x0800aac0   0x0000002e   Code   RO         8164    i.ip4_addr_isbroadcast  ip_addr.o
    0x0800aaee   0x0800aaee   0x00000002   PAD
    0x0800aaf0   0x0800aaf0   0x00000170   Code   RO         8128    i.ip_input          ip.o
    0x0800ac60   0x0800ac60   0x000000b4   Code   RO         8129    i.ip_output         ip.o
    0x0800ad14   0x0800ad14   0x00000154   Code   RO         8130    i.ip_output_if      ip.o
    0x0800ae68   0x0800ae68   0x00000040   Code   RO         8131    i.ip_route          ip.o
    0x0800aea8   0x0800aea8   0x00000014   Code   RO         8166    i.ipaddr_addr       ip_addr.o
    0x0800aebc   0x0800aebc   0x00000178   Code   RO         8167    i.ipaddr_aton       ip_addr.o
    0x0800b034   0x0800b034   0x00000058   Code   RO         1090    i.is_day_right      module_rtc.o
    0x0800b08c   0x0800b08c   0x00000026   Code   RO         1091    i.is_leapyear       module_rtc.o
    0x0800b0b2   0x0800b0b2   0x00000002   PAD
    0x0800b0b4   0x0800b0b4   0x0000000c   Code   RO         1763    i.isalarmhappened   app_format.o
    0x0800b0c0   0x0800b0c0   0x0000055c   Code   RO         1764    i.json_parse        app_format.o
    0x0800b61c   0x0800b61c   0x00000058   Code   RO          918    i.key_group_init    module_key.o
    0x0800b674   0x0800b674   0x0000001c   Code   RO          919    i.key_process_cmd   module_key.o
    0x0800b690   0x0800b690   0x0000008c   Code   RO          718    i.lcd_display       module_display.o
    0x0800b71c   0x0800b71c   0x00000048   Code   RO          779    i.led_group_init    module_led.o
    0x0800b764   0x0800b764   0x00000010   Code   RO          780    i.led_process_cmd   module_led.o
    0x0800b774   0x0800b774   0x00000080   Code   RO          781    i.led_task          module_led.o
    0x0800b7f4   0x0800b7f4   0x000000f4   Code   RO         9014    i.low_level_init    ethernetif.o
    0x0800b8e8   0x0800b8e8   0x00000094   Code   RO         9015    i.low_level_output  ethernetif.o
    0x0800b97c   0x0800b97c   0x00000230   Code   RO         8651    i.lwip_accept       sockets.o
    0x0800bbac   0x0800bbac   0x000000e8   Code   RO         8652    i.lwip_bind         sockets.o
    0x0800bc94   0x0800bc94   0x000000e0   Code   RO         8653    i.lwip_close        sockets.o
    0x0800bd74   0x0800bd74   0x000000ec   Code   RO         8654    i.lwip_connect      sockets.o
    0x0800be60   0x0800be60   0x00000044   Code   RO         8601    i.lwip_gethostbyname  netdb.o
    0x0800bea4   0x0800bea4   0x00000004   Code   RO         6829    i.lwip_htonl        def.o
    0x0800bea8   0x0800bea8   0x00000004   Code   RO         6830    i.lwip_htons        def.o
    0x0800beac   0x0800beac   0x0000002a   Code   RO         7108    i.lwip_init         init.o
    0x0800bed6   0x0800bed6   0x00000002   PAD
    0x0800bed8   0x0800bed8   0x0000005c   Code   RO         8662    i.lwip_listen       sockets.o
    0x0800bf34   0x0800bf34   0x00000004   Code   RO         6831    i.lwip_ntohl        def.o
    0x0800bf38   0x0800bf38   0x00000004   Code   RO         6832    i.lwip_ntohs        def.o
    0x0800bf3c   0x0800bf3c   0x0000000e   Code   RO         8664    i.lwip_recv         sockets.o
    0x0800bf4a   0x0800bf4a   0x00000002   PAD
    0x0800bf4c   0x0800bf4c   0x0000026c   Code   RO         8665    i.lwip_recvfrom     sockets.o
    0x0800c1b8   0x0800c1b8   0x00000078   Code   RO         8668    i.lwip_send         sockets.o
    0x0800c230   0x0800c230   0x00000174   Code   RO         8669    i.lwip_sendto       sockets.o
    0x0800c3a4   0x0800c3a4   0x000000dc   Code   RO         8670    i.lwip_setsockopt   sockets.o
    0x0800c480   0x0800c480   0x00000190   Code   RO         8671    i.lwip_setsockopt_internal  sockets.o
    0x0800c610   0x0800c610   0x00000070   Code   RO         8672    i.lwip_shutdown     sockets.o
    0x0800c680   0x0800c680   0x0000006c   Code   RO         8673    i.lwip_socket       sockets.o
    0x0800c6ec   0x0800c6ec   0x00000002   Code   RO         8674    i.lwip_socket_init  sockets.o
    0x0800c6ee   0x0800c6ee   0x00000002   PAD
    0x0800c6f0   0x0800c6f0   0x0000009c   Code   RO         1338    i.lwip_stack_init   app_netconf.o
    0x0800c78c   0x0800c78c   0x00000058   Code   RO         8097    i.lwip_standard_chksum  inet_chksum.o
    0x0800c7e4   0x0800c7e4   0x00000068   Code   RO            6    i.main              main.o
    0x0800c84c   0x0800c84c   0x0000013c   Code   RO         7236    i.mem_free          mem.o
    0x0800c988   0x0800c988   0x000000cc   Code   RO         7237    i.mem_init          mem.o
    0x0800ca54   0x0800ca54   0x00000214   Code   RO         7238    i.mem_malloc        mem.o
    0x0800cc68   0x0800cc68   0x000001a8   Code   RO         7239    i.mem_trim          mem.o
    0x0800ce10   0x0800ce10   0x000000b4   Code   RO         7280    i.memp_free         memp.o
    0x0800cec4   0x0800cec4   0x00000058   Code   RO         7281    i.memp_init         memp.o
    0x0800cf1c   0x0800cf1c   0x000000f0   Code   RO         7282    i.memp_malloc       memp.o
    0x0800d00c   0x0800d00c   0x0000031c   Code   RO         1463    i.mqtt_pub0sub1_task  app_mqtt.o
    0x0800d328   0x0800d328   0x00000030   Code   RO         1464    i.mqtt_task_init    app_mqtt.o
    0x0800d358   0x0800d358   0x00000018   Code   RO         1465    i.mqtt_task_start   app_mqtt.o
    0x0800d370   0x0800d370   0x00000022   Code   RO         8542    i.netbuf_delete     netbuf.o
    0x0800d392   0x0800d392   0x00000002   PAD
    0x0800d394   0x0800d394   0x000000a4   Code   RO         8544    i.netbuf_free       netbuf.o
    0x0800d438   0x0800d438   0x000000c8   Code   RO         8547    i.netbuf_ref        netbuf.o
    0x0800d500   0x0800d500   0x00000168   Code   RO         8224    i.netconn_accept    api_lib.o
    0x0800d668   0x0800d668   0x0000006a   Code   RO         8379    i.netconn_alloc     api_msg.o
    0x0800d6d2   0x0800d6d2   0x00000002   PAD
    0x0800d6d4   0x0800d6d4   0x000000c8   Code   RO         8225    i.netconn_bind      api_lib.o
    0x0800d79c   0x0800d79c   0x000000c8   Code   RO         8227    i.netconn_close_shutdown  api_lib.o
    0x0800d864   0x0800d864   0x000000cc   Code   RO         8228    i.netconn_connect   api_lib.o
    0x0800d930   0x0800d930   0x00000024   Code   RO         8229    i.netconn_delete    api_lib.o
    0x0800d954   0x0800d954   0x00000140   Code   RO         8380    i.netconn_drain     api_msg.o
    0x0800da94   0x0800da94   0x00000170   Code   RO         8381    i.netconn_free      api_msg.o
    0x0800dc04   0x0800dc04   0x00000124   Code   RO         8231    i.netconn_getaddr   api_lib.o
    0x0800dd28   0x0800dd28   0x00000118   Code   RO         8232    i.netconn_gethostbyname  api_lib.o
    0x0800de40   0x0800de40   0x000000c8   Code   RO         8233    i.netconn_listen_with_backlog  api_lib.o
    0x0800df08   0x0800df08   0x0000017c   Code   RO         8234    i.netconn_new_with_proto_and_callback  api_lib.o
    0x0800e084   0x0800e084   0x00000190   Code   RO         8235    i.netconn_recv      api_lib.o
    0x0800e214   0x0800e214   0x000001d4   Code   RO         8236    i.netconn_recv_data  api_lib.o
    0x0800e3e8   0x0800e3e8   0x000000a4   Code   RO         8237    i.netconn_recv_tcp_pbuf  api_lib.o
    0x0800e48c   0x0800e48c   0x0000002c   Code   RO         8238    i.netconn_recved    api_lib.o
    0x0800e4b8   0x0800e4b8   0x000000c8   Code   RO         8239    i.netconn_send      api_lib.o
    0x0800e580   0x0800e580   0x0000000e   Code   RO         8241    i.netconn_shutdown  api_lib.o
    0x0800e58e   0x0800e58e   0x00000002   PAD
    0x0800e590   0x0800e590   0x00000148   Code   RO         8242    i.netconn_write_partly  api_lib.o
    0x0800e6d8   0x0800e6d8   0x000000e0   Code   RO         7324    i.netif_add         netif.o
    0x0800e7b8   0x0800e7b8   0x00000002   Code   RO         7326    i.netif_init        netif.o
    0x0800e7ba   0x0800e7ba   0x00000020   Code   RO         7328    i.netif_set_addr    netif.o
    0x0800e7da   0x0800e7da   0x00000002   PAD
    0x0800e7dc   0x0800e7dc   0x0000000c   Code   RO         7329    i.netif_set_default  netif.o
    0x0800e7e8   0x0800e7e8   0x0000001a   Code   RO         7330    i.netif_set_down    netif.o
    0x0800e802   0x0800e802   0x00000008   Code   RO         7331    i.netif_set_gw      netif.o
    0x0800e80a   0x0800e80a   0x00000002   PAD
    0x0800e80c   0x0800e80c   0x00000068   Code   RO         7332    i.netif_set_ipaddr  netif.o
    0x0800e874   0x0800e874   0x00000008   Code   RO         7335    i.netif_set_netmask  netif.o
    0x0800e87c   0x0800e87c   0x00000020   Code   RO         7336    i.netif_set_up      netif.o
    0x0800e89c   0x0800e89c   0x00000094   Code   RO         4809    i.nvic_irq_enable   gd32f30x_misc.o
    0x0800e930   0x0800e930   0x00000014   Code   RO         4810    i.nvic_priority_group_set  gd32f30x_misc.o
    0x0800e944   0x0800e944   0x00000018   Code   RO         4811    i.nvic_vector_table_set  gd32f30x_misc.o
    0x0800e95c   0x0800e95c   0x0000001e   Code   RO         1653    i.one_byte_to_eight_bool  app_configure.o
    0x0800e97a   0x0800e97a   0x00000002   PAD
    0x0800e97c   0x0800e97c   0x0000002c   Code   RO          640    i.packed_modbus_rtu_frame  protocol_modbus.o
    0x0800e9a8   0x0800e9a8   0x0000003a   Code   RO          641    i.parse_modbus_rtu_frame  protocol_modbus.o
    0x0800e9e2   0x0800e9e2   0x00000002   PAD
    0x0800e9e4   0x0800e9e4   0x00000364   Code   RO         7414    i.pbuf_alloc        pbuf.o
    0x0800ed48   0x0800ed48   0x00000134   Code   RO         7415    i.pbuf_cat          pbuf.o
    0x0800ee7c   0x0800ee7c   0x00000012   Code   RO         7416    i.pbuf_chain        pbuf.o
    0x0800ee8e   0x0800ee8e   0x00000012   Code   RO         7417    i.pbuf_clen         pbuf.o
    0x0800eea0   0x0800eea0   0x000001f0   Code   RO         7419    i.pbuf_copy         pbuf.o
    0x0800f090   0x0800f090   0x00000120   Code   RO         7420    i.pbuf_copy_partial  pbuf.o
    0x0800f1b0   0x0800f1b0   0x00000134   Code   RO         7422    i.pbuf_free         pbuf.o
    0x0800f2e4   0x0800f2e4   0x00000124   Code   RO         7424    i.pbuf_header       pbuf.o
    0x0800f408   0x0800f408   0x00000198   Code   RO         7427    i.pbuf_realloc      pbuf.o
    0x0800f5a0   0x0800f5a0   0x0000001a   Code   RO         7428    i.pbuf_ref          pbuf.o
    0x0800f5ba   0x0800f5ba   0x00000002   PAD
    0x0800f5bc   0x0800f5bc   0x00000118   Code   RO         8382    i.pcb_new           api_msg.o
    0x0800f6d4   0x0800f6d4   0x00000040   Code   RO         9967    i.perror            mc_w.l(perror.o)
    0x0800f714   0x0800f714   0x00000178   Code   RO         7240    i.plug_holes        mem.o
    0x0800f88c   0x0800f88c   0x00000010   Code   RO         4869    i.pmu_backup_write_enable  gd32f30x_pmu.o
    0x0800f89c   0x0800f89c   0x000000d8   Code   RO         8383    i.poll_tcp          api_msg.o
    0x0800f974   0x0800f974   0x00000034   Code   RO         9480    i.prvAddCurrentTaskToDelayedList  tasks.o
    0x0800f9a8   0x0800f9a8   0x00000054   Code   RO         9775    i.prvCheckForValidListAndQueue  timers.o
    0x0800f9fc   0x0800f9fc   0x00000054   Code   RO         9481    i.prvCheckTasksWaitingTermination  tasks.o
    0x0800fa50   0x0800fa50   0x00000026   Code   RO         9309    i.prvCopyDataFromQueue  queue.o
    0x0800fa76   0x0800fa76   0x0000006e   Code   RO         9310    i.prvCopyDataToQueue  queue.o
    0x0800fae4   0x0800fae4   0x00000018   Code   RO         9482    i.prvIdleTask       tasks.o
    0x0800fafc   0x0800fafc   0x00000038   Code   RO         9776    i.prvInsertTimerInActiveList  timers.o
    0x0800fb34   0x0800fb34   0x000000a8   Code   RO         9777    i.prvProcessReceivedCommands  timers.o
    0x0800fbdc   0x0800fbdc   0x0000009c   Code   RO         9778    i.prvProcessTimerOrBlockTask  timers.o
    0x0800fc78   0x0800fc78   0x00000020   Code   RO         9484    i.prvResetNextTaskUnblockTime  tasks.o
    0x0800fc98   0x0800fc98   0x00000028   Code   RO         9779    i.prvSampleTimeNow  timers.o
    0x0800fcc0   0x0800fcc0   0x00000060   Code   RO         9780    i.prvSwitchTimerLists  timers.o
    0x0800fd20   0x0800fd20   0x00000018   Code   RO         9895    i.prvTaskExitError  port.o
    0x0800fd38   0x0800fd38   0x00000024   Code   RO         9781    i.prvTimerTask      timers.o
    0x0800fd5c   0x0800fd5c   0x00000064   Code   RO         9311    i.prvUnlockQueue    queue.o
    0x0800fdc0   0x0800fdc0   0x00000010   Code   RO          920    i.pulse_gpio_set    module_key.o
    0x0800fdd0   0x0800fdd0   0x000000b4   Code   RO         9860    i.pvPortMalloc      heap_2.o
    0x0800fe84   0x0800fe84   0x00000018   Code   RO         9486    i.pvTaskIncrementMutexHeldCount  tasks.o
    0x0800fe9c   0x0800fe9c   0x00000020   Code   RO         9896    i.pxPortInitialiseStack  port.o
    0x0800febc   0x0800febc   0x0000000a   Code   RO         7524    i.raw_bind          raw.o
    0x0800fec6   0x0800fec6   0x0000000a   Code   RO         7525    i.raw_connect       raw.o
    0x0800fed0   0x0800fed0   0x00000074   Code   RO         7526    i.raw_input         raw.o
    0x0800ff44   0x0800ff44   0x0000002c   Code   RO         7527    i.raw_new           raw.o
    0x0800ff70   0x0800ff70   0x00000006   Code   RO         7528    i.raw_recv          raw.o
    0x0800ff76   0x0800ff76   0x00000002   PAD
    0x0800ff78   0x0800ff78   0x0000002c   Code   RO         7529    i.raw_remove        raw.o
    0x0800ffa4   0x0800ffa4   0x00000006   Code   RO         7530    i.raw_send          raw.o
    0x0800ffaa   0x0800ffaa   0x00000002   PAD
    0x0800ffac   0x0800ffac   0x00000128   Code   RO         7531    i.raw_sendto        raw.o
    0x080100d4   0x080100d4   0x00000010   Code   RO         5009    i.rcu_all_reset_flag_clear  gd32f30x_rcu.o
    0x080100e4   0x080100e4   0x00000010   Code   RO         5012    i.rcu_bkp_reset_disable  gd32f30x_rcu.o
    0x080100f4   0x080100f4   0x00000010   Code   RO         5013    i.rcu_bkp_reset_enable  gd32f30x_rcu.o
    0x08010104   0x08010104   0x00000014   Code   RO         5015    i.rcu_ckout0_config  gd32f30x_rcu.o
    0x08010118   0x08010118   0x00000140   Code   RO         5016    i.rcu_clock_freq_get  gd32f30x_rcu.o
    0x08010258   0x08010258   0x00000020   Code   RO         5019    i.rcu_flag_get      gd32f30x_rcu.o
    0x08010278   0x08010278   0x0000001c   Code   RO         5033    i.rcu_osci_on       gd32f30x_rcu.o
    0x08010294   0x08010294   0x000000f8   Code   RO         5034    i.rcu_osci_stab_wait  gd32f30x_rcu.o
    0x0801038c   0x0801038c   0x0000001c   Code   RO         5036    i.rcu_periph_clock_enable  gd32f30x_rcu.o
    0x080103a8   0x080103a8   0x0000001c   Code   RO         5039    i.rcu_periph_reset_disable  gd32f30x_rcu.o
    0x080103c4   0x080103c4   0x0000001c   Code   RO         5040    i.rcu_periph_reset_enable  gd32f30x_rcu.o
    0x080103e0   0x080103e0   0x00000018   Code   RO         5042    i.rcu_pll2_config   gd32f30x_rcu.o
    0x080103f8   0x080103f8   0x00000014   Code   RO         5047    i.rcu_rtc_clock_config  gd32f30x_rcu.o
    0x0801040c   0x0801040c   0x0000000c   Code   RO         2001    i.readChar          mqttpacket.o
    0x08010418   0x08010418   0x00000012   Code   RO         2002    i.readInt           mqttpacket.o
    0x0801042a   0x0801042a   0x00000034   Code   RO         2003    i.readMQTTLenString  mqttpacket.o
    0x0801045e   0x0801045e   0x00000032   Code   RO         1654    i.read_data_and_analyze  app_configure.o
    0x08010490   0x08010490   0x00000020   Code   RO         1655    i.read_data_and_set_ack  app_configure.o
    0x080104b0   0x080104b0   0x00000098   Code   RO          826    i.read_data_from_flash  module_audio.o
    0x08010548   0x08010548   0x00000078   Code   RO         8384    i.recv_raw          api_msg.o
    0x080105c0   0x080105c0   0x00000164   Code   RO         8385    i.recv_tcp          api_msg.o
    0x08010724   0x08010724   0x00000164   Code   RO         8386    i.recv_udp          api_msg.o
    0x08010888   0x08010888   0x00001f88   Code   RO         1541    i.rs485net_task     app_rs485net.o
    0x08012810   0x08012810   0x00000170   Code   RO         1542    i.rs485net_task_init  app_rs485net.o
    0x08012980   0x08012980   0x00000018   Code   RO         1543    i.rs485net_task_start  app_rs485net.o
    0x08012998   0x08012998   0x0000006c   Code   RO         1092    i.rtc_calendar_init  module_rtc.o
    0x08012a04   0x08012a04   0x00000052   Code   RO         1093    i.rtc_configuration  module_rtc.o
    0x08012a56   0x08012a56   0x00000002   PAD
    0x08012a58   0x08012a58   0x00000010   Code   RO         5290    i.rtc_configuration_mode_enter  gd32f30x_rtc.o
    0x08012a68   0x08012a68   0x00000010   Code   RO         5291    i.rtc_configuration_mode_exit  gd32f30x_rtc.o
    0x08012a78   0x08012a78   0x00000014   Code   RO         5292    i.rtc_counter_get   gd32f30x_rtc.o
    0x08012a8c   0x08012a8c   0x00000020   Code   RO         5293    i.rtc_counter_set   gd32f30x_rtc.o
    0x08012aac   0x08012aac   0x00000010   Code   RO         5298    i.rtc_interrupt_enable  gd32f30x_rtc.o
    0x08012abc   0x08012abc   0x00000010   Code   RO         5299    i.rtc_lwoff_wait    gd32f30x_rtc.o
    0x08012acc   0x08012acc   0x00000024   Code   RO         5300    i.rtc_prescaler_set  gd32f30x_rtc.o
    0x08012af0   0x08012af0   0x00000018   Code   RO         5301    i.rtc_register_sync_wait  gd32f30x_rtc.o
    0x08012b08   0x08012b08   0x000000d8   Code   RO         8387    i.sent_tcp          api_msg.o
    0x08012be0   0x08012be0   0x0000002c   Code   RO         1545    i.set_alarm_data    app_rs485net.o
    0x08012c0c   0x08012c0c   0x0000006c   Code   RO         1546    i.set_camera_status  app_rs485net.o
    0x08012c78   0x08012c78   0x0000000c   Code   RO          827    i.set_num           module_audio.o
    0x08012c84   0x08012c84   0x00000044   Code   RO         8388    i.setup_tcp         api_msg.o
    0x08012cc8   0x08012cc8   0x0000000a   Code   RO         5693    i.spi_enable        gd32f30x_spi.o
    0x08012cd2   0x08012cd2   0x00000002   PAD
    0x08012cd4   0x08012cd4   0x00000054   Code   RO          965    i.spi_flash_buffer_read  module_gd25qxx.o
    0x08012d28   0x08012d28   0x000000bc   Code   RO          966    i.spi_flash_buffer_write  module_gd25qxx.o
    0x08012de4   0x08012de4   0x00000084   Code   RO          968    i.spi_flash_init    module_gd25qxx.o
    0x08012e68   0x08012e68   0x00000058   Code   RO          969    i.spi_flash_page_write  module_gd25qxx.o
    0x08012ec0   0x08012ec0   0x00000044   Code   RO          972    i.spi_flash_sector_erase  module_gd25qxx.o
    0x08012f04   0x08012f04   0x00000034   Code   RO          973    i.spi_flash_send_byte  module_gd25qxx.o
    0x08012f38   0x08012f38   0x0000002c   Code   RO          976    i.spi_flash_wait_for_write_end  module_gd25qxx.o
    0x08012f64   0x08012f64   0x00000024   Code   RO          977    i.spi_flash_write_enable  module_gd25qxx.o
    0x08012f88   0x08012f88   0x00000048   Code   RO          828    i.spi_i2s_config    module_audio.o
    0x08012fd0   0x08012fd0   0x00000006   Code   RO         5695    i.spi_i2s_data_receive  gd32f30x_spi.o
    0x08012fd6   0x08012fd6   0x00000004   Code   RO         5696    i.spi_i2s_data_transmit  gd32f30x_spi.o
    0x08012fda   0x08012fda   0x00000002   PAD
    0x08012fdc   0x08012fdc   0x0000003c   Code   RO         5697    i.spi_i2s_deinit    gd32f30x_spi.o
    0x08013018   0x08013018   0x0000000a   Code   RO         5698    i.spi_i2s_flag_get  gd32f30x_spi.o
    0x08013022   0x08013022   0x00000002   PAD
    0x08013024   0x08013024   0x00000070   Code   RO          829    i.spi_i2s_gpio_config  module_audio.o
    0x08013094   0x08013094   0x00000024   Code   RO         5700    i.spi_i2s_interrupt_disable  gd32f30x_spi.o
    0x080130b8   0x080130b8   0x00000024   Code   RO         5701    i.spi_i2s_interrupt_enable  gd32f30x_spi.o
    0x080130dc   0x080130dc   0x00000054   Code   RO         5702    i.spi_i2s_interrupt_flag_get  gd32f30x_spi.o
    0x08013130   0x08013130   0x0000002e   Code   RO         5703    i.spi_init          gd32f30x_spi.o
    0x0801315e   0x0801315e   0x00000002   PAD
    0x08013160   0x08013160   0x00000010   Code   RO          830    i.spk_mute_set      module_audio.o
    0x08013170   0x08013170   0x00000094   Code   RO          719    i.st7920_init       module_display.o
    0x08013204   0x08013204   0x00000050   Code   RO         9056    i.sys_arch_mbox_fetch  sys_arch.o
    0x08013254   0x08013254   0x0000001e   Code   RO         9057    i.sys_arch_mbox_tryfetch  sys_arch.o
    0x08013272   0x08013272   0x0000000a   Code   RO         9058    i.sys_arch_protect  sys_arch.o
    0x0801327c   0x0801327c   0x00000042   Code   RO         9059    i.sys_arch_sem_wait  sys_arch.o
    0x080132be   0x080132be   0x00000004   Code   RO         9060    i.sys_arch_unprotect  sys_arch.o
    0x080132c2   0x080132c2   0x00000002   PAD
    0x080132c4   0x080132c4   0x0000000c   Code   RO         9062    i.sys_init          sys_arch.o
    0x080132d0   0x080132d0   0x00000014   Code   RO         9063    i.sys_mbox_free     sys_arch.o
    0x080132e4   0x080132e4   0x0000001c   Code   RO         9064    i.sys_mbox_new      sys_arch.o
    0x08013300   0x08013300   0x0000001a   Code   RO         9065    i.sys_mbox_post     sys_arch.o
    0x0801331a   0x0801331a   0x00000006   Code   RO         9066    i.sys_mbox_set_invalid  sys_arch.o
    0x08013320   0x08013320   0x0000001c   Code   RO         9067    i.sys_mbox_trypost  sys_arch.o
    0x0801333c   0x0801333c   0x0000000a   Code   RO         9068    i.sys_mbox_valid    sys_arch.o
    0x08013346   0x08013346   0x00000006   Code   RO         9069    i.sys_sem_free      sys_arch.o
    0x0801334c   0x0801334c   0x0000003a   Code   RO         9070    i.sys_sem_new       sys_arch.o
    0x08013386   0x08013386   0x00000006   Code   RO         9071    i.sys_sem_set_invalid  sys_arch.o
    0x0801338c   0x0801338c   0x0000000c   Code   RO         9072    i.sys_sem_signal    sys_arch.o
    0x08013398   0x08013398   0x0000000a   Code   RO         9073    i.sys_sem_valid     sys_arch.o
    0x080133a2   0x080133a2   0x00000002   PAD
    0x080133a4   0x080133a4   0x0000003c   Code   RO         9074    i.sys_thread_new    sys_arch.o
    0x080133e0   0x080133e0   0x00000110   Code   RO         7149    i.sys_timeout       lwip_timers.o
    0x080134f0   0x080134f0   0x00000048   Code   RO         7150    i.sys_timeouts_init  lwip_timers.o
    0x08013538   0x08013538   0x00000060   Code   RO         7151    i.sys_timeouts_mbox_fetch  lwip_timers.o
    0x08013598   0x08013598   0x00000048   Code   RO         7152    i.sys_untimeout     lwip_timers.o
    0x080135e0   0x080135e0   0x000000d0   Code   RO         2336    i.system_clock_120m_hxtal  system_gd32f30x.o
    0x080136b0   0x080136b0   0x00000134   Code   RO         7598    i.tcp_abandon       tcp.o
    0x080137e4   0x080137e4   0x00000006   Code   RO         7599    i.tcp_abort         tcp.o
    0x080137ea   0x080137ea   0x00000004   Code   RO         7600    i.tcp_accept        tcp.o
    0x080137ee   0x080137ee   0x00000006   Code   RO         7601    i.tcp_accept_null   tcp.o
    0x080137f4   0x080137f4   0x000000f8   Code   RO         7602    i.tcp_alloc         tcp.o
    0x080138ec   0x080138ec   0x00000004   Code   RO         7603    i.tcp_arg           tcp.o
    0x080138f0   0x080138f0   0x00000118   Code   RO         7604    i.tcp_bind          tcp.o
    0x08013a08   0x08013a08   0x00000030   Code   RO          319    i.tcp_client_init   tcp_client.o
    0x08013a38   0x08013a38   0x00000148   Code   RO          320    i.tcp_client_task   tcp_client.o
    0x08013b80   0x08013b80   0x00000014   Code   RO         7605    i.tcp_close         tcp.o
    0x08013b94   0x08013b94   0x000001b0   Code   RO         7606    i.tcp_close_shutdown  tcp.o
    0x08013d44   0x08013d44   0x00000190   Code   RO         7607    i.tcp_connect       tcp.o
    0x08013ed4   0x08013ed4   0x0000009c   Code   RO         7865    i.tcp_create_segment  tcp_out.o
    0x08013f70   0x08013f70   0x00000020   Code   RO         7609    i.tcp_eff_send_mss  tcp.o
    0x08013f90   0x08013f90   0x0000022c   Code   RO         7866    i.tcp_enqueue_flags  tcp_out.o
    0x080141bc   0x080141bc   0x000000a4   Code   RO         7610    i.tcp_err           tcp.o
    0x08014260   0x08014260   0x00000060   Code   RO         7611    i.tcp_fasttmr       tcp.o
    0x080142c0   0x080142c0   0x00000002   Code   RO         7612    i.tcp_init          tcp.o
    0x080142c2   0x080142c2   0x00000002   PAD
    0x080142c4   0x080142c4   0x00000524   Code   RO         7814    i.tcp_input         tcp_in.o
    0x080147e8   0x080147e8   0x0000003c   Code   RO         7867    i.tcp_keepalive     tcp_out.o
    0x08014824   0x08014824   0x000000e4   Code   RO         7815    i.tcp_listen_input  tcp_in.o
    0x08014908   0x08014908   0x00000118   Code   RO         7613    i.tcp_listen_with_backlog  tcp.o
    0x08014a20   0x08014a20   0x00000006   Code   RO         7614    i.tcp_new           tcp.o
    0x08014a26   0x08014a26   0x00000002   PAD
    0x08014a28   0x08014a28   0x0000005c   Code   RO         7615    i.tcp_new_port      tcp.o
    0x08014a84   0x08014a84   0x00000010   Code   RO         7616    i.tcp_next_iss      tcp.o
    0x08014a94   0x08014a94   0x00000254   Code   RO         7868    i.tcp_output        tcp_out.o
    0x08014ce8   0x08014ce8   0x00000110   Code   RO         7869    i.tcp_output_alloc_header  tcp_out.o
    0x08014df8   0x08014df8   0x000000b0   Code   RO         7870    i.tcp_output_segment  tcp_out.o
    0x08014ea8   0x08014ea8   0x00000080   Code   RO         7816    i.tcp_parseopt      tcp_in.o
    0x08014f28   0x08014f28   0x000000dc   Code   RO         7871    i.tcp_pbuf_prealloc  tcp_out.o
    0x08015004   0x08015004   0x0000003a   Code   RO         7617    i.tcp_pcb_purge     tcp.o
    0x0801503e   0x0801503e   0x00000002   PAD
    0x08015040   0x08015040   0x00000110   Code   RO         7618    i.tcp_pcb_remove    tcp.o
    0x08015150   0x08015150   0x000000a4   Code   RO         7619    i.tcp_poll          tcp.o
    0x080151f4   0x080151f4   0x00000420   Code   RO         7817    i.tcp_process       tcp_in.o
    0x08015614   0x08015614   0x00000066   Code   RO         7620    i.tcp_process_refused_data  tcp.o
    0x0801567a   0x0801567a   0x00000002   PAD
    0x0801567c   0x0801567c   0x000006a8   Code   RO         7818    i.tcp_receive       tcp_in.o
    0x08015d24   0x08015d24   0x000000a4   Code   RO         7621    i.tcp_recv          tcp.o
    0x08015dc8   0x08015dc8   0x00000024   Code   RO         7622    i.tcp_recv_null     tcp.o
    0x08015dec   0x08015dec   0x00000110   Code   RO         7623    i.tcp_recved        tcp.o
    0x08015efc   0x08015efc   0x00000052   Code   RO         7872    i.tcp_rexmit        tcp_out.o
    0x08015f4e   0x08015f4e   0x00000058   Code   RO         7873    i.tcp_rexmit_fast   tcp_out.o
    0x08015fa6   0x08015fa6   0x0000002e   Code   RO         7874    i.tcp_rexmit_rto    tcp_out.o
    0x08015fd4   0x08015fd4   0x0000011c   Code   RO         7875    i.tcp_rst           tcp_out.o
    0x080160f0   0x080160f0   0x0000001c   Code   RO         7624    i.tcp_seg_free      tcp.o
    0x0801610c   0x0801610c   0x00000012   Code   RO         7625    i.tcp_segs_free     tcp.o
    0x0801611e   0x0801611e   0x00000048   Code   RO         7876    i.tcp_send_empty_ack  tcp_out.o
    0x08016166   0x08016166   0x00000044   Code   RO         7877    i.tcp_send_fin      tcp_out.o
    0x080161aa   0x080161aa   0x00000002   PAD
    0x080161ac   0x080161ac   0x000000a4   Code   RO         7626    i.tcp_sent          tcp.o
    0x08016250   0x08016250   0x00000030   Code   RO         2292    i.tcp_server_init   tcp_server.o
    0x08016280   0x08016280   0x000003c8   Code   RO         2293    i.tcp_server_task   tcp_server.o
    0x08016648   0x08016648   0x0000004e   Code   RO         7628    i.tcp_shutdown      tcp.o
    0x08016696   0x08016696   0x00000002   PAD
    0x08016698   0x08016698   0x000004bc   Code   RO         7629    i.tcp_slowtmr       tcp.o
    0x08016b54   0x08016b54   0x00000034   Code   RO         7153    i.tcp_timer_needed  lwip_timers.o
    0x08016b88   0x08016b88   0x0000006c   Code   RO         7819    i.tcp_timewait_input  tcp_in.o
    0x08016bf4   0x08016bf4   0x00000020   Code   RO         7630    i.tcp_tmr           tcp.o
    0x08016c14   0x08016c14   0x000000c4   Code   RO         7631    i.tcp_update_rcv_ann_wnd  tcp.o
    0x08016cd8   0x08016cd8   0x00000610   Code   RO         7878    i.tcp_write         tcp_out.o
    0x080172e8   0x080172e8   0x00000144   Code   RO         7879    i.tcp_write_checks  tcp_out.o
    0x0801742c   0x0801742c   0x0000008a   Code   RO         7880    i.tcp_zero_window_probe  tcp_out.o
    0x080174b6   0x080174b6   0x00000002   PAD
    0x080174b8   0x080174b8   0x00000040   Code   RO         8827    i.tcpip_apimsg      tcpip.o
    0x080174f8   0x080174f8   0x0000005c   Code   RO         8828    i.tcpip_callback_with_block  tcpip.o
    0x08017554   0x08017554   0x000000d0   Code   RO         8831    i.tcpip_init        tcpip.o
    0x08017624   0x08017624   0x0000004c   Code   RO         8832    i.tcpip_input       tcpip.o
    0x08017670   0x08017670   0x00000038   Code   RO         7154    i.tcpip_tcp_timer   lwip_timers.o
    0x080176a8   0x080176a8   0x00000108   Code   RO         8833    i.tcpip_thread      tcpip.o
    0x080177b0   0x080177b0   0x00000016   Code   RO         1095    i.time_adjust       module_rtc.o
    0x080177c6   0x080177c6   0x00000002   PAD
    0x080177c8   0x080177c8   0x00000088   Code   RO         1096    i.time_caculate     module_rtc.o
    0x08017850   0x08017850   0x000000a0   Code   RO         1097    i.time_display      module_rtc.o
    0x080178f0   0x080178f0   0x0000002c   Code   RO         1099    i.time_regulate     module_rtc.o
    0x0801791c   0x0801791c   0x00000020   Code   RO         1100    i.time_show         module_rtc.o
    0x0801793c   0x0801793c   0x00000020   Code   RO         2228    i.transport_close   transport.o
    0x0801795c   0x0801795c   0x00000014   Code   RO         2229    i.transport_getdata  transport.o
    0x08017970   0x08017970   0x00000080   Code   RO         2230    i.transport_open    transport.o
    0x080179f0   0x080179f0   0x00000006   Code   RO         2231    i.transport_sendPacketBuffer  transport.o
    0x080179f6   0x080179f6   0x00000002   PAD
    0x080179f8   0x080179f8   0x00000124   Code   RO         7963    i.udp_bind          udp.o
    0x08017b1c   0x08017b1c   0x0000004c   Code   RO         7964    i.udp_connect       udp.o
    0x08017b68   0x08017b68   0x00000002   Code   RO         7966    i.udp_init          udp.o
    0x08017b6a   0x08017b6a   0x00000002   PAD
    0x08017b6c   0x08017b6c   0x00000220   Code   RO         7967    i.udp_input         udp.o
    0x08017d8c   0x08017d8c   0x0000001a   Code   RO         7968    i.udp_new           udp.o
    0x08017da6   0x08017da6   0x00000006   Code   RO         7969    i.udp_recv          udp.o
    0x08017dac   0x08017dac   0x0000002c   Code   RO         7970    i.udp_remove        udp.o
    0x08017dd8   0x08017dd8   0x00000008   Code   RO         7971    i.udp_send          udp.o
    0x08017de0   0x08017de0   0x00000028   Code   RO         7972    i.udp_sendto        udp.o
    0x08017e08   0x08017e08   0x00000158   Code   RO         7973    i.udp_sendto_if     udp.o
    0x08017f60   0x08017f60   0x00000058   Code   RO         6386    i.usart_baudrate_set  gd32f30x_usart.o
    0x08017fb8   0x08017fb8   0x00000008   Code   RO         6389    i.usart_data_receive  gd32f30x_usart.o
    0x08017fc0   0x08017fc0   0x00000008   Code   RO         6390    i.usart_data_transmit  gd32f30x_usart.o
    0x08017fc8   0x08017fc8   0x00000058   Code   RO         6391    i.usart_deinit      gd32f30x_usart.o
    0x08018020   0x08018020   0x0000000a   Code   RO         6395    i.usart_enable      gd32f30x_usart.o
    0x0801802a   0x0801802a   0x00000016   Code   RO         6397    i.usart_flag_get    gd32f30x_usart.o
    0x08018040   0x08018040   0x00000138   Code   RO          574    i.usart_init        protocol_usart.o
    0x08018178   0x08018178   0x00000014   Code   RO         6403    i.usart_interrupt_disable  gd32f30x_usart.o
    0x0801818c   0x0801818c   0x00000014   Code   RO         6404    i.usart_interrupt_enable  gd32f30x_usart.o
    0x080181a0   0x080181a0   0x0000002e   Code   RO         6406    i.usart_interrupt_flag_get  gd32f30x_usart.o
    0x080181ce   0x080181ce   0x00000014   Code   RO         6419    i.usart_receive_config  gd32f30x_usart.o
    0x080181e2   0x080181e2   0x00000002   PAD
    0x080181e4   0x080181e4   0x000000b4   Code   RO          575    i.usart_recv        protocol_usart.o
    0x08018298   0x08018298   0x0000005c   Code   RO          576    i.usart_recv_clear  protocol_usart.o
    0x080182f4   0x080182f4   0x00000090   Code   RO          577    i.usart_recv_pre    protocol_usart.o
    0x08018384   0x08018384   0x000000bc   Code   RO          578    i.usart_send        protocol_usart.o
    0x08018440   0x08018440   0x00000014   Code   RO         6433    i.usart_transmit_config  gd32f30x_usart.o
    0x08018454   0x08018454   0x00000024   Code   RO         9273    i.uxListRemove      list.o
    0x08018478   0x08018478   0x0000001a   Code   RO         9314    i.uxQueueMessagesWaiting  queue.o
    0x08018492   0x08018492   0x00000016   Code   RO         9274    i.vListInitialise   list.o
    0x080184a8   0x080184a8   0x00000006   Code   RO         9275    i.vListInitialiseItem  list.o
    0x080184ae   0x080184ae   0x00000030   Code   RO         9276    i.vListInsert       list.o
    0x080184de   0x080184de   0x00000018   Code   RO         9277    i.vListInsertEnd    list.o
    0x080184f6   0x080184f6   0x00000002   PAD
    0x080184f8   0x080184f8   0x00000038   Code   RO         9898    i.vPortEnterCritical  port.o
    0x08018530   0x08018530   0x00000024   Code   RO         9899    i.vPortExitCritical  port.o
    0x08018554   0x08018554   0x0000003c   Code   RO         9861    i.vPortFree         heap_2.o
    0x08018590   0x08018590   0x00000020   Code   RO         9900    i.vPortSetupTimerInterrupt  port.o
    0x080185b0   0x080185b0   0x00000040   Code   RO         9901    i.vPortValidateInterruptPriority  port.o
    0x080185f0   0x080185f0   0x00000018   Code   RO         9902    i.vPortYield        port.o
    0x08018608   0x08018608   0x00000028   Code   RO         9317    i.vQueueAddToRegistry  queue.o
    0x08018630   0x08018630   0x0000001a   Code   RO         9318    i.vQueueDelete      queue.o
    0x0801864a   0x0801864a   0x00000002   PAD
    0x0801864c   0x0801864c   0x00000024   Code   RO         9320    i.vQueueUnregisterQueue  queue.o
    0x08018670   0x08018670   0x0000003c   Code   RO         9321    i.vQueueWaitForMessageRestricted  queue.o
    0x080186ac   0x080186ac   0x00000050   Code   RO         9494    i.vTaskDelay        tasks.o
    0x080186fc   0x080186fc   0x0000008c   Code   RO         9496    i.vTaskDelete       tasks.o
    0x08018788   0x08018788   0x0000000c   Code   RO         9498    i.vTaskMissedYield  tasks.o
    0x08018794   0x08018794   0x00000058   Code   RO         9500    i.vTaskPlaceOnEventList  tasks.o
    0x080187ec   0x080187ec   0x0000005c   Code   RO         9501    i.vTaskPlaceOnEventListRestricted  tasks.o
    0x08018848   0x08018848   0x00000084   Code   RO         9503    i.vTaskPriorityInherit  tasks.o
    0x080188cc   0x080188cc   0x0000001c   Code   RO         9507    i.vTaskSetTimeOutState  tasks.o
    0x080188e8   0x080188e8   0x0000005c   Code   RO         9508    i.vTaskStartScheduler  tasks.o
    0x08018944   0x08018944   0x00000010   Code   RO         9510    i.vTaskSuspendAll   tasks.o
    0x08018954   0x08018954   0x00000054   Code   RO         9511    i.vTaskSwitchContext  tasks.o
    0x080189a8   0x080189a8   0x00000080   Code   RO         1407    i.version_ack       app_ota.o
    0x08018a28   0x08018a28   0x00000088   Code   RO          720    i.wait_busy         module_display.o
    0x08018ab0   0x08018ab0   0x00000028   Code   RO         2004    i.writeCString      mqttpacket.o
    0x08018ad8   0x08018ad8   0x0000000c   Code   RO         2005    i.writeChar         mqttpacket.o
    0x08018ae4   0x08018ae4   0x0000001e   Code   RO         2006    i.writeInt          mqttpacket.o
    0x08018b02   0x08018b02   0x00000036   Code   RO         2007    i.writeMQTTString   mqttpacket.o
    0x08018b38   0x08018b38   0x00000058   Code   RO         1658    i.write_data_to_flash  app_configure.o
    0x08018b90   0x08018b90   0x00000074   Code   RO         9903    i.xPortStartScheduler  port.o
    0x08018c04   0x08018c04   0x00000050   Code   RO         9324    i.xQueueGenericCreate  queue.o
    0x08018c54   0x08018c54   0x0000012e   Code   RO         9325    i.xQueueGenericReceive  queue.o
    0x08018d82   0x08018d82   0x0000006a   Code   RO         9326    i.xQueueGenericReset  queue.o
    0x08018dec   0x08018dec   0x00000114   Code   RO         9327    i.xQueueGenericSend  queue.o
    0x08018f00   0x08018f00   0x0000008c   Code   RO         9328    i.xQueueGenericSendFromISR  queue.o
    0x08018f8c   0x08018f8c   0x00000076   Code   RO         9329    i.xQueueGiveFromISR  queue.o
    0x08019002   0x08019002   0x00000002   PAD
    0x08019004   0x08019004   0x00000058   Code   RO         9512    i.xTaskCheckForTimeOut  tasks.o
    0x0801905c   0x0801905c   0x0000018c   Code   RO         9513    i.xTaskGenericCreate  tasks.o
    0x080191e8   0x080191e8   0x000000a8   Code   RO         9514    i.xTaskGenericNotify  tasks.o
    0x08019290   0x08019290   0x0000001c   Code   RO         9517    i.xTaskGetSchedulerState  tasks.o
    0x080192ac   0x080192ac   0x0000000c   Code   RO         9518    i.xTaskGetTickCount  tasks.o
    0x080192b8   0x080192b8   0x000000c0   Code   RO         9520    i.xTaskIncrementTick  tasks.o
    0x08019378   0x08019378   0x000000a8   Code   RO         9522    i.xTaskNotifyWait   tasks.o
    0x08019420   0x08019420   0x00000084   Code   RO         9523    i.xTaskPriorityDisinherit  tasks.o
    0x080194a4   0x080194a4   0x0000006c   Code   RO         9524    i.xTaskRemoveFromEventList  tasks.o
    0x08019510   0x08019510   0x000000ac   Code   RO         9526    i.xTaskResumeAll    tasks.o
    0x080195bc   0x080195bc   0x00000044   Code   RO         9785    i.xTimerCreateTimerTask  timers.o
    0x08019600   0x08019600   0x00000058   Code   RO         9786    i.xTimerGenericCommand  timers.o
    0x08019658   0x08019658   0x0000003a   Data   RO          721    .constdata          module_display.o
    0x08019692   0x08019692   0x00000002   PAD
    0x08019694   0x08019694   0x000000c0   Data   RO         1101    .constdata          module_rtc.o
    0x08019754   0x08019754   0x00000058   Data   RO         1468    .constdata          app_mqtt.o
    0x080197ac   0x080197ac   0x00000100   Data   RO         1661    .constdata          app_configure.o
    0x080198ac   0x080198ac   0x00000034   Data   RO         7284    .constdata          memp.o
    0x080198e0   0x080198e0   0x00000054   Data   RO         7632    .constdata          tcp.o
    0x08019934   0x08019934   0x00000004   Data   RO         8171    .constdata          ip_addr.o
    0x08019938   0x08019938   0x00000004   Data   RO         8172    .constdata          ip_addr.o
    0x0801993c   0x0801993c   0x00000040   Data   RO         8678    .constdata          sockets.o
    0x0801997c   0x0801997c   0x0000000c   Data   RO         8932    .constdata          etharp.o
    0x08019988   0x08019988   0x00000081   Data   RO        10325    .constdata          mc_w.l(ctype_o.o)
    0x08019a09   0x08019a09   0x00000003   PAD
    0x08019a0c   0x08019a0c   0x00000004   Data   RO        10326    .constdata          mc_w.l(ctype_o.o)
    0x08019a10   0x08019a10   0x0000000a   Data   RO          782    .conststring        module_led.o
    0x08019a1a   0x08019a1a   0x00000002   PAD
    0x08019a1c   0x08019a1c   0x00000006   Data   RO          832    .conststring        module_audio.o
    0x08019a22   0x08019a22   0x00000002   PAD
    0x08019a24   0x08019a24   0x0000008c   Data   RO         6890    .conststring        dhcp.o
    0x08019ab0   0x08019ab0   0x00000075   Data   RO         7633    .conststring        tcp.o
    0x08019b25   0x08019b25   0x00000003   PAD
    0x08019b28   0x08019b28   0x00000055   Data   RO         7881    .conststring        tcp_out.o
    0x08019b7d   0x08019b7d   0x00000003   PAD
    0x08019b80   0x08019b80   0x00000044   Data   RO         8933    .conststring        etharp.o
    0x08019bc4   0x08019bc4   0x00000044   Data   RO         9018    .conststring        ethernetif.o
    0x08019c08   0x08019c08   0x00000020   Data   RO        10361    Region$$Table       anon$$obj.o


    Execution Region RW_IRAM1 (Exec base: 0x20000000, Load base: 0x08019c28, Size: 0x00012f20, Max: 0x00018000, ABSOLUTE, COMPRESSED[0x000000c4])

    Exec Addr    Load Addr    Size         Type   Attr      Idx    E Section Name        Object

    0x20000000   COMPRESSED   0x00000014   Data   RW          323    .data               tcp_client.o
    0x20000014   COMPRESSED   0x00000004   Data   RW          429    .data               gd32f30x_enet_eval.o
    0x20000018   COMPRESSED   0x00000008   Data   RW          471    .data               gd32f30x_it.o
    0x20000020   COMPRESSED   0x00000008   Data   RW          581    .data               protocol_usart.o
    0x20000028   COMPRESSED   0x00000008   Data   RW          643    .data               protocol_modbus.o
    0x20000030   COMPRESSED   0x00000008   Data   RW          783    .data               module_led.o
    0x20000038   COMPRESSED   0x0000002c   Data   RW          833    .data               module_audio.o
    0x20000064   COMPRESSED   0x00000004   Data   RW          834    .data               module_audio.o
    0x20000068   COMPRESSED   0x00000004   Data   RW          835    .data               module_audio.o
    0x2000006c   COMPRESSED   0x00000004   Data   RW          921    .data               module_key.o
    0x20000070   COMPRESSED   0x00000008   Data   RW         1102    .data               module_rtc.o
    0x20000078   COMPRESSED   0x00000001   Data   RW         1340    .data               app_netconf.o
    0x20000079   COMPRESSED   0x00000003   PAD
    0x2000007c   COMPRESSED   0x00000010   Data   RW         1408    .data               app_ota.o
    0x2000008c   COMPRESSED   0x00000008   Data   RW         1469    .data               app_mqtt.o
    0x20000094   COMPRESSED   0x00000074   Data   RW         1552    .data               app_rs485net.o
    0x20000108   COMPRESSED   0x00000004   Data   RW         1665    .data               app_configure.o
    0x2000010c   COMPRESSED   0x00000004   Data   RW         2008    .data               mqttpacket.o
    0x20000110   COMPRESSED   0x00000004   Data   RW         2232    .data               transport.o
    0x20000114   COMPRESSED   0x00000004   Data   RW         2337    .data               system_gd32f30x.o
    0x20000118   COMPRESSED   0x00000014   Data   RW         3462    .data               gd32f30x_enet.o
    0x2000012c   COMPRESSED   0x000000be   Data   RW         6770    .data               gd32f307c_eval.o
    0x200001ea   COMPRESSED   0x00000002   PAD
    0x200001ec   COMPRESSED   0x00000004   Data   RW         6891    .data               dhcp.o
    0x200001f0   COMPRESSED   0x00000014   Data   RW         7055    .data               dns.o
    0x20000204   COMPRESSED   0x00000008   Data   RW         7155    .data               lwip_timers.o
    0x2000020c   COMPRESSED   0x00000010   Data   RW         7242    .data               mem.o
    0x2000021c   COMPRESSED   0x0000000c   Data   RW         7337    .data               netif.o
    0x20000228   COMPRESSED   0x00000004   Data   RW         7532    .data               raw.o
    0x2000022c   COMPRESSED   0x00000024   Data   RW         7634    .data               tcp.o
    0x20000250   COMPRESSED   0x0000001c   Data   RW         7821    .data               tcp_in.o
    0x2000026c   COMPRESSED   0x00000008   Data   RW         7974    .data               udp.o
    0x20000274   COMPRESSED   0x00000014   Data   RW         8132    .data               ip.o
    0x20000288   COMPRESSED   0x00000014   Data   RW         8604    .data               netdb.o
    0x2000029c   COMPRESSED   0x00000008   Data   RW         8679    .data               sockets.o
    0x200002a4   COMPRESSED   0x0000000c   Data   RW         8837    .data               tcpip.o
    0x200002b0   COMPRESSED   0x00000001   Data   RW         8934    .data               etharp.o
    0x200002b1   COMPRESSED   0x00000003   PAD
    0x200002b4   COMPRESSED   0x0000000c   Data   RW         9019    .data               ethernetif.o
    0x200002c0   COMPRESSED   0x00000002   Data   RW         9075    .data               sys_arch.o
    0x200002c2   COMPRESSED   0x00000002   PAD
    0x200002c4   COMPRESSED   0x00000038   Data   RW         9529    .data               tasks.o
    0x200002fc   COMPRESSED   0x00000010   Data   RW         9789    .data               timers.o
    0x2000030c   COMPRESSED   0x00000018   Data   RW         9865    .data               heap_2.o
    0x20000324   COMPRESSED   0x0000000c   Data   RW         9904    .data               port.o
    0x20000330   COMPRESSED   0x00000004   Data   RW        10280    .data               mc_w.l(stdout.o)
    0x20000334   COMPRESSED   0x00000004   Data   RW        10281    .data               mc_w.l(stderr.o)
    0x20000338   COMPRESSED   0x00000004   Data   RW        10295    .data               mc_w.l(errno.o)
    0x2000033c        -       0x00000340   Zero   RW          321    .bss                tcp_client.o
    0x2000067c        -       0x00000108   Zero   RW          580    .bss                protocol_usart.o
    0x20000784        -       0x00000800   Zero   RW          831    .bss                module_audio.o
    0x20000f84        -       0x00000034   Zero   RW         1339    .bss                app_netconf.o
    0x20000fb8        -       0x00000400   Zero   RW         1467    .bss                app_mqtt.o
    0x200013b8        -       0x00000100   Zero   RW         1551    .bss                app_rs485net.o
    0x200014b8        -       0x000001ec   Zero   RW         1660    .bss                app_configure.o
    0x200016a4        -       0x0000067c   Zero   RW         1767    .bss                app_format.o
    0x20001d20        -       0x00003c64   Zero   RW         3460    .bss                gd32f30x_enet.o
    0x20005984        -       0x00000032   Zero   RW         6889    .bss                dhcp.o
    0x200059b6   COMPRESSED   0x00000002   PAD
    0x200059b8        -       0x00000663   Zero   RW         7054    .bss                dns.o
    0x2000601b        -       0x00001414   Zero   RW         7241    .bss                mem.o
    0x2000742f   COMPRESSED   0x00000001   PAD
    0x20007430        -       0x00003c2f   Zero   RW         7283    .bss                memp.o
    0x2000b05f   COMPRESSED   0x00000001   PAD
    0x2000b060        -       0x00000014   Zero   RW         7820    .bss                tcp_in.o
    0x2000b074        -       0x00000014   Zero   RW         8603    .bss                netdb.o
    0x2000b088        -       0x00000060   Zero   RW         8677    .bss                sockets.o
    0x2000b0e8        -       0x000000c8   Zero   RW         8931    .bss                etharp.o
    0x2000b1b0        -       0x00000040   Zero   RW         9336    .bss                queue.o
    0x2000b1f0        -       0x00000104   Zero   RW         9528    .bss                tasks.o
    0x2000b2f4        -       0x00000028   Zero   RW         9788    .bss                timers.o
    0x2000b31c        -       0x00007800   Zero   RW         9864    .bss                heap_2.o
    0x20012b1c   COMPRESSED   0x00000004   PAD
    0x20012b20        -       0x00000400   Zero   RW         6822    STACK               startup_gd32f30x_cl.o


==============================================================================

Image component sizes


      Code (inc. data)   RO Data    RW Data    ZI Data      Debug   Object Name

      3770       2158          0          0          0      26821   api_lib.o
      6830       2996          0          0          0      25954   api_msg.o
      1712         34        256          4        492      13674   app_configure.o
      2948        836          0          0       1660      38900   app_format.o
       868        282         88          8       1024       7008   app_mqtt.o
       276         46          0          1         52       9191   app_netconf.o
      1006        330          0         16          0       6071   app_ota.o
      8772       1188          0        116        256      14653   app_rs485net.o
        16          0          0          0          0       3168   def.o
      6084       2216        140          4         50      26888   dhcp.o
      1708        416          0         20       1635      11037   dns.o
      3456       1422         80          1        200      16960   etharp.o
       668        128         68         12          0       5912   ethernetif.o
       528         46          0        190          0       5633   gd32f307c_eval.o
        98         12          0          0          0       2490   gd32f30x_bkp.o
         0          0          0          0          0       1472   gd32f30x_dma.o
      1890        218          0         20      15460      22158   gd32f30x_enet.o
       408         34          0          4          0       2368   gd32f30x_enet_eval.o
       136         16          0          0          0       2538   gd32f30x_exti.o
       500         80          0          0          0       8468   gd32f30x_fmc.o
       404         18          0          0          0       7961   gd32f30x_gpio.o
       416         12          0          0          0      10116   gd32f30x_i2c.o
      1062        166          0          8          0       8799   gd32f30x_it.o
       192         22          0          0          0       3316   gd32f30x_misc.o
        16          4          0          0          0        730   gd32f30x_pmu.o
       824         98          0          0          0      12189   gd32f30x_rcu.o
       176         40          0          0          0       6648   gd32f30x_rtc.o
       538         28          0          0          0      11368   gd32f30x_spi.o
       350         18          0          0          0       9312   gd32f30x_usart.o
       240         12          0         24      30720       3799   heap_2.o
       928        490          0          0          0       3641   icmp.o
       172          0          0          0          0       3317   inet_chksum.o
        42          0          0          0          0      10713   init.o
       952        288          0         20          0       8433   ip.o
       442        118          8          0          0       9898   ip_addr.o
       136          0          0          0          0       4118   list.o
       732        250          0          8          0       8883   lwip_timers.o
       304         80          0          0          0     144094   main.o
      1852        934          0         16       5140       6345   mem.o
       508        302         52          0      15407       4310   memp.o
       416         80          0          0          0       2682   module_adc.o
      1264        100          6         52       2048      10523   module_audio.o
       740         46         58          0          0       5715   module_display.o
       692         42          0          0          0       6834   module_gd25qxx.o
       144         22          0          4          0       3481   module_key.o
       216         22         10          8          0       3169   module_led.o
       710         38        192          8          0       7680   module_rtc.o
       546         18          0          0          0       7924   mqttconnectclient.o
       140          0          0          0          0       1714   mqttdeserializepublish.o
       502         22          0          4          0      11614   mqttpacket.o
       164          0          0          0          0       2658   mqttserializepublish.o
       310          0          0          0          0       3843   mqttsubscribeclient.o
       398        248          0          0          0       2987   netbuf.o
        68          8          0         20         20       3663   netdb.o
       448        140          0         12          0       9875   netif.o
      3030       1564          0          0          0      10817   pbuf.o
       582         78          0         12          0      10010   port.o
       324         22          0          0          0       1711   protocol_i2c.o
       152          6          0          8          0       4254   protocol_modbus.o
       916         78          0          8        264       8775   protocol_usart.o
      1458         12          0          0         64      16113   queue.o
       532        156          0          4          0       7431   raw.o
      3860       1218         64          8         96      20841   sockets.o
        36          8        336          0       1024       1052   startup_gd32f30x_cl.o
       472          8          0          2          0      15237   sys_arch.o
       272         38          0          4          0       2275   system_gd32f30x.o
      2444        196          0         56        260      26247   tasks.o
      5192       2170        201         36          0      38315   tcp.o
       476         42          0         20        832      15263   tcp_client.o
      4540       1032          0         28         20      18151   tcp_in.o
      4690       1598         85          0          0      19099   tcp_out.o
      1148        110          0          0          0       6804   tcp_server.o
       704        296          0         12          0      11194   tcpip.o
       792         74          0         16         40       9855   timers.o
       186         10          0          4          0      10738   transport.o
      1382        404          0          8          0      19860   udp.o

    ----------------------------------------------------------------------
     92018      25244       1688        816      76772     887758   Object Totals
         0          0         32          0          0          0   (incl. Generated)
       112          0         12         10          8          0   (incl. Padding)

    ----------------------------------------------------------------------

      Code (inc. data)   RO Data    RW Data    ZI Data      Debug   Library Member Name

        56          8          0          0          0         84   __0sscanf.o
        86          0          0          0          0          0   __dczerorl2.o
        28          0          0          0          0         68   _chval.o
       812          4          0          0          0        112   _scanf.o
       332          0          0          0          0         96   _scanf_int.o
        64          0          0          0          0         84   _sgetc.o
         8          4        133          0          0         68   ctype_o.o
         0          0          0          0          0          0   entry.o
         0          0          0          0          0          0   entry10a.o
         0          0          0          0          0          0   entry11a.o
         8          4          0          0          0          0   entry2.o
         4          0          0          0          0          0   entry5.o
         0          0          0          0          0          0   entry7b.o
         0          0          0          0          0          0   entry8b.o
         8          4          0          0          0          0   entry9a.o
         8          4          0          4          0         68   errno.o
        24          0          0          0          0         80   fputs.o
        30          0          0          0          0          0   handlers.o
        36          8          0          0          0         68   init.o
        18          0          0          0          0         76   isspace_o.o
        30          0          0          0          0         68   llshl.o
        32          0          0          0          0         68   llushr.o
        26          0          0          0          0         80   memcmp.o
        36          0          0          0          0         68   memcpya.o
        36          0          0          0          0        108   memseta.o
        64         14          0          0          0         80   perror.o
      1204         60          0          0          0        504   printf8.o
        40          8          0          0          0         84   scanf_char.o
         0          0          0          4          0          0   stderr.o
         0          0          0          4          0          0   stdout.o
        20          0          0          0          0         68   strchr.o
        28          0          0          0          0         76   strcmp.o
       228        196          0          0          0         68   strerror.o
        14          0          0          0          0         68   strlen.o
        24          0          0          0          0         76   strncpy.o
        32          0          0          0          0         68   strrchr.o
        36          0          0          0          0         80   strstr.o
        98          0          0          0          0         92   uldiv.o

    ----------------------------------------------------------------------
      3478        314        136         12          0       2460   Library Totals
         8          0          3          0          0          0   (incl. Padding)

    ----------------------------------------------------------------------

      Code (inc. data)   RO Data    RW Data    ZI Data      Debug   Library Name

      3470        314        133         12          0       2460   mc_w.l

    ----------------------------------------------------------------------
      3478        314        136         12          0       2460   Library Totals

    ----------------------------------------------------------------------

==============================================================================


      Code (inc. data)   RO Data    RW Data    ZI Data      Debug   

     95496      25558       1824        828      76772     831402   Grand Totals
     95496      25558       1824        196      76772     831402   ELF Image Totals (compressed)
     95496      25558       1824        196          0          0   ROM Totals

==============================================================================

    Total RO  Size (Code + RO Data)                97320 (  95.04kB)
    Total RW  Size (RW Data + ZI Data)             77600 (  75.78kB)
    Total ROM Size (Code + RO Data + RW Data)      97516 (  95.23kB)

==============================================================================

